Archive member included to satisfy reference by file (symbol)

C:/ST/STM32CubeIDE_1.19.0/STM32CubeIDE/plugins/com.st.stm32cube.ide.mcu.externaltools.gnu-tools-for-stm32.13.3.rel1.win32_1.0.0.202411081344/tools/bin/../lib/gcc/arm-none-eabi/13.3.1/../../../../arm-none-eabi/lib/thumb/v7e-m+fp/hard\libc_nano.a(libc_a-exit.o)
                              C:/ST/STM32CubeIDE_1.19.0/STM32CubeIDE/plugins/com.st.stm32cube.ide.mcu.externaltools.gnu-tools-for-stm32.13.3.rel1.win32_1.0.0.202411081344/tools/bin/../lib/gcc/arm-none-eabi/13.3.1/../../../../arm-none-eabi/lib/thumb/v7e-m+fp/hard/crt0.o (exit)
C:/ST/STM32CubeIDE_1.19.0/STM32CubeIDE/plugins/com.st.stm32cube.ide.mcu.externaltools.gnu-tools-for-stm32.13.3.rel1.win32_1.0.0.202411081344/tools/bin/../lib/gcc/arm-none-eabi/13.3.1/../../../../arm-none-eabi/lib/thumb/v7e-m+fp/hard\libc_nano.a(libc_a-findfp.o)
                              ./Middlewares/Third_Party/FreeRTOS/Source/tasks.o (__sf)
C:/ST/STM32CubeIDE_1.19.0/STM32CubeIDE/plugins/com.st.stm32cube.ide.mcu.externaltools.gnu-tools-for-stm32.13.3.rel1.win32_1.0.0.202411081344/tools/bin/../lib/gcc/arm-none-eabi/13.3.1/../../../../arm-none-eabi/lib/thumb/v7e-m+fp/hard\libc_nano.a(libc_a-fwalk.o)
                              C:/ST/STM32CubeIDE_1.19.0/STM32CubeIDE/plugins/com.st.stm32cube.ide.mcu.externaltools.gnu-tools-for-stm32.13.3.rel1.win32_1.0.0.202411081344/tools/bin/../lib/gcc/arm-none-eabi/13.3.1/../../../../arm-none-eabi/lib/thumb/v7e-m+fp/hard\libc_nano.a(libc_a-findfp.o) (_fwalk_sglue)
C:/ST/STM32CubeIDE_1.19.0/STM32CubeIDE/plugins/com.st.stm32cube.ide.mcu.externaltools.gnu-tools-for-stm32.13.3.rel1.win32_1.0.0.202411081344/tools/bin/../lib/gcc/arm-none-eabi/13.3.1/../../../../arm-none-eabi/lib/thumb/v7e-m+fp/hard\libc_nano.a(libc_a-stdio.o)
                              C:/ST/STM32CubeIDE_1.19.0/STM32CubeIDE/plugins/com.st.stm32cube.ide.mcu.externaltools.gnu-tools-for-stm32.13.3.rel1.win32_1.0.0.202411081344/tools/bin/../lib/gcc/arm-none-eabi/13.3.1/../../../../arm-none-eabi/lib/thumb/v7e-m+fp/hard\libc_nano.a(libc_a-findfp.o) (__sread)
C:/ST/STM32CubeIDE_1.19.0/STM32CubeIDE/plugins/com.st.stm32cube.ide.mcu.externaltools.gnu-tools-for-stm32.13.3.rel1.win32_1.0.0.202411081344/tools/bin/../lib/gcc/arm-none-eabi/13.3.1/../../../../arm-none-eabi/lib/thumb/v7e-m+fp/hard\libc_nano.a(libc_a-memset.o)
                              C:/ST/STM32CubeIDE_1.19.0/STM32CubeIDE/plugins/com.st.stm32cube.ide.mcu.externaltools.gnu-tools-for-stm32.13.3.rel1.win32_1.0.0.202411081344/tools/bin/../lib/gcc/arm-none-eabi/13.3.1/../../../../arm-none-eabi/lib/thumb/v7e-m+fp/hard/crt0.o (memset)
C:/ST/STM32CubeIDE_1.19.0/STM32CubeIDE/plugins/com.st.stm32cube.ide.mcu.externaltools.gnu-tools-for-stm32.13.3.rel1.win32_1.0.0.202411081344/tools/bin/../lib/gcc/arm-none-eabi/13.3.1/../../../../arm-none-eabi/lib/thumb/v7e-m+fp/hard\libc_nano.a(libc_a-closer.o)
                              C:/ST/STM32CubeIDE_1.19.0/STM32CubeIDE/plugins/com.st.stm32cube.ide.mcu.externaltools.gnu-tools-for-stm32.13.3.rel1.win32_1.0.0.202411081344/tools/bin/../lib/gcc/arm-none-eabi/13.3.1/../../../../arm-none-eabi/lib/thumb/v7e-m+fp/hard\libc_nano.a(libc_a-stdio.o) (_close_r)
C:/ST/STM32CubeIDE_1.19.0/STM32CubeIDE/plugins/com.st.stm32cube.ide.mcu.externaltools.gnu-tools-for-stm32.13.3.rel1.win32_1.0.0.202411081344/tools/bin/../lib/gcc/arm-none-eabi/13.3.1/../../../../arm-none-eabi/lib/thumb/v7e-m+fp/hard\libc_nano.a(libc_a-reent.o)
                              ./Middlewares/Third_Party/FreeRTOS/Source/tasks.o (_reclaim_reent)
C:/ST/STM32CubeIDE_1.19.0/STM32CubeIDE/plugins/com.st.stm32cube.ide.mcu.externaltools.gnu-tools-for-stm32.13.3.rel1.win32_1.0.0.202411081344/tools/bin/../lib/gcc/arm-none-eabi/13.3.1/../../../../arm-none-eabi/lib/thumb/v7e-m+fp/hard\libc_nano.a(libc_a-impure.o)
                              ./Middlewares/Third_Party/FreeRTOS/Source/tasks.o (_impure_ptr)
C:/ST/STM32CubeIDE_1.19.0/STM32CubeIDE/plugins/com.st.stm32cube.ide.mcu.externaltools.gnu-tools-for-stm32.13.3.rel1.win32_1.0.0.202411081344/tools/bin/../lib/gcc/arm-none-eabi/13.3.1/../../../../arm-none-eabi/lib/thumb/v7e-m+fp/hard\libc_nano.a(libc_a-lseekr.o)
                              C:/ST/STM32CubeIDE_1.19.0/STM32CubeIDE/plugins/com.st.stm32cube.ide.mcu.externaltools.gnu-tools-for-stm32.13.3.rel1.win32_1.0.0.202411081344/tools/bin/../lib/gcc/arm-none-eabi/13.3.1/../../../../arm-none-eabi/lib/thumb/v7e-m+fp/hard\libc_nano.a(libc_a-stdio.o) (_lseek_r)
C:/ST/STM32CubeIDE_1.19.0/STM32CubeIDE/plugins/com.st.stm32cube.ide.mcu.externaltools.gnu-tools-for-stm32.13.3.rel1.win32_1.0.0.202411081344/tools/bin/../lib/gcc/arm-none-eabi/13.3.1/../../../../arm-none-eabi/lib/thumb/v7e-m+fp/hard\libc_nano.a(libc_a-readr.o)
[...]
Memory Configuration

Name             Origin             Length             Attributes
CCMRAM           0x10000000         0x00010000         xrw
RAM              0x20000000         0x00020000         xrw
FLASH            0x08000000         0x00080000         xr
*default*        0x00000000         0xffffffff

Linker script and memory map

LOAD C:/ST/STM32CubeIDE_1.19.0/STM32CubeIDE/plugins/com.st.stm32cube.ide.mcu.externaltools.gnu-tools-for-stm32.13.3.rel1.win32_1.0.0.202411081344/tools/bin/../lib/gcc/arm-none-eabi/13.3.1/thumb/v7e-m+fp/hard/crti.o
LOAD C:/ST/STM32CubeIDE_1.19.0/STM32CubeIDE/plugins/com.st.stm32cube.ide.mcu.externaltools.gnu-tools-for-stm32.13.3.rel1.win32_1.0.0.202411081344/tools/bin/../lib/gcc/arm-none-eabi/13.3.1/thumb/v7e-m+fp/hard/crtbegin.o
LOAD C:/ST/STM32CubeIDE_1.19.0/STM32CubeIDE/plugins/com.st.stm32cube.ide.mcu.externaltools.gnu-tools-for-stm32.13.3.rel1.win32_1.0.0.202411081344/tools/bin/../lib/gcc/arm-none-eabi/13.3.1/../../../../arm-none-eabi/lib/thumb/v7e-m+fp/hard/crt0.o
LOAD ./Core/Src/freertos.o
LOAD ./Core/Src/main.o
LOAD ./Core/Src/motor.o
LOAD ./Core/Src/mpu6050.o
LOAD ./Core/Src/stm32f4xx_hal_msp.o
LOAD ./Core/Src/stm32f4xx_hal_timebase_tim.o
LOAD ./Core/Src/stm32f4xx_it.o
LOAD ./Core/Src/syscalls.o
LOAD ./Core/Src/sysmem.o
LOAD ./Core/Src/system_stm32f4xx.o
LOAD ./Core/Src/usb_packet.o
LOAD ./Core/Startup/startup_stm32f407vetx.o
LOAD ./Drivers/STM32F4xx_HAL_Driver/Src/stm32f4xx_hal.o
LOAD ./Drivers/STM32F4xx_HAL_Driver/Src/stm32f4xx_hal_adc.o
LOAD ./Drivers/STM32F4xx_HAL_Driver/Src/stm32f4xx_hal_adc_ex.o
LOAD ./Drivers/STM32F4xx_HAL_Driver/Src/stm32f4xx_hal_cortex.o
LOAD ./Drivers/STM32F4xx_HAL_Driver/Src/stm32f4xx_hal_dma.o
LOAD ./Drivers/STM32F4xx_HAL_Driver/Src/stm32f4xx_hal_dma_ex.o
LOAD ./Drivers/STM32F4xx_HAL_Driver/Src/stm32f4xx_hal_exti.o
LOAD ./Drivers/STM32F4xx_HAL_Driver/Src/stm32f4xx_hal_flash.o
LOAD ./Drivers/STM32F4xx_HAL_Driver/Src/stm32f4xx_hal_flash_ex.o
LOAD ./Drivers/STM32F4xx_HAL_Driver/Src/stm32f4xx_hal_flash_ramfunc.o
LOAD ./Drivers/STM32F4xx_HAL_Driver/Src/stm32f4xx_hal_gpio.o
LOAD ./Drivers/STM32F4xx_HAL_Driver/Src/stm32f4xx_hal_pcd.o
LOAD ./Drivers/STM32F4xx_HAL_Driver/Src/stm32f4xx_hal_pcd_ex.o
LOAD ./Drivers/STM32F4xx_HAL_Driver/Src/stm32f4xx_hal_pwr.o
LOAD ./Drivers/STM32F4xx_HAL_Driver/Src/stm32f4xx_hal_pwr_ex.o
LOAD ./Drivers/STM32F4xx_HAL_Driver/Src/stm32f4xx_hal_rcc.o
LOAD ./Drivers/STM32F4xx_HAL_Driver/Src/stm32f4xx_hal_rcc_ex.o
LOAD ./Drivers/STM32F4xx_HAL_Driver/Src/stm32f4xx_hal_tim.o
LOAD ./Drivers/STM32F4xx_HAL_Driver/Src/stm32f4xx_hal_tim_ex.o
LOAD ./Drivers/STM32F4xx_HAL_Driver/Src/stm32f4xx_ll_adc.o
LOAD ./Drivers/STM32F4xx_HAL_Driver/Src/stm32f4xx_ll_usb.o
LOAD ./Middlewares/ST/STM32_USB_Device_Library/Class/CDC/Src/usbd_cdc.o
LOAD ./Middlewares/ST/STM32_USB_Device_Library/Core/Src/usbd_core.o
LOAD ./Middlewares/ST/STM32_USB_Device_Library/Core/Src/usbd_ctlreq.o
LOAD ./Middlewares/ST/STM32_USB_Device_Library/Core/Src/usbd_ioreq.o
LOAD ./Middlewares/Third_Party/FreeRTOS/Source/CMSIS_RTOS_V2/cmsis_os2.o
LOAD ./Middlewares/Third_Party/FreeRTOS/Source/croutine.o
LOAD ./Middlewares/Third_Party/FreeRTOS/Source/event_groups.o
LOAD ./Middlewares/Third_Party/FreeRTOS/Source/list.o
LOAD ./Middlewares/Third_Party/FreeRTOS/Source/queue.o
LOAD ./Middlewares/Third_Party/FreeRTOS/Source/stream_buffer.o
LOAD ./Middlewares/Third_Party/FreeRTOS/Source/tasks.o
LOAD ./Middlewares/Third_Party/FreeRTOS/Source/timers.o
LOAD ./Middlewares/Third_Party/FreeRTOS/Source/portable/GCC/ARM_CM4F/port.o
LOAD ./Middlewares/Third_Party/FreeRTOS/Source/portable/MemMang/heap_4.o
LOAD ./USB_DEVICE/App/usb_device.o
LOAD ./USB_DEVICE/App/usbd_cdc_if.o
LOAD ./USB_DEVICE/App/usbd_desc.o
LOAD ./USB_DEVICE/Target/usbd_conf.o
START GROUP
LOAD C:/ST/STM32CubeIDE_1.19.0/STM32CubeIDE/plugins/com.st.stm32cube.ide.mcu.externaltools.gnu-tools-for-stm32.13.3.rel1.win32_1.0.0.202411081344/tools/bin/../lib/gcc/arm-none-eabi/13.3.1/../../../../arm-none-eabi/lib/thumb/v7e-m+fp/hard\libc_nano.a
LOAD C:/ST/STM32CubeIDE_1.19.0/STM32CubeIDE/plugins/com.st.stm32cube.ide.mcu.externaltools.gnu-tools-for-stm32.13.3.rel1.win32_1.0.0.202411081344/tools/bin/../lib/gcc/arm-none-eabi/13.3.1/../../../../arm-none-eabi/lib/thumb/v7e-m+fp/hard\libm.a
END GROUP
START GROUP
LOAD C:/ST/STM32CubeIDE_1.19.0/STM32CubeIDE/plugins/com.st.stm32cube.ide.mcu.externaltools.gnu-tools-for-stm32.13.3.rel1.win32_1.0.0.202411081344/tools/bin/../lib/gcc/arm-none-eabi/13.3.1/thumb/v7e-m+fp/hard\libgcc.a
LOAD C:/ST/STM32CubeIDE_1.19.0/STM32CubeIDE/plugins/com.st.stm32cube.ide.mcu.externaltools.gnu-tools-for-stm32.13.3.rel1.win32_1.0.0.202411081344/tools/bin/../lib/gcc/arm-none-eabi/13.3.1/../../../../arm-none-eabi/lib/thumb/v7e-m+fp/hard\libc_nano.a
END GROUP
START GROUP
LOAD C:/ST/STM32CubeIDE_1.19.0/STM32CubeIDE/plugins/com.st.stm32cube.ide.mcu.externaltools.gnu-tools-for-stm32.13.3.rel1.win32_1.0.0.202411081344/tools/bin/../lib/gcc/arm-none-eabi/13.3.1/thumb/v7e-m+fp/hard\libgcc.a
LOAD C:/ST/STM32CubeIDE_1.19.0/STM32CubeIDE/plugins/com.st.stm32cube.ide.mcu.externaltools.gnu-tools-for-stm32.13.3.rel1.win32_1.0.0.202411081344/tools/bin/../lib/gcc/arm-none-eabi/13.3.1/../../../../arm-none-eabi/lib/thumb/v7e-m+fp/hard\libc_nano.a
LOAD C:/ST/STM32CubeIDE_1.19.0/STM32CubeIDE/plugins/com.st.stm32cube.ide.mcu.externaltools.gnu-tools-for-stm32.13.3.rel1.win32_1.0.0.202411081344/tools/bin/../lib/gcc/arm-none-eabi/13.3.1/../../../../arm-none-eabi/lib/thumb/v7e-m+fp/hard\libnosys.a
END GROUP
START GROUP
LOAD C:/ST/STM32CubeIDE_1.19.0/STM32CubeIDE/plugins/com.st.stm32cube.ide.mcu.externaltools.gnu-tools-for-stm32.13.3.rel1.win32_1.0.0.202411081344/tools/bin/../lib/gcc/arm-none-eabi/13.3.1/thumb/v7e-m+fp/hard\libgcc.a
LOAD C:/ST/STM32CubeIDE_1.19.0/STM32CubeIDE/plugins/com.st.stm32cube.ide.mcu.externaltools.gnu-tools-for-stm32.13.3.rel1.win32_1.0.0.202411081344/tools/bin/../lib/gcc/arm-none-eabi/13.3.1/../../../../arm-none-eabi/lib/thumb/v7e-m+fp/hard\libc_nano.a
LOAD C:/ST/STM32CubeIDE_1.19.0/STM32CubeIDE/plugins/com.st.stm32cube.ide.mcu.externaltools.gnu-tools-for-stm32.13.3.rel1.win32_1.0.0.202411081344/tools/bin/../lib/gcc/arm-none-eabi/13.3.1/../../../../arm-none-eabi/lib/thumb/v7e-m+fp/hard\libnosys.a
END GROUP
LOAD C:/ST/STM32CubeIDE_1.19.0/STM32CubeIDE/plugins/com.st.stm32cube.ide.mcu.externaltools.gnu-tools-for-stm32.13.3.rel1.win32_1.0.0.202411081344/tools/bin/../lib/gcc/arm-none-eabi/13.3.1/thumb/v7e-m+fp/hard/crtend.o
LOAD C:/ST/STM32CubeIDE_1.19.0/STM32CubeIDE/plugins/com.st.stm32cube.ide.mcu.externaltools.gnu-tools-for-stm32.13.3.rel1.win32_1.0.0.202411081344/tools/bin/../lib/gcc/arm-none-eabi/13.3.1/thumb/v7e-m+fp/hard/crtn.o
                0x20020000                        _estack = (ORIGIN (RAM) + LENGTH (RAM))
                0x00000200                        _Min_Heap_Size = 0x200
                0x00000400                        _Min_Stack_Size = 0x400

.isr_vector     0x08000000      0x188
                0x08000000                        . = ALIGN (0x4)
 *(.isr_vector)
 .isr_vector    0x08000000      0x188 ./Core/Startup/startup_stm32f407vetx.o
                0x08000000                g_pfnVectors
                0x08000188                        . = ALIGN (0x4)

.text           0x08000190     0xd0ec
                0x08000190                        . = ALIGN (0x4)
 *(.text)
 .text          0x08000190       0x40 C:/ST/STM32CubeIDE_1.19.0/STM32CubeIDE/plugins/com.st.stm32cube.ide.mcu.externaltools.gnu-tools-for-stm32.13.3.rel1.win32_1.0.0.202411081344/tools/bin/../lib/gcc/arm-none-eabi/13.3.1/thumb/v7e-m+fp/hard/crtbegin.o
 .text          0x080001d0      0x378 C:/ST/STM32CubeIDE_1.19.0/STM32CubeIDE/plugins/com.st.stm32cube.ide.mcu.externaltools.gnu-tools-for-stm32.13.3.rel1.win32_1.0.0.202411081344/tools/bin/../lib/gcc/arm-none-eabi/13.3.1/thumb/v7e-m+fp/hard\libgcc.a(_arm_addsubdf3.o)
                0x080001d0                __aeabi_drsub
                0x080001d8                __aeabi_dsub
                0x080001d8                __subdf3
                0x080001dc                __aeabi_dadd
                0x080001dc                __adddf3
                0x08000454                __floatunsidf
                0x08000454                __aeabi_ui2d
                0x08000474                __floatsidf
                0x08000474                __aeabi_i2d
                0x08000498                __aeabi_f2d
                0x08000498                __extendsfdf2
                0x080004dc                __floatundidf
                0x080004dc                __aeabi_ul2d
                0x080004ec                __floatdidf
                0x080004ec                __aeabi_l2d
 .text          0x08000548      0x424 C:/ST/STM32CubeIDE_1.19.0/STM32CubeIDE/plugins/com.st.stm32cube.ide.mcu.externaltools.gnu-tools-for-stm32.13.3.rel1.win32_1.0.0.202411081344/tools/bin/../lib/gcc/arm-none-eabi/13.3.1/thumb/v7e-m+fp/hard\libgcc.a(_arm_muldivdf3.o)
                0x08000548                __aeabi_dmul
                0x08000548                __muldf3
                0x0800079c                __divdf3
                0x0800079c                __aeabi_ddiv
 .text          0x0800096c      0x110 C:/ST/STM32CubeIDE_1.19.0/STM32CubeIDE/plugins/com.st.stm32cube.ide.mcu.externaltools.gnu-tools-for-stm32.13.3.rel1.win32_1.0.0.202411081344/tools/bin/../lib/gcc/arm-none-eabi/13.3.1/thumb/v7e-m+fp/hard\libgcc.a(_arm_cmpdf2.o)
                0x0800096c                __gtdf2
                0x0800096c                __gedf2
                0x08000974                __ltdf2
                0x08000974                __ledf2
                0x0800097c                __nedf2
                0x0800097c                __eqdf2
                0x0800097c                __cmpdf2
                0x080009f8                __aeabi_cdrcmple
                0x08000a08                __aeabi_cdcmpeq
                0x08000a08                __aeabi_cdcmple
                0x08000a18                __aeabi_dcmpeq
                0x08000a2c                __aeabi_dcmplt
                0x08000a40                __aeabi_dcmple
                0x08000a54                __aeabi_dcmpge
                0x08000a68                __aeabi_dcmpgt
 .text          0x08000a7c       0x50 C:/ST/STM32CubeIDE_1.19.0/STM32CubeIDE/plugins/com.st.stm32cube.ide.mcu.externaltools.gnu-tools-for-stm32.13.3.rel1.win32_1.0.0.202411081344/tools/bin/../lib/gcc/arm-none-eabi/13.3.1/thumb/v7e-m+fp/hard\libgcc.a(_arm_fixdfsi.o)
                0x08000a7c                __aeabi_d2iz
                0x08000a7c                __fixdfsi
 .text          0x08000acc       0x30 C:/ST/STM32CubeIDE_1.19.0/STM32CubeIDE/plugins/com.st.stm32cube.ide.mcu.externaltools.gnu-tools-for-stm32.13.3.rel1.win32_1.0.0.202411081344/tools/bin/../lib/gcc/arm-none-eabi/13.3.1/thumb/v7e-m+fp/hard\libgcc.a(_aeabi_uldivmod.o)
                0x08000acc                __aeabi_uldivmod
 .text          0x08000afc      0x2f8 C:/ST/STM32CubeIDE_1.19.0/STM32CubeIDE/plugins/com.st.stm32cube.ide.mcu.externaltools.gnu-tools-for-stm32.13.3.rel1.win32_1.0.0.202411081344/tools/bin/../lib/gcc/arm-none-eabi/13.3.1/thumb/v7e-m+fp/hard\libgcc.a(_udivmoddi4.o)
                0x08000afc                __udivmoddi4
 .text          0x08000df4        0x4 C:/ST/STM32CubeIDE_1.19.0/STM32CubeIDE/plugins/com.st.stm32cube.ide.mcu.externaltools.gnu-tools-for-stm32.13.3.rel1.win32_1.0.0.202411081344/tools/bin/../lib/gcc/arm-none-eabi/13.3.1/thumb/v7e-m+fp/hard\libgcc.a(_dvmd_tls.o)
                0x08000df4                __aeabi_idiv0
                0x08000df4                __aeabi_ldiv0
 *(.text*)
 .text.main     0x08000df8       0x84 ./Core/Src/main.o
                0x08000df8                main
 .text.SystemClock_Config
                0x08000e7c       0xd0 ./Core/Src/main.o
                0x08000e7c                SystemClock_Config
 .text.MX_ADC1_Init
                0x08000f4c       0xd4 ./Core/Src/main.o
 .text.MX_TIM1_Init
                0x08001020      0x150 ./Core/Src/main.o
 .text.MX_TIM2_Init
                0x08001170       0xa8 ./Core/Src/main.o
 .text.MX_TIM3_Init
                0x08001218       0xa8 ./Core/Src/main.o
 .text.MX_TIM7_Init
                0x080012c0       0x6c ./Core/Src/main.o
 .text.MX_DMA_Init
                0x0800132c       0x40 ./Core/Src/main.o
 .text.MX_GPIO_Init
                0x0800136c       0xd8 ./Core/Src/main.o
 *fill*         0x08001444        0x4 
 .text.main_task
                0x08001448       0xd0 ./Core/Src/main.o
                0x08001448                main_task
 .text.pwm_task
                0x08001518       0x20 ./Core/Src/main.o
                0x08001518                pwm_task
 .text.HAL_TIM_PeriodElapsedCallback
                0x08001538       0x24 ./Core/Src/main.o
                0x08001538                HAL_TIM_PeriodElapsedCallback
 .text.Error_Handler
                0x0800155c        0xc ./Core/Src/main.o
                0x0800155c                Error_Handler
 .text.init_motor
                0x08001568       0xda ./Core/Src/motor.o
                0x08001568                init_motor
 .text.encoder_delta
                0x08001642       0x3c ./Core/Src/motor.o
                0x08001642                encoder_delta
 .text.compute_pid
                0x0800167e      0x1ca ./Core/Src/motor.o
                0x0800167e                compute_pid
 .text.fwd      0x08001848       0xb6 ./Core/Src/motor.o
 .text.bwd      0x080018fe       0xb6 ./Core/Src/motor.o
 .text.stop     0x080019b4       0xa0 ./Core/Src/motor.o
 .text.move_abs_motor
                0x08001a54       0x7c ./Core/Src/motor.o
                0x08001a54                move_abs_motor
 .text.HAL_MspInit
                0x08001ad0       0x58 ./Core/Src/stm32f4xx_hal_msp.o
                0x08001ad0                HAL_MspInit
 .text.HAL_ADC_MspInit
                0x08001b28       0xf0 ./Core/Src/stm32f4xx_hal_msp.o
                0x08001b28                HAL_ADC_MspInit
 .text.HAL_TIM_PWM_MspInit
                0x08001c18       0x44 ./Core/Src/stm32f4xx_hal_msp.o
                0x08001c18                HAL_TIM_PWM_MspInit
 .text.HAL_TIM_Encoder_MspInit
                0x08001c5c      0x138 ./Core/Src/stm32f4xx_hal_msp.o
                0x08001c5c                HAL_TIM_Encoder_MspInit
 .text.HAL_TIM_Base_MspInit
                0x08001d94       0x44 ./Core/Src/stm32f4xx_hal_msp.o
                0x08001d94                HAL_TIM_Base_MspInit
 .text.HAL_TIM_MspPostInit
                0x08001dd8       0x74 ./Core/Src/stm32f4xx_hal_msp.o
                0x08001dd8                HAL_TIM_MspPostInit
 .text.HAL_InitTick
                0x08001e4c       0xf8 ./Core/Src/stm32f4xx_hal_timebase_tim.o
                0x08001e4c                HAL_InitTick
 .text.NMI_Handler
                0x08001f44        0x8 ./Core/Src/stm32f4xx_it.o
                0x08001f44                NMI_Handler
 .text.HardFault_Handler
                0x08001f4c        0x8 ./Core/Src/stm32f4xx_it.o
                0x08001f4c                HardFault_Handler
 .text.MemManage_Handler
                0x08001f54        0x8 ./Core/Src/stm32f4xx_it.o
                0x08001f54                MemManage_Handler
 .text.BusFault_Handler
                0x08001f5c        0x8 ./Core/Src/stm32f4xx_it.o
                0x08001f5c                BusFault_Handler
 .text.UsageFault_Handler
                0x08001f64        0x8 ./Core/Src/stm32f4xx_it.o
                0x08001f64                UsageFault_Handler
 .text.DebugMon_Handler
                0x08001f6c        0xe ./Core/Src/stm32f4xx_it.o
                0x08001f6c                DebugMon_Handler
 *fill*         0x08001f7a        0x2 
 .text.TIM6_DAC_IRQHandler
                0x08001f7c       0x14 ./Core/Src/stm32f4xx_it.o
                0x08001f7c                TIM6_DAC_IRQHandler
 .text.DMA2_Stream0_IRQHandler
                0x08001f90       0x14 ./Core/Src/stm32f4xx_it.o
                0x08001f90                DMA2_Stream0_IRQHandler
 .text.OTG_FS_IRQHandler
                0x08001fa4       0x14 ./Core/Src/stm32f4xx_it.o
                0x08001fa4                OTG_FS_IRQHandler
 .text.SystemInit
                0x08001fb8       0x24 ./Core/Src/system_stm32f4xx.o
                0x08001fb8                SystemInit
 .text.Reset_Handler
                0x08001fdc       0x50 ./Core/Startup/startup_stm32f407vetx.o
                0x08001fdc                Reset_Handler
 .text.Default_Handler
                0x0800202c        0x2 ./Core/Startup/startup_stm32f407vetx.o
                0x0800202c                RTC_Alarm_IRQHandler
                0x0800202c                HASH_RNG_IRQHandler
                0x0800202c                EXTI2_IRQHandler
                0x0800202c                TIM8_CC_IRQHandler
                0x0800202c                TIM1_CC_IRQHandler
                0x0800202c                DMA2_Stream5_IRQHandler
                0x0800202c                DMA1_Stream5_IRQHandler
                0x0800202c                PVD_IRQHandler
                0x0800202c                SDIO_IRQHandler
                0x0800202c                TAMP_STAMP_IRQHandler
                0x0800202c                CAN2_RX1_IRQHandler
                0x0800202c                EXTI3_IRQHandler
                0x0800202c                TIM8_TRG_COM_TIM14_IRQHandler
                0x0800202c                TIM1_UP_TIM10_IRQHandler
                0x0800202c                TIM8_UP_TIM13_IRQHandler
                0x0800202c                I2C3_ER_IRQHandler
                0x0800202c                EXTI0_IRQHandler
                0x0800202c                I2C2_EV_IRQHandler
                0x0800202c                DMA1_Stream2_IRQHandler
                0x0800202c                CAN1_RX0_IRQHandler
                0x0800202c                FPU_IRQHandler
                0x0800202c                OTG_HS_WKUP_IRQHandler
                0x0800202c                CAN2_SCE_IRQHandler
                0x0800202c                DMA2_Stream2_IRQHandler
                0x0800202c                SPI1_IRQHandler
                0x0800202c                TIM1_BRK_TIM9_IRQHandler
                0x0800202c                DCMI_IRQHandler
                0x0800202c                CAN2_RX0_IRQHandler
                0x0800202c                DMA2_Stream3_IRQHandler
                0x0800202c                USART6_IRQHandler
                0x0800202c                USART3_IRQHandler
                0x0800202c                CAN1_RX1_IRQHandler
                0x0800202c                UART5_IRQHandler
                0x0800202c                TIM4_IRQHandler
                0x0800202c                I2C1_EV_IRQHandler
                0x0800202c                DMA1_Stream6_IRQHandler
                0x0800202c                DMA1_Stream1_IRQHandler
                0x0800202c                UART4_IRQHandler
                0x0800202c                TIM3_IRQHandler
                0x0800202c                RCC_IRQHandler
                0x0800202c                TIM8_BRK_TIM12_IRQHandler
                0x0800202c                Default_Handler
                0x0800202c                EXTI15_10_IRQHandler
                0x0800202c                ADC_IRQHandler
                0x0800202c                DMA1_Stream7_IRQHandler
                0x0800202c                TIM7_IRQHandler
                0x0800202c                CAN2_TX_IRQHandler
                0x0800202c                TIM5_IRQHandler
                0x0800202c                DMA2_Stream7_IRQHandler
                0x0800202c                I2C3_EV_IRQHandler
                0x0800202c                EXTI9_5_IRQHandler
                0x0800202c                RTC_WKUP_IRQHandler
                0x0800202c                ETH_WKUP_IRQHandler
                0x0800202c                SPI2_IRQHandler
                0x0800202c                OTG_HS_EP1_IN_IRQHandler
                0x0800202c                DMA1_Stream0_IRQHandler
                0x0800202c                CAN1_TX_IRQHandler
                0x0800202c                EXTI4_IRQHandler
                0x0800202c                FSMC_IRQHandler
                0x0800202c                ETH_IRQHandler
                0x0800202c                OTG_HS_EP1_OUT_IRQHandler
                0x0800202c                WWDG_IRQHandler
                0x0800202c                TIM2_IRQHandler
                0x0800202c                OTG_FS_WKUP_IRQHandler
                0x0800202c                TIM1_TRG_COM_TIM11_IRQHandler
                0x0800202c                OTG_HS_IRQHandler
                0x0800202c                EXTI1_IRQHandler
                0x0800202c                USART2_IRQHandler
                0x0800202c                I2C2_ER_IRQHandler
                0x0800202c                DMA2_Stream1_IRQHandler
                0x0800202c                CAN1_SCE_IRQHandler
                0x0800202c                FLASH_IRQHandler
                0x0800202c                DMA2_Stream4_IRQHandler
                0x0800202c                USART1_IRQHandler
                0x0800202c                SPI3_IRQHandler
                0x0800202c                DMA1_Stream4_IRQHandler
                0x0800202c                I2C1_ER_IRQHandler
                0x0800202c                DMA2_Stream6_IRQHandler
                0x0800202c                DMA1_Stream3_IRQHandler
 *fill*         0x0800202e        0x2 
 .text.HAL_Init
                0x08002030       0x44 ./Drivers/STM32F4xx_HAL_Driver/Src/stm32f4xx_hal.o
                0x08002030                HAL_Init
 .text.HAL_IncTick
                0x08002074       0x28 ./Drivers/STM32F4xx_HAL_Driver/Src/stm32f4xx_hal.o
                0x08002074                HAL_IncTick
 .text.HAL_GetTick
                0x0800209c       0x18 ./Drivers/STM32F4xx_HAL_Driver/Src/stm32f4xx_hal.o
                0x0800209c                HAL_GetTick
 .text.HAL_Delay
                0x080020b4       0x48 ./Drivers/STM32F4xx_HAL_Driver/Src/stm32f4xx_hal.o
                0x080020b4                HAL_Delay
 .text.HAL_ADC_Init
                0x080020fc       0x86 ./Drivers/STM32F4xx_HAL_Driver/Src/stm32f4xx_hal_adc.o
                0x080020fc                HAL_ADC_Init
 *fill*         0x08002182        0x2 
 .text.HAL_ADC_ConfigChannel
                0x08002184      0x244 ./Drivers/STM32F4xx_HAL_Driver/Src/stm32f4xx_hal_adc.o
                0x08002184                HAL_ADC_ConfigChannel
 .text.ADC_Init
                0x080023c8      0x1f8 ./Drivers/STM32F4xx_HAL_Driver/Src/stm32f4xx_hal_adc.o
 .text.__NVIC_SetPriorityGrouping
                0x080025c0       0x48 ./Drivers/STM32F4xx_HAL_Driver/Src/stm32f4xx_hal_cortex.o
 .text.__NVIC_GetPriorityGrouping
                0x08002608       0x1c ./Drivers/STM32F4xx_HAL_Driver/Src/stm32f4xx_hal_cortex.o
 .text.__NVIC_EnableIRQ
                0x08002624       0x3c ./Drivers/STM32F4xx_HAL_Driver/Src/stm32f4xx_hal_cortex.o
 .text.__NVIC_SetPriority
                0x08002660       0x54 ./Drivers/STM32F4xx_HAL_Driver/Src/stm32f4xx_hal_cortex.o
 .text.NVIC_EncodePriority
                0x080026b4       0x66 ./Drivers/STM32F4xx_HAL_Driver/Src/stm32f4xx_hal_cortex.o
 .text.HAL_NVIC_SetPriorityGrouping
                0x0800271a       0x16 ./Drivers/STM32F4xx_HAL_Driver/Src/stm32f4xx_hal_cortex.o
                0x0800271a                HAL_NVIC_SetPriorityGrouping
 .text.HAL_NVIC_SetPriority
                0x08002730       0x38 ./Drivers/STM32F4xx_HAL_Driver/Src/stm32f4xx_hal_cortex.o
                0x08002730                HAL_NVIC_SetPriority
 .text.HAL_NVIC_EnableIRQ
                0x08002768       0x1c ./Drivers/STM32F4xx_HAL_Driver/Src/stm32f4xx_hal_cortex.o
                0x08002768                HAL_NVIC_EnableIRQ
 .text.HAL_DMA_Init
                0x08002784      0x15c ./Drivers/STM32F4xx_HAL_Driver/Src/stm32f4xx_hal_dma.o
                0x08002784                HAL_DMA_Init
 .text.HAL_DMA_IRQHandler
                0x080028e0      0x314 ./Drivers/STM32F4xx_HAL_Driver/Src/stm32f4xx_hal_dma.o
                0x080028e0                HAL_DMA_IRQHandler
 .text.DMA_CalcBaseAndBitshift
                0x08002bf4       0x6c ./Drivers/STM32F4xx_HAL_Driver/Src/stm32f4xx_hal_dma.o
 .text.DMA_CheckFifoParam
                0x08002c60       0xf8 ./Drivers/STM32F4xx_HAL_Driver/Src/stm32f4xx_hal_dma.o
 .text.HAL_GPIO_Init
                0x08002d58      0x338 ./Drivers/STM32F4xx_HAL_Driver/Src/stm32f4xx_hal_gpio.o
                0x08002d58                HAL_GPIO_Init
 .text.HAL_GPIO_WritePin
                0x08003090       0x32 ./Drivers/STM32F4xx_HAL_Driver/Src/stm32f4xx_hal_gpio.o
                0x08003090                HAL_GPIO_WritePin
 .text.HAL_GPIO_TogglePin
                0x080030c2       0x34 ./Drivers/STM32F4xx_HAL_Driver/Src/stm32f4xx_hal_gpio.o
                0x080030c2                HAL_GPIO_TogglePin
 .text.HAL_PCD_Init
                0x080030f6      0x21e ./Drivers/STM32F4xx_HAL_Driver/Src/stm32f4xx_hal_pcd.o
                0x080030f6                HAL_PCD_Init
 .text.HAL_PCD_Start
                0x08003314       0x6a ./Drivers/STM32F4xx_HAL_Driver/Src/stm32f4xx_hal_pcd.o
                0x08003314                HAL_PCD_Start
 .text.HAL_PCD_IRQHandler
                0x0800337e      0x942 ./Drivers/STM32F4xx_HAL_Driver/Src/stm32f4xx_hal_pcd.o
                0x0800337e                HAL_PCD_IRQHandler
 .text.HAL_PCD_SetAddress
                0x08003cc0       0x48 ./Drivers/STM32F4xx_HAL_Driver/Src/stm32f4xx_hal_pcd.o
                0x08003cc0                HAL_PCD_SetAddress
 .text.HAL_PCD_EP_Open
                0x08003d08       0xd4 ./Drivers/STM32F4xx_HAL_Driver/Src/stm32f4xx_hal_pcd.o
                0x08003d08                HAL_PCD_EP_Open
 .text.HAL_PCD_EP_Close
                0x08003ddc       0x94 ./Drivers/STM32F4xx_HAL_Driver/Src/stm32f4xx_hal_pcd.o
                0x08003ddc                HAL_PCD_EP_Close
 .text.HAL_PCD_EP_Receive
                0x08003e70       0x76 ./Drivers/STM32F4xx_HAL_Driver/Src/stm32f4xx_hal_pcd.o
                0x08003e70                HAL_PCD_EP_Receive
 .text.HAL_PCD_EP_GetRxCount
                0x08003ee6       0x30 ./Drivers/STM32F4xx_HAL_Driver/Src/stm32f4xx_hal_pcd.o
                0x08003ee6                HAL_PCD_EP_GetRxCount
 .text.HAL_PCD_EP_Transmit
                0x08003f16       0x74 ./Drivers/STM32F4xx_HAL_Driver/Src/stm32f4xx_hal_pcd.o
                0x08003f16                HAL_PCD_EP_Transmit
 .text.HAL_PCD_EP_SetStall
                0x08003f8a       0xc6 ./Drivers/STM32F4xx_HAL_Driver/Src/stm32f4xx_hal_pcd.o
                0x08003f8a                HAL_PCD_EP_SetStall
 .text.HAL_PCD_EP_ClrStall
                0x08004050       0xac ./Drivers/STM32F4xx_HAL_Driver/Src/stm32f4xx_hal_pcd.o
                0x08004050                HAL_PCD_EP_ClrStall
 .text.HAL_PCD_EP_Abort
                0x080040fc       0x62 ./Drivers/STM32F4xx_HAL_Driver/Src/stm32f4xx_hal_pcd.o
                0x080040fc                HAL_PCD_EP_Abort
 .text.PCD_WriteEmptyTxFifo
                0x0800415e      0x118 ./Drivers/STM32F4xx_HAL_Driver/Src/stm32f4xx_hal_pcd.o
 *fill*         0x08004276        0x2 
 .text.PCD_EP_OutXfrComplete_int
                0x08004278      0x1d0 ./Drivers/STM32F4xx_HAL_Driver/Src/stm32f4xx_hal_pcd.o
 .text.PCD_EP_OutSetupPacket_int
                0x08004448       0x8c ./Drivers/STM32F4xx_HAL_Driver/Src/stm32f4xx_hal_pcd.o
 .text.HAL_PCDEx_SetTxFiFo
                0x080044d4       0x8e ./Drivers/STM32F4xx_HAL_Driver/Src/stm32f4xx_hal_pcd_ex.o
                0x080044d4                HAL_PCDEx_SetTxFiFo
 .text.HAL_PCDEx_SetRxFiFo
                0x08004562       0x22 ./Drivers/STM32F4xx_HAL_Driver/Src/stm32f4xx_hal_pcd_ex.o
                0x08004562                HAL_PCDEx_SetRxFiFo
 .text.HAL_PCDEx_LPM_Callback
                0x08004584       0x18 ./Drivers/STM32F4xx_HAL_Driver/Src/stm32f4xx_hal_pcd_ex.o
                0x08004584                HAL_PCDEx_LPM_Callback
 .text.HAL_RCC_OscConfig
                0x0800459c      0x4f0 ./Drivers/STM32F4xx_HAL_Driver/Src/stm32f4xx_hal_rcc.o
                0x0800459c                HAL_RCC_OscConfig
 .text.HAL_RCC_ClockConfig
                0x08004a8c      0x1cc ./Drivers/STM32F4xx_HAL_Driver/Src/stm32f4xx_hal_rcc.o
                0x08004a8c                HAL_RCC_ClockConfig
 .text.HAL_RCC_GetSysClockFreq
                0x08004c58      0x20c ./Drivers/STM32F4xx_HAL_Driver/Src/stm32f4xx_hal_rcc.o
                0x08004c58                HAL_RCC_GetSysClockFreq
 .text.HAL_RCC_GetHCLKFreq
                0x08004e64       0x18 ./Drivers/STM32F4xx_HAL_Driver/Src/stm32f4xx_hal_rcc.o
                0x08004e64                HAL_RCC_GetHCLKFreq
 .text.HAL_RCC_GetPCLK1Freq
                0x08004e7c       0x28 ./Drivers/STM32F4xx_HAL_Driver/Src/stm32f4xx_hal_rcc.o
                0x08004e7c                HAL_RCC_GetPCLK1Freq
 .text.HAL_RCC_GetClockConfig
                0x08004ea4       0x64 ./Drivers/STM32F4xx_HAL_Driver/Src/stm32f4xx_hal_rcc.o
                0x08004ea4                HAL_RCC_GetClockConfig
 .text.HAL_TIM_Base_Init
                0x08004f08       0x9e ./Drivers/STM32F4xx_HAL_Driver/Src/stm32f4xx_hal_tim.o
                0x08004f08                HAL_TIM_Base_Init
 *fill*         0x08004fa6        0x2 
 .text.HAL_TIM_Base_Start
                0x08004fa8       0xd0 ./Drivers/STM32F4xx_HAL_Driver/Src/stm32f4xx_hal_tim.o
                0x08004fa8                HAL_TIM_Base_Start
 .text.HAL_TIM_Base_Start_IT
                0x08005078       0xe0 ./Drivers/STM32F4xx_HAL_Driver/Src/stm32f4xx_hal_tim.o
                0x08005078                HAL_TIM_Base_Start_IT
 .text.HAL_TIM_PWM_Init
                0x08005158       0x9e ./Drivers/STM32F4xx_HAL_Driver/Src/stm32f4xx_hal_tim.o
                0x08005158                HAL_TIM_PWM_Init
 *fill*         0x080051f6        0x2 
 .text.HAL_TIM_PWM_Start
                0x080051f8      0x190 ./Drivers/STM32F4xx_HAL_Driver/Src/stm32f4xx_hal_tim.o
                0x080051f8                HAL_TIM_PWM_Start
 .text.HAL_TIM_Encoder_Init
                0x08005388      0x14c ./Drivers/STM32F4xx_HAL_Driver/Src/stm32f4xx_hal_tim.o
                0x08005388                HAL_TIM_Encoder_Init
 .text.HAL_TIM_Encoder_Start
                0x080054d4      0x11c ./Drivers/STM32F4xx_HAL_Driver/Src/stm32f4xx_hal_tim.o
                0x080054d4                HAL_TIM_Encoder_Start
 .text.HAL_TIM_IRQHandler
                0x080055f0      0x1e0 ./Drivers/STM32F4xx_HAL_Driver/Src/stm32f4xx_hal_tim.o
                0x080055f0                HAL_TIM_IRQHandler
 .text.HAL_TIM_PWM_ConfigChannel
                0x080057d0      0x184 ./Drivers/STM32F4xx_HAL_Driver/Src/stm32f4xx_hal_tim.o
                0x080057d0                HAL_TIM_PWM_ConfigChannel
 .text.HAL_TIM_OC_DelayElapsedCallback
                0x08005954       0x14 ./Drivers/STM32F4xx_HAL_Driver/Src/stm32f4xx_hal_tim.o
                0x08005954                HAL_TIM_OC_DelayElapsedCallback
 .text.HAL_TIM_IC_CaptureCallback
                0x08005968       0x14 ./Drivers/STM32F4xx_HAL_Driver/Src/stm32f4xx_hal_tim.o
                0x08005968                HAL_TIM_IC_CaptureCallback
 .text.HAL_TIM_PWM_PulseFinishedCallback
                0x0800597c       0x14 ./Drivers/STM32F4xx_HAL_Driver/Src/stm32f4xx_hal_tim.o
                0x0800597c                HAL_TIM_PWM_PulseFinishedCallback
 .text.HAL_TIM_TriggerCallback
                0x08005990       0x14 ./Drivers/STM32F4xx_HAL_Driver/Src/stm32f4xx_hal_tim.o
                0x08005990                HAL_TIM_TriggerCallback
 .text.TIM_Base_SetConfig
                0x080059a4      0x14c ./Drivers/STM32F4xx_HAL_Driver/Src/stm32f4xx_hal_tim.o
                0x080059a4                TIM_Base_SetConfig
 .text.TIM_OC1_SetConfig
                0x08005af0       0xe0 ./Drivers/STM32F4xx_HAL_Driver/Src/stm32f4xx_hal_tim.o
 .text.TIM_OC2_SetConfig
                0x08005bd0       0xec ./Drivers/STM32F4xx_HAL_Driver/Src/stm32f4xx_hal_tim.o
                0x08005bd0                TIM_OC2_SetConfig
 .text.TIM_OC3_SetConfig
                0x08005cbc       0xe8 ./Drivers/STM32F4xx_HAL_Driver/Src/stm32f4xx_hal_tim.o
 .text.TIM_OC4_SetConfig
                0x08005da4       0xac ./Drivers/STM32F4xx_HAL_Driver/Src/stm32f4xx_hal_tim.o
 .text.TIM_CCxChannelCmd
                0x08005e50       0x4a ./Drivers/STM32F4xx_HAL_Driver/Src/stm32f4xx_hal_tim.o
                0x08005e50                TIM_CCxChannelCmd
 *fill*         0x08005e9a        0x2 
 .text.HAL_TIMEx_MasterConfigSynchronization
                0x08005e9c       0xf8 ./Drivers/STM32F4xx_HAL_Driver/Src/stm32f4xx_hal_tim_ex.o
                0x08005e9c                HAL_TIMEx_MasterConfigSynchronization
 .text.HAL_TIMEx_ConfigBreakDeadTime
                0x08005f94       0xa4 ./Drivers/STM32F4xx_HAL_Driver/Src/stm32f4xx_hal_tim_ex.o
                0x08005f94                HAL_TIMEx_ConfigBreakDeadTime
 .text.HAL_TIMEx_CommutCallback
                0x08006038       0x14 ./Drivers/STM32F4xx_HAL_Driver/Src/stm32f4xx_hal_tim_ex.o
                0x08006038                HAL_TIMEx_CommutCallback
 .text.HAL_TIMEx_BreakCallback
                0x0800604c       0x14 ./Drivers/STM32F4xx_HAL_Driver/Src/stm32f4xx_hal_tim_ex.o
                0x0800604c                HAL_TIMEx_BreakCallback
 .text.USB_CoreInit
                0x08006060       0xc8 ./Drivers/STM32F4xx_HAL_Driver/Src/stm32f4xx_ll_usb.o
                0x08006060                USB_CoreInit
 .text.USB_SetTurnaroundTime
                0x08006128      0x144 ./Drivers/STM32F4xx_HAL_Driver/Src/stm32f4xx_ll_usb.o
                0x08006128                USB_SetTurnaroundTime
 .text.USB_EnableGlobalInt
                0x0800626c       0x22 ./Drivers/STM32F4xx_HAL_Driver/Src/stm32f4xx_ll_usb.o
                0x0800626c                USB_EnableGlobalInt
 .text.USB_DisableGlobalInt
                0x0800628e       0x22 ./Drivers/STM32F4xx_HAL_Driver/Src/stm32f4xx_ll_usb.o
                0x0800628e                USB_DisableGlobalInt
 .text.USB_SetCurrentMode
                0x080062b0       0x98 ./Drivers/STM32F4xx_HAL_Driver/Src/stm32f4xx_ll_usb.o
                0x080062b0                USB_SetCurrentMode
 .text.USB_DevInit
                0x08006348      0x2c8 ./Drivers/STM32F4xx_HAL_Driver/Src/stm32f4xx_ll_usb.o
                0x08006348                USB_DevInit
 .text.USB_FlushTxFifo
                0x08006610       0x64 ./Drivers/STM32F4xx_HAL_Driver/Src/stm32f4xx_ll_usb.o
                0x08006610                USB_FlushTxFifo
 .text.USB_FlushRxFifo
                0x08006674       0x5c ./Drivers/STM32F4xx_HAL_Driver/Src/stm32f4xx_ll_usb.o
                0x08006674                USB_FlushRxFifo
 .text.USB_SetDevSpeed
                0x080066d0       0x32 ./Drivers/STM32F4xx_HAL_Driver/Src/stm32f4xx_ll_usb.o
                0x080066d0                USB_SetDevSpeed
 .text.USB_GetDevSpeed
                0x08006702       0x4a ./Drivers/STM32F4xx_HAL_Driver/Src/stm32f4xx_ll_usb.o
                0x08006702                USB_GetDevSpeed
 .text.USB_ActivateEndpoint
                0x0800674c      0x10e ./Drivers/STM32F4xx_HAL_Driver/Src/stm32f4xx_ll_usb.o
                0x0800674c                USB_ActivateEndpoint
 *fill*         0x0800685a        0x2 
 .text.USB_DeactivateEndpoint
                0x0800685c      0x1b8 ./Drivers/STM32F4xx_HAL_Driver/Src/stm32f4xx_ll_usb.o
                0x0800685c                USB_DeactivateEndpoint
 .text.USB_EPStartXfer
                0x08006a14      0x53c ./Drivers/STM32F4xx_HAL_Driver/Src/stm32f4xx_ll_usb.o
                0x08006a14                USB_EPStartXfer
 .text.USB_EPStopXfer
                0x08006f50      0x154 ./Drivers/STM32F4xx_HAL_Driver/Src/stm32f4xx_ll_usb.o
                0x08006f50                USB_EPStopXfer
 .text.USB_WritePacket
                0x080070a4       0x7c ./Drivers/STM32F4xx_HAL_Driver/Src/stm32f4xx_ll_usb.o
                0x080070a4                USB_WritePacket
 .text.USB_ReadPacket
                0x08007120       0xb0 ./Drivers/STM32F4xx_HAL_Driver/Src/stm32f4xx_ll_usb.o
                0x08007120                USB_ReadPacket
 .text.USB_EPSetStall
                0x080071d0       0xdc ./Drivers/STM32F4xx_HAL_Driver/Src/stm32f4xx_ll_usb.o
                0x080071d0                USB_EPSetStall
 .text.USB_EPClearStall
                0x080072ac       0xcc ./Drivers/STM32F4xx_HAL_Driver/Src/stm32f4xx_ll_usb.o
                0x080072ac                USB_EPClearStall
 .text.USB_SetDevAddress
                0x08007378       0x4c ./Drivers/STM32F4xx_HAL_Driver/Src/stm32f4xx_ll_usb.o
                0x08007378                USB_SetDevAddress
 .text.USB_DevConnect
                0x080073c4       0x42 ./Drivers/STM32F4xx_HAL_Driver/Src/stm32f4xx_ll_usb.o
                0x080073c4                USB_DevConnect
 .text.USB_DevDisconnect
                0x08007406       0x42 ./Drivers/STM32F4xx_HAL_Driver/Src/stm32f4xx_ll_usb.o
                0x08007406                USB_DevDisconnect
 .text.USB_ReadInterrupts
                0x08007448       0x26 ./Drivers/STM32F4xx_HAL_Driver/Src/stm32f4xx_ll_usb.o
                0x08007448                USB_ReadInterrupts
 .text.USB_ReadDevAllOutEpInterrupt
                0x0800746e       0x34 ./Drivers/STM32F4xx_HAL_Driver/Src/stm32f4xx_ll_usb.o
                0x0800746e                USB_ReadDevAllOutEpInterrupt
 .text.USB_ReadDevAllInEpInterrupt
                0x080074a2       0x34 ./Drivers/STM32F4xx_HAL_Driver/Src/stm32f4xx_ll_usb.o
                0x080074a2                USB_ReadDevAllInEpInterrupt
 .text.USB_ReadDevOutEPInterrupt
                0x080074d6       0x3c ./Drivers/STM32F4xx_HAL_Driver/Src/stm32f4xx_ll_usb.o
                0x080074d6                USB_ReadDevOutEPInterrupt
 .text.USB_ReadDevInEPInterrupt
                0x08007512       0x5c ./Drivers/STM32F4xx_HAL_Driver/Src/stm32f4xx_ll_usb.o
                0x08007512                USB_ReadDevInEPInterrupt
 .text.USB_GetMode
                0x0800756e       0x1c ./Drivers/STM32F4xx_HAL_Driver/Src/stm32f4xx_ll_usb.o
                0x0800756e                USB_GetMode
 .text.USB_ActivateSetup
                0x0800758a       0x46 ./Drivers/STM32F4xx_HAL_Driver/Src/stm32f4xx_ll_usb.o
                0x0800758a                USB_ActivateSetup
 .text.USB_EP0_OutStart
                0x080075d0       0xbc ./Drivers/STM32F4xx_HAL_Driver/Src/stm32f4xx_ll_usb.o
                0x080075d0                USB_EP0_OutStart
 .text.USB_CoreReset
                0x0800768c       0x70 ./Drivers/STM32F4xx_HAL_Driver/Src/stm32f4xx_ll_usb.o
 .text.USBD_CDC_Init
                0x080076fc      0x1f0 ./Middlewares/ST/STM32_USB_Device_Library/Class/CDC/Src/usbd_cdc.o
 .text.USBD_CDC_DeInit
                0x080078ec      0x104 ./Middlewares/ST/STM32_USB_Device_Library/Class/CDC/Src/usbd_cdc.o
 .text.USBD_CDC_Setup
                0x080079f0      0x1b8 ./Middlewares/ST/STM32_USB_Device_Library/Class/CDC/Src/usbd_cdc.o
 .text.USBD_CDC_DataIn
                0x08007ba8       0xfe ./Middlewares/ST/STM32_USB_Device_Library/Class/CDC/Src/usbd_cdc.o
 .text.USBD_CDC_DataOut
                0x08007ca6       0x70 ./Middlewares/ST/STM32_USB_Device_Library/Class/CDC/Src/usbd_cdc.o
 .text.USBD_CDC_EP0_RxReady
                0x08007d16       0x74 ./Middlewares/ST/STM32_USB_Device_Library/Class/CDC/Src/usbd_cdc.o
 *fill*         0x08007d8a        0x2 
 .text.USBD_CDC_GetFSCfgDesc
                0x08007d8c       0x70 ./Middlewares/ST/STM32_USB_Device_Library/Class/CDC/Src/usbd_cdc.o
 .text.USBD_CDC_GetHSCfgDesc
                0x08007dfc       0x70 ./Middlewares/ST/STM32_USB_Device_Library/Class/CDC/Src/usbd_cdc.o
 .text.USBD_CDC_GetOtherSpeedCfgDesc
                0x08007e6c       0x70 ./Middlewares/ST/STM32_USB_Device_Library/Class/CDC/Src/usbd_cdc.o
 .text.USBD_CDC_GetDeviceQualifierDescriptor
                0x08007edc       0x20 ./Middlewares/ST/STM32_USB_Device_Library/Class/CDC/Src/usbd_cdc.o
                0x08007edc                USBD_CDC_GetDeviceQualifierDescriptor
 .text.USBD_CDC_RegisterInterface
                0x08007efc       0x34 ./Middlewares/ST/STM32_USB_Device_Library/Class/CDC/Src/usbd_cdc.o
                0x08007efc                USBD_CDC_RegisterInterface
 .text.USBD_CDC_SetTxBuffer
                0x08007f30       0x44 ./Middlewares/ST/STM32_USB_Device_Library/Class/CDC/Src/usbd_cdc.o
                0x08007f30                USBD_CDC_SetTxBuffer
 .text.USBD_CDC_SetRxBuffer
                0x08007f74       0x3a ./Middlewares/ST/STM32_USB_Device_Library/Class/CDC/Src/usbd_cdc.o
                0x08007f74                USBD_CDC_SetRxBuffer
 *fill*         0x08007fae        0x2 
 .text.USBD_CDC_ReceivePacket
                0x08007fb0       0x6c ./Middlewares/ST/STM32_USB_Device_Library/Class/CDC/Src/usbd_cdc.o
                0x08007fb0                USBD_CDC_ReceivePacket
 .text.USBD_Init
                0x0800801c       0x60 ./Middlewares/ST/STM32_USB_Device_Library/Core/Src/usbd_core.o
                0x0800801c                USBD_Init
 .text.USBD_RegisterClass
                0x0800807c       0x6c ./Middlewares/ST/STM32_USB_Device_Library/Core/Src/usbd_core.o
                0x0800807c                USBD_RegisterClass
 .text.USBD_Start
                0x080080e8       0x18 ./Middlewares/ST/STM32_USB_Device_Library/Core/Src/usbd_core.o
                0x080080e8                USBD_Start
 .text.USBD_RunTestMode
                0x08008100       0x16 ./Middlewares/ST/STM32_USB_Device_Library/Core/Src/usbd_core.o
                0x08008100                USBD_RunTestMode
 .text.USBD_SetClassConfig
                0x08008116       0x38 ./Middlewares/ST/STM32_USB_Device_Library/Core/Src/usbd_core.o
                0x08008116                USBD_SetClassConfig
 .text.USBD_ClrClassConfig
                0x0800814e       0x34 ./Middlewares/ST/STM32_USB_Device_Library/Core/Src/usbd_core.o
                0x0800814e                USBD_ClrClassConfig
 .text.USBD_LL_SetupStage
                0x08008182       0xaa ./Middlewares/ST/STM32_USB_Device_Library/Core/Src/usbd_core.o
                0x08008182                USBD_LL_SetupStage
 .text.USBD_LL_DataOutStage
                0x0800822c      0x178 ./Middlewares/ST/STM32_USB_Device_Library/Core/Src/usbd_core.o
                0x0800822c                USBD_LL_DataOutStage
 .text.USBD_LL_DataInStage
                0x080083a4      0x176 ./Middlewares/ST/STM32_USB_Device_Library/Core/Src/usbd_core.o
                0x080083a4                USBD_LL_DataInStage
 .text.USBD_LL_Reset
                0x0800851a       0xa6 ./Middlewares/ST/STM32_USB_Device_Library/Core/Src/usbd_core.o
                0x0800851a                USBD_LL_Reset
 .text.USBD_LL_SetSpeed
                0x080085c0       0x20 ./Middlewares/ST/STM32_USB_Device_Library/Core/Src/usbd_core.o
                0x080085c0                USBD_LL_SetSpeed
 .text.USBD_LL_Suspend
                0x080085e0       0x38 ./Middlewares/ST/STM32_USB_Device_Library/Core/Src/usbd_core.o
                0x080085e0                USBD_LL_Suspend
 .text.USBD_LL_Resume
                0x08008618       0x30 ./Middlewares/ST/STM32_USB_Device_Library/Core/Src/usbd_core.o
                0x08008618                USBD_LL_Resume
 .text.USBD_LL_SOF
                0x08008648       0x40 ./Middlewares/ST/STM32_USB_Device_Library/Core/Src/usbd_core.o
                0x08008648                USBD_LL_SOF
 .text.USBD_LL_IsoINIncomplete
                0x08008688       0x64 ./Middlewares/ST/STM32_USB_Device_Library/Core/Src/usbd_core.o
                0x08008688                USBD_LL_IsoINIncomplete
 .text.USBD_LL_IsoOUTIncomplete
                0x080086ec       0x64 ./Middlewares/ST/STM32_USB_Device_Library/Core/Src/usbd_core.o
                0x080086ec                USBD_LL_IsoOUTIncomplete
 .text.USBD_LL_DevConnected
                0x08008750       0x16 ./Middlewares/ST/STM32_USB_Device_Library/Core/Src/usbd_core.o
                0x08008750                USBD_LL_DevConnected
 .text.USBD_LL_DevDisconnected
                0x08008766       0x46 ./Middlewares/ST/STM32_USB_Device_Library/Core/Src/usbd_core.o
                0x08008766                USBD_LL_DevDisconnected
 .text.USBD_CoreFindIF
                0x080087ac       0x1a ./Middlewares/ST/STM32_USB_Device_Library/Core/Src/usbd_core.o
                0x080087ac                USBD_CoreFindIF
 .text.USBD_CoreFindEP
                0x080087c6       0x1a ./Middlewares/ST/STM32_USB_Device_Library/Core/Src/usbd_core.o
                0x080087c6                USBD_CoreFindEP
 .text.USBD_GetEpDesc
                0x080087e0       0x70 ./Middlewares/ST/STM32_USB_Device_Library/Core/Src/usbd_core.o
                0x080087e0                USBD_GetEpDesc
 .text.USBD_GetNextDesc
                0x08008850       0x38 ./Middlewares/ST/STM32_USB_Device_Library/Core/Src/usbd_core.o
                0x08008850                USBD_GetNextDesc
 .text.SWAPBYTE
                0x08008888       0x3e ./Middlewares/ST/STM32_USB_Device_Library/Core/Src/usbd_ctlreq.o
 *fill*         0x080088c6        0x2 
 .text.USBD_StdDevReq
                0x080088c8       0xe4 ./Middlewares/ST/STM32_USB_Device_Library/Core/Src/usbd_ctlreq.o
                0x080088c8                USBD_StdDevReq
 .text.USBD_StdItfReq
                0x080089ac       0xd8 ./Middlewares/ST/STM32_USB_Device_Library/Core/Src/usbd_ctlreq.o
                0x080089ac                USBD_StdItfReq
 .text.USBD_StdEPReq
                0x08008a84      0x33e ./Middlewares/ST/STM32_USB_Device_Library/Core/Src/usbd_ctlreq.o
                0x08008a84                USBD_StdEPReq
 *fill*         0x08008dc2        0x2 
 .text.USBD_GetDescriptor
                0x08008dc4      0x2d4 ./Middlewares/ST/STM32_USB_Device_Library/Core/Src/usbd_ctlreq.o
 .text.USBD_SetAddress
                0x08009098       0x88 ./Middlewares/ST/STM32_USB_Device_Library/Core/Src/usbd_ctlreq.o
 .text.USBD_SetConfig
                0x08009120      0x154 ./Middlewares/ST/STM32_USB_Device_Library/Core/Src/usbd_ctlreq.o
 .text.USBD_GetConfig
                0x08009274       0x6c ./Middlewares/ST/STM32_USB_Device_Library/Core/Src/usbd_ctlreq.o
 .text.USBD_GetStatus
                0x080092e0       0x68 ./Middlewares/ST/STM32_USB_Device_Library/Core/Src/usbd_ctlreq.o
 .text.USBD_SetFeature
                0x08009348       0x52 ./Middlewares/ST/STM32_USB_Device_Library/Core/Src/usbd_ctlreq.o
 .text.USBD_ClrFeature
                0x0800939a       0x44 ./Middlewares/ST/STM32_USB_Device_Library/Core/Src/usbd_ctlreq.o
 .text.USBD_ParseSetupRequest
                0x080093de       0x74 ./Middlewares/ST/STM32_USB_Device_Library/Core/Src/usbd_ctlreq.o
                0x080093de                USBD_ParseSetupRequest
 .text.USBD_CtlError
                0x08009452       0x22 ./Middlewares/ST/STM32_USB_Device_Library/Core/Src/usbd_ctlreq.o
                0x08009452                USBD_CtlError
 .text.USBD_GetString
                0x08009474       0xa4 ./Middlewares/ST/STM32_USB_Device_Library/Core/Src/usbd_ctlreq.o
                0x08009474                USBD_GetString
 .text.USBD_GetLen
                0x08009518       0x34 ./Middlewares/ST/STM32_USB_Device_Library/Core/Src/usbd_ctlreq.o
 .text.USBD_CtlSendData
                0x0800954c       0x3c ./Middlewares/ST/STM32_USB_Device_Library/Core/Src/usbd_ioreq.o
                0x0800954c                USBD_CtlSendData
 .text.USBD_CtlContinueSendData
                0x08009588       0x22 ./Middlewares/ST/STM32_USB_Device_Library/Core/Src/usbd_ioreq.o
                0x08009588                USBD_CtlContinueSendData
 .text.USBD_CtlPrepareRx
                0x080095aa       0x42 ./Middlewares/ST/STM32_USB_Device_Library/Core/Src/usbd_ioreq.o
                0x080095aa                USBD_CtlPrepareRx
 .text.USBD_CtlContinueRx
                0x080095ec       0x22 ./Middlewares/ST/STM32_USB_Device_Library/Core/Src/usbd_ioreq.o
                0x080095ec                USBD_CtlContinueRx
 .text.USBD_CtlSendStatus
                0x0800960e       0x26 ./Middlewares/ST/STM32_USB_Device_Library/Core/Src/usbd_ioreq.o
                0x0800960e                USBD_CtlSendStatus
 .text.USBD_CtlReceiveStatus
                0x08009634       0x26 ./Middlewares/ST/STM32_USB_Device_Library/Core/Src/usbd_ioreq.o
                0x08009634                USBD_CtlReceiveStatus
 *fill*         0x0800965a        0x2 
 .text.__NVIC_SetPriority
                0x0800965c       0x54 ./Middlewares/Third_Party/FreeRTOS/Source/CMSIS_RTOS_V2/cmsis_os2.o
 .text.SysTick_Handler
                0x080096b0       0x20 ./Middlewares/Third_Party/FreeRTOS/Source/CMSIS_RTOS_V2/cmsis_os2.o
                0x080096b0                SysTick_Handler
 .text.SVC_Setup
                0x080096d0       0x12 ./Middlewares/Third_Party/FreeRTOS/Source/CMSIS_RTOS_V2/cmsis_os2.o
 *fill*         0x080096e2        0x2 
 .text.osKernelInitialize
                0x080096e4       0x48 ./Middlewares/Third_Party/FreeRTOS/Source/CMSIS_RTOS_V2/cmsis_os2.o
                0x080096e4                osKernelInitialize
 .text.osKernelStart
                0x0800972c       0x4c ./Middlewares/Third_Party/FreeRTOS/Source/CMSIS_RTOS_V2/cmsis_os2.o
                0x0800972c                osKernelStart
 .text.osThreadNew
                0x08009778      0x124 ./Middlewares/Third_Party/FreeRTOS/Source/CMSIS_RTOS_V2/cmsis_os2.o
                0x08009778                osThreadNew
 .text.osDelay  0x0800989c       0x36 ./Middlewares/Third_Party/FreeRTOS/Source/CMSIS_RTOS_V2/cmsis_os2.o
                0x0800989c                osDelay
 .text.osMessageQueueNew
                0x080098d2       0xe6 ./Middlewares/Third_Party/FreeRTOS/Source/CMSIS_RTOS_V2/cmsis_os2.o
                0x080098d2                osMessageQueueNew
 .text.osMessageQueuePut
                0x080099b8       0xc0 ./Middlewares/Third_Party/FreeRTOS/Source/CMSIS_RTOS_V2/cmsis_os2.o
                0x080099b8                osMessageQueuePut
 .text.osMessageQueueGet
                0x08009a78       0xbc ./Middlewares/Third_Party/FreeRTOS/Source/CMSIS_RTOS_V2/cmsis_os2.o
                0x08009a78                osMessageQueueGet
 .text.vApplicationGetIdleTaskMemory
                0x08009b34       0x34 ./Middlewares/Third_Party/FreeRTOS/Source/CMSIS_RTOS_V2/cmsis_os2.o
                0x08009b34                vApplicationGetIdleTaskMemory
 .text.vApplicationGetTimerTaskMemory
                0x08009b68       0x34 ./Middlewares/Third_Party/FreeRTOS/Source/CMSIS_RTOS_V2/cmsis_os2.o
                0x08009b68                vApplicationGetTimerTaskMemory
 .text.vListInitialise
                0x08009b9c       0x40 ./Middlewares/Third_Party/FreeRTOS/Source/list.o
                0x08009b9c                vListInitialise
 .text.vListInitialiseItem
                0x08009bdc       0x1a ./Middlewares/Third_Party/FreeRTOS/Source/list.o
                0x08009bdc                vListInitialiseItem
 .text.vListInsertEnd
                0x08009bf6       0x48 ./Middlewares/Third_Party/FreeRTOS/Source/list.o
                0x08009bf6                vListInsertEnd
 .text.vListInsert
                0x08009c3e       0x72 ./Middlewares/Third_Party/FreeRTOS/Source/list.o
                0x08009c3e                vListInsert
 .text.uxListRemove
                0x08009cb0       0x54 ./Middlewares/Third_Party/FreeRTOS/Source/list.o
                0x08009cb0                uxListRemove
 .text.xQueueGenericReset
                0x08009d04       0xd4 ./Middlewares/Third_Party/FreeRTOS/Source/queue.o
                0x08009d04                xQueueGenericReset
 .text.xQueueGenericCreateStatic
                0x08009dd8       0xfa ./Middlewares/Third_Party/FreeRTOS/Source/queue.o
                0x08009dd8                xQueueGenericCreateStatic
 .text.xQueueGenericCreate
                0x08009ed2       0x76 ./Middlewares/Third_Party/FreeRTOS/Source/queue.o
                0x08009ed2                xQueueGenericCreate
 .text.prvInitialiseNewQueue
                0x08009f48       0x46 ./Middlewares/Third_Party/FreeRTOS/Source/queue.o
 *fill*         0x08009f8e        0x2 
 .text.xQueueGenericSend
                0x08009f90      0x204 ./Middlewares/Third_Party/FreeRTOS/Source/queue.o
                0x08009f90                xQueueGenericSend
 .text.xQueueGenericSendFromISR
                0x0800a194      0x13c ./Middlewares/Third_Party/FreeRTOS/Source/queue.o
                0x0800a194                xQueueGenericSendFromISR
 .text.xQueueReceive
                0x0800a2d0      0x1c4 ./Middlewares/Third_Party/FreeRTOS/Source/queue.o
                0x0800a2d0                xQueueReceive
 .text.xQueueReceiveFromISR
                0x0800a494      0x104 ./Middlewares/Third_Party/FreeRTOS/Source/queue.o
                0x0800a494                xQueueReceiveFromISR
 .text.prvCopyDataToQueue
                0x0800a598       0xd4 ./Middlewares/Third_Party/FreeRTOS/Source/queue.o
 .text.prvCopyDataFromQueue
                0x0800a66c       0x4c ./Middlewares/Third_Party/FreeRTOS/Source/queue.o
 .text.prvUnlockQueue
                0x0800a6b8       0xa4 ./Middlewares/Third_Party/FreeRTOS/Source/queue.o
 .text.prvIsQueueEmpty
                0x0800a75c       0x2c ./Middlewares/Third_Party/FreeRTOS/Source/queue.o
 .text.prvIsQueueFull
                0x0800a788       0x30 ./Middlewares/Third_Party/FreeRTOS/Source/queue.o
 .text.vQueueAddToRegistry
                0x0800a7b8       0x54 ./Middlewares/Third_Party/FreeRTOS/Source/queue.o
                0x0800a7b8                vQueueAddToRegistry
 .text.vQueueWaitForMessageRestricted
                0x0800a80c       0x68 ./Middlewares/Third_Party/FreeRTOS/Source/queue.o
                0x0800a80c                vQueueWaitForMessageRestricted
 .text.xTaskCreateStatic
                0x0800a874       0xc0 ./Middlewares/Third_Party/FreeRTOS/Source/tasks.o
                0x0800a874                xTaskCreateStatic
 .text.xTaskCreate
                0x0800a934       0x8a ./Middlewares/Third_Party/FreeRTOS/Source/tasks.o
                0x0800a934                xTaskCreate
 *fill*         0x0800a9be        0x2 
 .text.prvInitialiseNewTask
                0x0800a9c0      0x150 ./Middlewares/Third_Party/FreeRTOS/Source/tasks.o
 .text.prvAddNewTaskToReadyList
                0x0800ab10       0xe0 ./Middlewares/Third_Party/FreeRTOS/Source/tasks.o
 .text.vTaskDelay
                0x0800abf0       0x6c ./Middlewares/Third_Party/FreeRTOS/Source/tasks.o
                0x0800abf0                vTaskDelay
 .text.vTaskStartScheduler
                0x0800ac5c       0xe0 ./Middlewares/Third_Party/FreeRTOS/Source/tasks.o
                0x0800ac5c                vTaskStartScheduler
 .text.vTaskSuspendAll
                0x0800ad3c       0x1c ./Middlewares/Third_Party/FreeRTOS/Source/tasks.o
                0x0800ad3c                vTaskSuspendAll
 .text.xTaskResumeAll
                0x0800ad58      0x13c ./Middlewares/Third_Party/FreeRTOS/Source/tasks.o
                0x0800ad58                xTaskResumeAll
 .text.xTaskGetTickCount
                0x0800ae94       0x20 ./Middlewares/Third_Party/FreeRTOS/Source/tasks.o
                0x0800ae94                xTaskGetTickCount
 .text.xTaskIncrementTick
                0x0800aeb4      0x174 ./Middlewares/Third_Party/FreeRTOS/Source/tasks.o
                0x0800aeb4                xTaskIncrementTick
 .text.vTaskSwitchContext
                0x0800b028       0xcc ./Middlewares/Third_Party/FreeRTOS/Source/tasks.o
                0x0800b028                vTaskSwitchContext
 .text.vTaskPlaceOnEventList
                0x0800b0f4       0x4c ./Middlewares/Third_Party/FreeRTOS/Source/tasks.o
                0x0800b0f4                vTaskPlaceOnEventList
 .text.vTaskPlaceOnEventListRestricted
                0x0800b140       0x58 ./Middlewares/Third_Party/FreeRTOS/Source/tasks.o
                0x0800b140                vTaskPlaceOnEventListRestricted
 .text.xTaskRemoveFromEventList
                0x0800b198       0xc8 ./Middlewares/Third_Party/FreeRTOS/Source/tasks.o
                0x0800b198                xTaskRemoveFromEventList
 .text.vTaskInternalSetTimeOutState
                0x0800b260       0x2c ./Middlewares/Third_Party/FreeRTOS/Source/tasks.o
                0x0800b260                vTaskInternalSetTimeOutState
 .text.xTaskCheckForTimeOut
                0x0800b28c       0xc8 ./Middlewares/Third_Party/FreeRTOS/Source/tasks.o
                0x0800b28c                xTaskCheckForTimeOut
 .text.vTaskMissedYield
                0x0800b354       0x18 ./Middlewares/Third_Party/FreeRTOS/Source/tasks.o
                0x0800b354                vTaskMissedYield
 .text.prvIdleTask
                0x0800b36c       0x30 ./Middlewares/Third_Party/FreeRTOS/Source/tasks.o
 .text.prvInitialiseTaskLists
                0x0800b39c       0x80 ./Middlewares/Third_Party/FreeRTOS/Source/tasks.o
 .text.prvCheckTasksWaitingTermination
                0x0800b41c       0x5c ./Middlewares/Third_Party/FreeRTOS/Source/tasks.o
 .text.prvDeleteTCB
                0x0800b478       0x6a ./Middlewares/Third_Party/FreeRTOS/Source/tasks.o
 *fill*         0x0800b4e2        0x2 
 .text.prvResetNextTaskUnblockTime
                0x0800b4e4       0x40 ./Middlewares/Third_Party/FreeRTOS/Source/tasks.o
 .text.xTaskGetSchedulerState
                0x0800b524       0x3c ./Middlewares/Third_Party/FreeRTOS/Source/tasks.o
                0x0800b524                xTaskGetSchedulerState
 .text.xTaskPriorityDisinherit
                0x0800b560       0xe0 ./Middlewares/Third_Party/FreeRTOS/Source/tasks.o
                0x0800b560                xTaskPriorityDisinherit
 .text.prvAddCurrentTaskToDelayedList
                0x0800b640       0xa8 ./Middlewares/Third_Party/FreeRTOS/Source/tasks.o
 .text.xTimerCreateTimerTask
                0x0800b6e8       0x94 ./Middlewares/Third_Party/FreeRTOS/Source/timers.o
                0x0800b6e8                xTimerCreateTimerTask
 .text.xTimerGenericCommand
                0x0800b77c       0x9c ./Middlewares/Third_Party/FreeRTOS/Source/timers.o
                0x0800b77c                xTimerGenericCommand
 .text.prvProcessExpiredTimer
                0x0800b818       0x9c ./Middlewares/Third_Party/FreeRTOS/Source/timers.o
 .text.prvTimerTask
                0x0800b8b4       0x26 ./Middlewares/Third_Party/FreeRTOS/Source/timers.o
 *fill*         0x0800b8da        0x2 
 .text.prvProcessTimerOrBlockTask
                0x0800b8dc       0x9c ./Middlewares/Third_Party/FreeRTOS/Source/timers.o
 .text.prvGetNextExpireTime
                0x0800b978       0x48 ./Middlewares/Third_Party/FreeRTOS/Source/timers.o
 .text.prvSampleTimeNow
                0x0800b9c0       0x40 ./Middlewares/Third_Party/FreeRTOS/Source/timers.o
 .text.prvInsertTimerInActiveList
                0x0800ba00       0x84 ./Middlewares/Third_Party/FreeRTOS/Source/timers.o
 .text.prvProcessReceivedCommands
                0x0800ba84      0x1cc ./Middlewares/Third_Party/FreeRTOS/Source/timers.o
 .text.prvSwitchTimerLists
                0x0800bc50       0xcc ./Middlewares/Third_Party/FreeRTOS/Source/timers.o
 .text.prvCheckForValidListAndQueue
                0x0800bd1c       0x80 ./Middlewares/Third_Party/FreeRTOS/Source/timers.o
 .text.pxPortInitialiseStack
                0x0800bd9c       0x68 ./Middlewares/Third_Party/FreeRTOS/Source/portable/GCC/ARM_CM4F/port.o
                0x0800bd9c                pxPortInitialiseStack
 .text.prvTaskExitError
                0x0800be04       0x5c ./Middlewares/Third_Party/FreeRTOS/Source/portable/GCC/ARM_CM4F/port.o
 .text.SVC_Handler
                0x0800be60       0x28 ./Middlewares/Third_Party/FreeRTOS/Source/portable/GCC/ARM_CM4F/port.o
                0x0800be60                SVC_Handler
 .text.prvPortStartFirstTask
                0x0800be88       0x28 ./Middlewares/Third_Party/FreeRTOS/Source/portable/GCC/ARM_CM4F/port.o
 .text.xPortStartScheduler
                0x0800beb0      0x148 ./Middlewares/Third_Party/FreeRTOS/Source/portable/GCC/ARM_CM4F/port.o
                0x0800beb0                xPortStartScheduler
 .text.vPortEnterCritical
                0x0800bff8       0x64 ./Middlewares/Third_Party/FreeRTOS/Source/portable/GCC/ARM_CM4F/port.o
                0x0800bff8                vPortEnterCritical
 .text.vPortExitCritical
                0x0800c05c       0x54 ./Middlewares/Third_Party/FreeRTOS/Source/portable/GCC/ARM_CM4F/port.o
                0x0800c05c                vPortExitCritical
 .text.PendSV_Handler
                0x0800c0b0       0x68 ./Middlewares/Third_Party/FreeRTOS/Source/portable/GCC/ARM_CM4F/port.o
                0x0800c0b0                PendSV_Handler
 .text.xPortSysTickHandler
                0x0800c118       0x44 ./Middlewares/Third_Party/FreeRTOS/Source/portable/GCC/ARM_CM4F/port.o
                0x0800c118                xPortSysTickHandler
 .text.vPortSetupTimerInterrupt
                0x0800c15c       0x48 ./Middlewares/Third_Party/FreeRTOS/Source/portable/GCC/ARM_CM4F/port.o
                0x0800c15c                vPortSetupTimerInterrupt
 .text.vPortEnableVFP
                0x0800c1a4       0x14 ./Middlewares/Third_Party/FreeRTOS/Source/portable/GCC/ARM_CM4F/port.o
 .text.vPortValidateInterruptPriority
                0x0800c1b8       0x84 ./Middlewares/Third_Party/FreeRTOS/Source/portable/GCC/ARM_CM4F/port.o
                0x0800c1b8                vPortValidateInterruptPriority
 .text.pvPortMalloc
                0x0800c23c      0x19c ./Middlewares/Third_Party/FreeRTOS/Source/portable/MemMang/heap_4.o
                0x0800c23c                pvPortMalloc
 .text.vPortFree
                0x0800c3d8       0xc8 ./Middlewares/Third_Party/FreeRTOS/Source/portable/MemMang/heap_4.o
                0x0800c3d8                vPortFree
 .text.prvHeapInit
                0x0800c4a0       0xc4 ./Middlewares/Third_Party/FreeRTOS/Source/portable/MemMang/heap_4.o
 .text.prvInsertBlockIntoFreeList
                0x0800c564       0xb4 ./Middlewares/Third_Party/FreeRTOS/Source/portable/MemMang/heap_4.o
 .text.MX_USB_DEVICE_Init
                0x0800c618       0x60 ./USB_DEVICE/App/usb_device.o
                0x0800c618                MX_USB_DEVICE_Init
 .text.CDC_Init_FS
                0x0800c678       0x28 ./USB_DEVICE/App/usbd_cdc_if.o
 .text.CDC_DeInit_FS
                0x0800c6a0       0x10 ./USB_DEVICE/App/usbd_cdc_if.o
 .text.CDC_Control_FS
                0x0800c6b0       0xbc ./USB_DEVICE/App/usbd_cdc_if.o
 .text.CDC_Receive_FS
                0x0800c76c       0xac ./USB_DEVICE/App/usbd_cdc_if.o
 .text.CDC_TransmitCplt_FS
                0x0800c818       0x22 ./USB_DEVICE/App/usbd_cdc_if.o
 *fill*         0x0800c83a        0x2 
 .text.USBD_FS_DeviceDescriptor
                0x0800c83c       0x24 ./USB_DEVICE/App/usbd_desc.o
                0x0800c83c                USBD_FS_DeviceDescriptor
 .text.USBD_FS_LangIDStrDescriptor
                0x0800c860       0x24 ./USB_DEVICE/App/usbd_desc.o
                0x0800c860                USBD_FS_LangIDStrDescriptor
 .text.USBD_FS_ProductStrDescriptor
                0x0800c884       0x3c ./USB_DEVICE/App/usbd_desc.o
                0x0800c884                USBD_FS_ProductStrDescriptor
 .text.USBD_FS_ManufacturerStrDescriptor
                0x0800c8c0       0x28 ./USB_DEVICE/App/usbd_desc.o
                0x0800c8c0                USBD_FS_ManufacturerStrDescriptor
 .text.USBD_FS_SerialStrDescriptor
                0x0800c8e8       0x24 ./USB_DEVICE/App/usbd_desc.o
                0x0800c8e8                USBD_FS_SerialStrDescriptor
 .text.USBD_FS_ConfigStrDescriptor
                0x0800c90c       0x3c ./USB_DEVICE/App/usbd_desc.o
                0x0800c90c                USBD_FS_ConfigStrDescriptor
 .text.USBD_FS_InterfaceStrDescriptor
                0x0800c948       0x3c ./USB_DEVICE/App/usbd_desc.o
                0x0800c948                USBD_FS_InterfaceStrDescriptor
 .text.Get_SerialNum
                0x0800c984       0x58 ./USB_DEVICE/App/usbd_desc.o
 .text.IntToUnicode
                0x0800c9dc       0x7e ./USB_DEVICE/App/usbd_desc.o
 *fill*         0x0800ca5a        0x2 
 .text.HAL_PCD_MspInit
                0x0800ca5c       0xa8 ./USB_DEVICE/Target/usbd_conf.o
                0x0800ca5c                HAL_PCD_MspInit
 .text.HAL_PCD_SetupStageCallback
                0x0800cb04       0x24 ./USB_DEVICE/Target/usbd_conf.o
                0x0800cb04                HAL_PCD_SetupStageCallback
 .text.HAL_PCD_DataOutStageCallback
                0x0800cb28       0x36 ./USB_DEVICE/Target/usbd_conf.o
                0x0800cb28                HAL_PCD_DataOutStageCallback
 .text.HAL_PCD_DataInStageCallback
                0x0800cb5e       0x34 ./USB_DEVICE/Target/usbd_conf.o
                0x0800cb5e                HAL_PCD_DataInStageCallback
 .text.HAL_PCD_SOFCallback
                0x0800cb92       0x1c ./USB_DEVICE/Target/usbd_conf.o
                0x0800cb92                HAL_PCD_SOFCallback
 .text.HAL_PCD_ResetCallback
                0x0800cbae       0x50 ./USB_DEVICE/Target/usbd_conf.o
                0x0800cbae                HAL_PCD_ResetCallback
 *fill*         0x0800cbfe        0x2 
 .text.HAL_PCD_SuspendCallback
                0x0800cc00       0x4c ./USB_DEVICE/Target/usbd_conf.o
                0x0800cc00                HAL_PCD_SuspendCallback
 .text.HAL_PCD_ResumeCallback
                0x0800cc4c       0x1c ./USB_DEVICE/Target/usbd_conf.o
                0x0800cc4c                HAL_PCD_ResumeCallback
 .text.HAL_PCD_ISOOUTIncompleteCallback
                0x0800cc68       0x24 ./USB_DEVICE/Target/usbd_conf.o
                0x0800cc68                HAL_PCD_ISOOUTIncompleteCallback
 .text.HAL_PCD_ISOINIncompleteCallback
                0x0800cc8c       0x24 ./USB_DEVICE/Target/usbd_conf.o
                0x0800cc8c                HAL_PCD_ISOINIncompleteCallback
 .text.HAL_PCD_ConnectCallback
                0x0800ccb0       0x1c ./USB_DEVICE/Target/usbd_conf.o
                0x0800ccb0                HAL_PCD_ConnectCallback
 .text.HAL_PCD_DisconnectCallback
                0x0800cccc       0x1c ./USB_DEVICE/Target/usbd_conf.o
                0x0800cccc                HAL_PCD_DisconnectCallback
 .text.USBD_LL_Init
                0x0800cce8       0x98 ./USB_DEVICE/Target/usbd_conf.o
                0x0800cce8                USBD_LL_Init
 .text.USBD_LL_Start
                0x0800cd80       0x36 ./USB_DEVICE/Target/usbd_conf.o
                0x0800cd80                USBD_LL_Start
 .text.USBD_LL_OpenEP
                0x0800cdb6       0x4c ./USB_DEVICE/Target/usbd_conf.o
                0x0800cdb6                USBD_LL_OpenEP
 .text.USBD_LL_CloseEP
                0x0800ce02       0x3e ./USB_DEVICE/Target/usbd_conf.o
                0x0800ce02                USBD_LL_CloseEP
 .text.USBD_LL_StallEP
                0x0800ce40       0x3e ./USB_DEVICE/Target/usbd_conf.o
                0x0800ce40                USBD_LL_StallEP
 .text.USBD_LL_ClearStallEP
                0x0800ce7e       0x3e ./USB_DEVICE/Target/usbd_conf.o
                0x0800ce7e                USBD_LL_ClearStallEP
 .text.USBD_LL_IsStallEP
                0x0800cebc       0x58 ./USB_DEVICE/Target/usbd_conf.o
                0x0800cebc                USBD_LL_IsStallEP
 .text.USBD_LL_SetUSBAddress
                0x0800cf14       0x3e ./USB_DEVICE/Target/usbd_conf.o
                0x0800cf14                USBD_LL_SetUSBAddress
 .text.USBD_LL_Transmit
                0x0800cf52       0x42 ./USB_DEVICE/Target/usbd_conf.o
                0x0800cf52                USBD_LL_Transmit
 .text.USBD_LL_PrepareReceive
                0x0800cf94       0x42 ./USB_DEVICE/Target/usbd_conf.o
                0x0800cf94                USBD_LL_PrepareReceive
 .text.USBD_LL_GetRxDataSize
                0x0800cfd6       0x26 ./USB_DEVICE/Target/usbd_conf.o
                0x0800cfd6                USBD_LL_GetRxDataSize
 .text.USBD_static_malloc
                0x0800cffc       0x1c ./USB_DEVICE/Target/usbd_conf.o
                0x0800cffc                USBD_static_malloc
 .text.USBD_static_free
                0x0800d018       0x14 ./USB_DEVICE/Target/usbd_conf.o
                0x0800d018                USBD_static_free
 .text.USBD_Get_USB_Status
                0x0800d02c       0x58 ./USB_DEVICE/Target/usbd_conf.o
                0x0800d02c                USBD_Get_USB_Status
 .text.memset   0x0800d084       0x10 C:/ST/STM32CubeIDE_1.19.0/STM32CubeIDE/plugins/com.st.stm32cube.ide.mcu.externaltools.gnu-tools-for-stm32.13.3.rel1.win32_1.0.0.202411081344/tools/bin/../lib/gcc/arm-none-eabi/13.3.1/../../../../arm-none-eabi/lib/thumb/v7e-m+fp/hard\libc_nano.a(libc_a-memset.o)
                0x0800d084                memset
 .text._reclaim_reent
                0x0800d094       0xbc C:/ST/STM32CubeIDE_1.19.0/STM32CubeIDE/plugins/com.st.stm32cube.ide.mcu.externaltools.gnu-tools-for-stm32.13.3.rel1.win32_1.0.0.202411081344/tools/bin/../lib/gcc/arm-none-eabi/13.3.1/../../../../arm-none-eabi/lib/thumb/v7e-m+fp/hard\libc_nano.a(libc_a-reent.o)
                0x0800d094                _reclaim_reent
 .text.__libc_init_array
                0x0800d150       0x48 C:/ST/STM32CubeIDE_1.19.0/STM32CubeIDE/plugins/com.st.stm32cube.ide.mcu.externaltools.gnu-tools-for-stm32.13.3.rel1.win32_1.0.0.202411081344/tools/bin/../lib/gcc/arm-none-eabi/13.3.1/../../../../arm-none-eabi/lib/thumb/v7e-m+fp/hard\libc_nano.a(libc_a-init.o)
                0x0800d150                __libc_init_array
 .text.__retarget_lock_acquire_recursive
                0x0800d198        0x2 C:/ST/STM32CubeIDE_1.19.0/STM32CubeIDE/plugins/com.st.stm32cube.ide.mcu.externaltools.gnu-tools-for-stm32.13.3.rel1.win32_1.0.0.202411081344/tools/bin/../lib/gcc/arm-none-eabi/13.3.1/../../../../arm-none-eabi/lib/thumb/v7e-m+fp/hard\libc_nano.a(libc_a-lock.o)
                0x0800d198                __retarget_lock_acquire_recursive
 .text.__retarget_lock_release_recursive
                0x0800d19a        0x2 C:/ST/STM32CubeIDE_1.19.0/STM32CubeIDE/plugins/com.st.stm32cube.ide.mcu.externaltools.gnu-tools-for-stm32.13.3.rel1.win32_1.0.0.202411081344/tools/bin/../lib/gcc/arm-none-eabi/13.3.1/../../../../arm-none-eabi/lib/thumb/v7e-m+fp/hard\libc_nano.a(libc_a-lock.o)
                0x0800d19a                __retarget_lock_release_recursive
 .text.memcpy   0x0800d19c       0x1c C:/ST/STM32CubeIDE_1.19.0/STM32CubeIDE/plugins/com.st.stm32cube.ide.mcu.externaltools.gnu-tools-for-stm32.13.3.rel1.win32_1.0.0.202411081344/tools/bin/../lib/gcc/arm-none-eabi/13.3.1/../../../../arm-none-eabi/lib/thumb/v7e-m+fp/hard\libc_nano.a(libc_a-memcpy-stub.o)
                0x0800d19c                memcpy
 .text._free_r  0x0800d1b8       0x94 C:/ST/STM32CubeIDE_1.19.0/STM32CubeIDE/plugins/com.st.stm32cube.ide.mcu.externaltools.gnu-tools-for-stm32.13.3.rel1.win32_1.0.0.202411081344/tools/bin/../lib/gcc/arm-none-eabi/13.3.1/../../../../arm-none-eabi/lib/thumb/v7e-m+fp/hard\libc_nano.a(libc_a-freer.o)
                0x0800d1b8                _free_r
 .text.__malloc_lock
                0x0800d24c        0xc C:/ST/STM32CubeIDE_1.19.0/STM32CubeIDE/plugins/com.st.stm32cube.ide.mcu.externaltools.gnu-tools-for-stm32.13.3.rel1.win32_1.0.0.202411081344/tools/bin/../lib/gcc/arm-none-eabi/13.3.1/../../../../arm-none-eabi/lib/thumb/v7e-m+fp/hard\libc_nano.a(libc_a-mlock.o)
                0x0800d24c                __malloc_lock
 .text.__malloc_unlock
                0x0800d258        0xc C:/ST/STM32CubeIDE_1.19.0/STM32CubeIDE/plugins/com.st.stm32cube.ide.mcu.externaltools.gnu-tools-for-stm32.13.3.rel1.win32_1.0.0.202411081344/tools/bin/../lib/gcc/arm-none-eabi/13.3.1/../../../../arm-none-eabi/lib/thumb/v7e-m+fp/hard\libc_nano.a(libc_a-mlock.o)
                0x0800d258                __malloc_unlock
 *(.glue_7)
 .glue_7        0x0800d264        0x0 linker stubs
 *(.glue_7t)
 .glue_7t       0x0800d264        0x0 linker stubs
 *(.eh_frame)
 .eh_frame      0x0800d264        0x0 C:/ST/STM32CubeIDE_1.19.0/STM32CubeIDE/plugins/com.st.stm32cube.ide.mcu.externaltools.gnu-tools-for-stm32.13.3.rel1.win32_1.0.0.202411081344/tools/bin/../lib/gcc/arm-none-eabi/13.3.1/thumb/v7e-m+fp/hard/crtbegin.o
 *(.init)
 .init          0x0800d264        0x4 C:/ST/STM32CubeIDE_1.19.0/STM32CubeIDE/plugins/com.st.stm32cube.ide.mcu.externaltools.gnu-tools-for-stm32.13.3.rel1.win32_1.0.0.202411081344/tools/bin/../lib/gcc/arm-none-eabi/13.3.1/thumb/v7e-m+fp/hard/crti.o
                0x0800d264                _init
 .init          0x0800d268        0x8 C:/ST/STM32CubeIDE_1.19.0/STM32CubeIDE/plugins/com.st.stm32cube.ide.mcu.externaltools.gnu-tools-for-stm32.13.3.rel1.win32_1.0.0.202411081344/tools/bin/../lib/gcc/arm-none-eabi/13.3.1/thumb/v7e-m+fp/hard/crtn.o
 *(.fini)
 .fini          0x0800d270        0x4 C:/ST/STM32CubeIDE_1.19.0/STM32CubeIDE/plugins/com.st.stm32cube.ide.mcu.externaltools.gnu-tools-for-stm32.13.3.rel1.win32_1.0.0.202411081344/tools/bin/../lib/gcc/arm-none-eabi/13.3.1/thumb/v7e-m+fp/hard/crti.o
                0x0800d270                _fini
 .fini          0x0800d274        0x8 C:/ST/STM32CubeIDE_1.19.0/STM32CubeIDE/plugins/com.st.stm32cube.ide.mcu.externaltools.gnu-tools-for-stm32.13.3.rel1.win32_1.0.0.202411081344/tools/bin/../lib/gcc/arm-none-eabi/13.3.1/thumb/v7e-m+fp/hard/crtn.o
                0x0800d27c                        . = ALIGN (0x4)
                0x0800d27c                        _etext = .

.vfp11_veneer   0x0800d27c        0x0
 .vfp11_veneer  0x0800d27c        0x0 linker stubs

.v4_bx          0x0800d27c        0x0
 .v4_bx         0x0800d27c        0x0 linker stubs

.iplt           0x0800d27c        0x0
 .iplt          0x0800d27c        0x0 C:/ST/STM32CubeIDE_1.19.0/STM32CubeIDE/plugins/com.st.stm32cube.ide.mcu.externaltools.gnu-tools-for-stm32.13.3.rel1.win32_1.0.0.202411081344/tools/bin/../lib/gcc/arm-none-eabi/13.3.1/thumb/v7e-m+fp/hard/crtbegin.o

.rodata         0x0800d27c      0x104
                0x0800d27c                        . = ALIGN (0x4)
 *(.rodata)
 .rodata        0x0800d27c       0x21 ./Core/Src/main.o
 *fill*         0x0800d29d        0x3 
 .rodata        0x0800d2a0        0x5 ./Middlewares/Third_Party/FreeRTOS/Source/tasks.o
 *fill*         0x0800d2a5        0x3 
 .rodata        0x0800d2a8        0xd ./Middlewares/Third_Party/FreeRTOS/Source/timers.o
 *fill*         0x0800d2b5        0x3 
 .rodata        0x0800d2b8       0x46 ./USB_DEVICE/App/usbd_desc.o
 *(.rodata*)
 *fill*         0x0800d2fe        0x2 
 .rodata.main_thread_attributes
                0x0800d300       0x24 ./Core/Src/main.o
                0x0800d300                main_thread_attributes
 .rodata.PWM_thread_attributes
                0x0800d324       0x24 ./Core/Src/main.o
                0x0800d324                PWM_thread_attributes
 .rodata.USBqueue_attributes
                0x0800d348       0x18 ./Core/Src/main.o
                0x0800d348                USBqueue_attributes
 .rodata.AHBPrescTable
                0x0800d360       0x10 ./Core/Src/system_stm32f4xx.o
                0x0800d360                AHBPrescTable
 .rodata.APBPrescTable
                0x0800d370        0x8 ./Core/Src/system_stm32f4xx.o
                0x0800d370                APBPrescTable
 .rodata.flagBitshiftOffset.0
                0x0800d378        0x8 ./Drivers/STM32F4xx_HAL_Driver/Src/stm32f4xx_hal_dma.o
                0x0800d380                        . = ALIGN (0x4)

.ARM.extab      0x0800d380        0x0
                0x0800d380                        . = ALIGN (0x4)
 *(.ARM.extab* .gnu.linkonce.armextab.*)
                0x0800d380                        . = ALIGN (0x4)

.ARM            0x0800d380        0x8
                0x0800d380                        . = ALIGN (0x4)
                0x0800d380                        __exidx_start = .
 *(.ARM.exidx*)
 .ARM.exidx     0x0800d380        0x8 C:/ST/STM32CubeIDE_1.19.0/STM32CubeIDE/plugins/com.st.stm32cube.ide.mcu.externaltools.gnu-tools-for-stm32.13.3.rel1.win32_1.0.0.202411081344/tools/bin/../lib/gcc/arm-none-eabi/13.3.1/thumb/v7e-m+fp/hard\libgcc.a(_udivmoddi4.o)
                0x0800d388                        __exidx_end = .
                0x0800d388                        . = ALIGN (0x4)

.preinit_array  0x0800d388        0x0
                0x0800d388                        . = ALIGN (0x4)
                0x0800d388                        PROVIDE (__preinit_array_start = .)
 *(.preinit_array*)
                0x0800d388                        PROVIDE (__preinit_array_end = .)
                0x0800d388                        . = ALIGN (0x4)

.init_array     0x0800d388        0x4
                0x0800d388                        . = ALIGN (0x4)
                0x0800d388                        PROVIDE (__init_array_start = .)
 *(SORT_BY_NAME(.init_array.*))
 *(.init_array*)
 .init_array    0x0800d388        0x4 C:/ST/STM32CubeIDE_1.19.0/STM32CubeIDE/plugins/com.st.stm32cube.ide.mcu.externaltools.gnu-tools-for-stm32.13.3.rel1.win32_1.0.0.202411081344/tools/bin/../lib/gcc/arm-none-eabi/13.3.1/thumb/v7e-m+fp/hard/crtbegin.o
                0x0800d38c                        PROVIDE (__init_array_end = .)
                0x0800d38c                        . = ALIGN (0x4)

.fini_array     0x0800d38c        0x4
                0x0800d38c                        . = ALIGN (0x4)
                [!provide]                        PROVIDE (__fini_array_start = .)
 *(SORT_BY_NAME(.fini_array.*))
 *(.fini_array*)
 .fini_array    0x0800d38c        0x4 C:/ST/STM32CubeIDE_1.19.0/STM32CubeIDE/plugins/com.st.stm32cube.ide.mcu.externaltools.gnu-tools-for-stm32.13.3.rel1.win32_1.0.0.202411081344/tools/bin/../lib/gcc/arm-none-eabi/13.3.1/thumb/v7e-m+fp/hard/crtbegin.o
                [!provide]                        PROVIDE (__fini_array_end = .)
                0x0800d390                        . = ALIGN (0x4)
                0x0800d390                        _sidata = LOADADDR (.data)

.rel.dyn        0x0800d390        0x0
 .rel.iplt      0x0800d390        0x0 C:/ST/STM32CubeIDE_1.19.0/STM32CubeIDE/plugins/com.st.stm32cube.ide.mcu.externaltools.gnu-tools-for-stm32.13.3.rel1.win32_1.0.0.202411081344/tools/bin/../lib/gcc/arm-none-eabi/13.3.1/thumb/v7e-m+fp/hard/crtbegin.o

.data           0x20000000      0x150 load address 0x0800d390
                0x20000000                        . = ALIGN (0x4)
                0x20000000                        _sdata = .
 *(.data)
 *(.data*)
 .data.SystemCoreClock
                0x20000000        0x4 ./Core/Src/system_stm32f4xx.o
                0x20000000                SystemCoreClock
 .data.uwTickPrio
                0x20000004        0x4 ./Drivers/STM32F4xx_HAL_Driver/Src/stm32f4xx_hal.o
                0x20000004                uwTickPrio
 .data.uwTickFreq
                0x20000008        0x1 ./Drivers/STM32F4xx_HAL_Driver/Src/stm32f4xx_hal.o
                0x20000008                uwTickFreq
 *fill*         0x20000009        0x3 
 .data.USBD_CDC_DeviceQualifierDesc
                0x2000000c        0xa ./Middlewares/ST/STM32_USB_Device_Library/Class/CDC/Src/usbd_cdc.o
 *fill*         0x20000016        0x2 
 .data.USBD_CDC
                0x20000018       0x38 ./Middlewares/ST/STM32_USB_Device_Library/Class/CDC/Src/usbd_cdc.o
                0x20000018                USBD_CDC
 .data.USBD_CDC_CfgDesc
                0x20000050       0x43 ./Middlewares/ST/STM32_USB_Device_Library/Class/CDC/Src/usbd_cdc.o
 .data.CDCInEpAdd
                0x20000093        0x1 ./Middlewares/ST/STM32_USB_Device_Library/Class/CDC/Src/usbd_cdc.o
 .data.CDCOutEpAdd
                0x20000094        0x1 ./Middlewares/ST/STM32_USB_Device_Library/Class/CDC/Src/usbd_cdc.o
 .data.CDCCmdEpAdd
                0x20000095        0x1 ./Middlewares/ST/STM32_USB_Device_Library/Class/CDC/Src/usbd_cdc.o
 *fill*         0x20000096        0x2 
 .data.uxCriticalNesting
                0x20000098        0x4 ./Middlewares/Third_Party/FreeRTOS/Source/portable/GCC/ARM_CM4F/port.o
 .data.USBD_Interface_fops_FS
                0x2000009c       0x14 ./USB_DEVICE/App/usbd_cdc_if.o
                0x2000009c                USBD_Interface_fops_FS
 .data.FS_Desc  0x200000b0       0x1c ./USB_DEVICE/App/usbd_desc.o
                0x200000b0                FS_Desc
 .data.USBD_FS_DeviceDesc
                0x200000cc       0x12 ./USB_DEVICE/App/usbd_desc.o
                0x200000cc                USBD_FS_DeviceDesc
 *fill*         0x200000de        0x2 
 .data.USBD_LangIDDesc
                0x200000e0        0x4 ./USB_DEVICE/App/usbd_desc.o
                0x200000e0                USBD_LangIDDesc
 .data.USBD_StringSerial
                0x200000e4       0x1a ./USB_DEVICE/App/usbd_desc.o
                0x200000e4                USBD_StringSerial
 *fill*         0x200000fe        0x2 
 .data._impure_ptr
                0x20000100        0x4 C:/ST/STM32CubeIDE_1.19.0/STM32CubeIDE/plugins/com.st.stm32cube.ide.mcu.externaltools.gnu-tools-for-stm32.13.3.rel1.win32_1.0.0.202411081344/tools/bin/../lib/gcc/arm-none-eabi/13.3.1/../../../../arm-none-eabi/lib/thumb/v7e-m+fp/hard\libc_nano.a(libc_a-impure.o)
                0x20000100                _impure_ptr
 .data._impure_data
                0x20000104       0x4c C:/ST/STM32CubeIDE_1.19.0/STM32CubeIDE/plugins/com.st.stm32cube.ide.mcu.externaltools.gnu-tools-for-stm32.13.3.rel1.win32_1.0.0.202411081344/tools/bin/../lib/gcc/arm-none-eabi/13.3.1/../../../../arm-none-eabi/lib/thumb/v7e-m+fp/hard\libc_nano.a(libc_a-impure.o)
                0x20000104                _impure_data
 *(.RamFunc)
 *(.RamFunc*)
                0x20000150                        . = ALIGN (0x4)
                0x20000150                        _edata = .
                0x0800d4e0                        _siccmram = LOADADDR (.ccmram)

.igot.plt       0x20000150        0x0 load address 0x0800d4e0
 .igot.plt      0x20000150        0x0 C:/ST/STM32CubeIDE_1.19.0/STM32CubeIDE/plugins/com.st.stm32cube.ide.mcu.externaltools.gnu-tools-for-stm32.13.3.rel1.win32_1.0.0.202411081344/tools/bin/../lib/gcc/arm-none-eabi/13.3.1/thumb/v7e-m+fp/hard/crtbegin.o

.ccmram         0x10000000        0x0 load address 0x0800d4e0
                0x10000000                        . = ALIGN (0x4)
                0x10000000                        _sccmram = .
 *(.ccmram)
 *(.ccmram*)
                0x10000000                        . = ALIGN (0x4)
                0x10000000                        _eccmram = .
                0x10000000                        . = ALIGN (0x4)

.bss            0x20000150     0x6f90
                0x20000150                        _sbss = .
                0x20000150                        __bss_start__ = _sbss
 *(.bss)
 .bss           0x20000150       0x1c C:/ST/STM32CubeIDE_1.19.0/STM32CubeIDE/plugins/com.st.stm32cube.ide.mcu.externaltools.gnu-tools-for-stm32.13.3.rel1.win32_1.0.0.202411081344/tools/bin/../lib/gcc/arm-none-eabi/13.3.1/thumb/v7e-m+fp/hard/crtbegin.o
 *(.bss*)
 .bss.hadc1     0x2000016c       0x48 ./Core/Src/main.o
                0x2000016c                hadc1
 .bss.hdma_adc1
                0x200001b4       0x60 ./Core/Src/main.o
                0x200001b4                hdma_adc1
 .bss.htim1     0x20000214       0x48 ./Core/Src/main.o
                0x20000214                htim1
 .bss.htim2     0x2000025c       0x48 ./Core/Src/main.o
                0x2000025c                htim2
 .bss.htim3     0x200002a4       0x48 ./Core/Src/main.o
                0x200002a4                htim3
 .bss.htim7     0x200002ec       0x48 ./Core/Src/main.o
                0x200002ec                htim7
 .bss.main_threadHandle
                0x20000334        0x4 ./Core/Src/main.o
                0x20000334                main_threadHandle
 .bss.mainTaskBuffer
                0x20000338      0x200 ./Core/Src/main.o
                0x20000338                mainTaskBuffer
 .bss.mainTaskControlBlock
                0x20000538       0xa8 ./Core/Src/main.o
                0x20000538                mainTaskControlBlock
 .bss.PWM_threadHandle
                0x200005e0        0x4 ./Core/Src/main.o
                0x200005e0                PWM_threadHandle
 .bss.PWM_threadBuffer
                0x200005e4      0x200 ./Core/Src/main.o
                0x200005e4                PWM_threadBuffer
 .bss.PWM_threadControlBlock
                0x200007e4       0xa8 ./Core/Src/main.o
                0x200007e4                PWM_threadControlBlock
 .bss.USBqueueHandle
                0x2000088c        0x4 ./Core/Src/main.o
                0x2000088c                USBqueueHandle
 .bss.USBqueueBuffer
                0x20000890       0x58 ./Core/Src/main.o
                0x20000890                USBqueueBuffer
 .bss.USBqueueControlBlock
                0x200008e8       0x50 ./Core/Src/main.o
                0x200008e8                USBqueueControlBlock
 .bss.htim6     0x20000938       0x48 ./Core/Src/stm32f4xx_hal_timebase_tim.o
                0x20000938                htim6
 .bss.active_packet
                0x20000980        0xb ./Core/Src/usb_packet.o
                0x20000980                active_packet
 *fill*         0x2000098b        0x1 
 .bss.rxBuffer  0x2000098c       0x40 ./Core/Src/usb_packet.o
                0x2000098c                rxBuffer
 .bss.rxIndex   0x200009cc        0x1 ./Core/Src/usb_packet.o
                0x200009cc                rxIndex
 *fill*         0x200009cd        0x3 
 .bss.uwTick    0x200009d0        0x4 ./Drivers/STM32F4xx_HAL_Driver/Src/stm32f4xx_hal.o
                0x200009d0                uwTick
 .bss.cfgidx.0  0x200009d4        0x1 ./Middlewares/ST/STM32_USB_Device_Library/Core/Src/usbd_ctlreq.o
 *fill*         0x200009d5        0x3 
 .bss.KernelState
                0x200009d8        0x4 ./Middlewares/Third_Party/FreeRTOS/Source/CMSIS_RTOS_V2/cmsis_os2.o
 .bss.Idle_TCB.3
                0x200009dc       0xa8 ./Middlewares/Third_Party/FreeRTOS/Source/CMSIS_RTOS_V2/cmsis_os2.o
 .bss.Idle_Stack.2
                0x20000a84      0x200 ./Middlewares/Third_Party/FreeRTOS/Source/CMSIS_RTOS_V2/cmsis_os2.o
 .bss.Timer_TCB.1
                0x20000c84       0xa8 ./Middlewares/Third_Party/FreeRTOS/Source/CMSIS_RTOS_V2/cmsis_os2.o
 .bss.Timer_Stack.0
                0x20000d2c      0x400 ./Middlewares/Third_Party/FreeRTOS/Source/CMSIS_RTOS_V2/cmsis_os2.o
 .bss.xQueueRegistry
                0x2000112c       0x40 ./Middlewares/Third_Party/FreeRTOS/Source/queue.o
                0x2000112c                xQueueRegistry
 .bss.pxCurrentTCB
                0x2000116c        0x4 ./Middlewares/Third_Party/FreeRTOS/Source/tasks.o
                0x2000116c                pxCurrentTCB
 .bss.pxReadyTasksLists
                0x20001170      0x460 ./Middlewares/Third_Party/FreeRTOS/Source/tasks.o
 .bss.xDelayedTaskList1
                0x200015d0       0x14 ./Middlewares/Third_Party/FreeRTOS/Source/tasks.o
 .bss.xDelayedTaskList2
                0x200015e4       0x14 ./Middlewares/Third_Party/FreeRTOS/Source/tasks.o
 .bss.pxDelayedTaskList
                0x200015f8        0x4 ./Middlewares/Third_Party/FreeRTOS/Source/tasks.o
 .bss.pxOverflowDelayedTaskList
                0x200015fc        0x4 ./Middlewares/Third_Party/FreeRTOS/Source/tasks.o
 .bss.xPendingReadyList
                0x20001600       0x14 ./Middlewares/Third_Party/FreeRTOS/Source/tasks.o
 .bss.xTasksWaitingTermination
                0x20001614       0x14 ./Middlewares/Third_Party/FreeRTOS/Source/tasks.o
 .bss.uxDeletedTasksWaitingCleanUp
                0x20001628        0x4 ./Middlewares/Third_Party/FreeRTOS/Source/tasks.o
 .bss.xSuspendedTaskList
                0x2000162c       0x14 ./Middlewares/Third_Party/FreeRTOS/Source/tasks.o
 .bss.uxCurrentNumberOfTasks
                0x20001640        0x4 ./Middlewares/Third_Party/FreeRTOS/Source/tasks.o
 .bss.xTickCount
                0x20001644        0x4 ./Middlewares/Third_Party/FreeRTOS/Source/tasks.o
 .bss.uxTopReadyPriority
                0x20001648        0x4 ./Middlewares/Third_Party/FreeRTOS/Source/tasks.o
 .bss.xSchedulerRunning
                0x2000164c        0x4 ./Middlewares/Third_Party/FreeRTOS/Source/tasks.o
 .bss.xPendedTicks
                0x20001650        0x4 ./Middlewares/Third_Party/FreeRTOS/Source/tasks.o
 .bss.xYieldPending
                0x20001654        0x4 ./Middlewares/Third_Party/FreeRTOS/Source/tasks.o
 .bss.xNumOfOverflows
                0x20001658        0x4 ./Middlewares/Third_Party/FreeRTOS/Source/tasks.o
 .bss.uxTaskNumber
                0x2000165c        0x4 ./Middlewares/Third_Party/FreeRTOS/Source/tasks.o
 .bss.xNextTaskUnblockTime
                0x20001660        0x4 ./Middlewares/Third_Party/FreeRTOS/Source/tasks.o
 .bss.xIdleTaskHandle
                0x20001664        0x4 ./Middlewares/Third_Party/FreeRTOS/Source/tasks.o
 .bss.uxSchedulerSuspended
                0x20001668        0x4 ./Middlewares/Third_Party/FreeRTOS/Source/tasks.o
 .bss.xActiveTimerList1
                0x2000166c       0x14 ./Middlewares/Third_Party/FreeRTOS/Source/timers.o
 .bss.xActiveTimerList2
                0x20001680       0x14 ./Middlewares/Third_Party/FreeRTOS/Source/timers.o
 .bss.pxCurrentTimerList
                0x20001694        0x4 ./Middlewares/Third_Party/FreeRTOS/Source/timers.o
 .bss.pxOverflowTimerList
                0x20001698        0x4 ./Middlewares/Third_Party/FreeRTOS/Source/timers.o
 .bss.xTimerQueue
                0x2000169c        0x4 ./Middlewares/Third_Party/FreeRTOS/Source/timers.o
 .bss.xTimerTaskHandle
                0x200016a0        0x4 ./Middlewares/Third_Party/FreeRTOS/Source/timers.o
 .bss.xLastTime.2
                0x200016a4        0x4 ./Middlewares/Third_Party/FreeRTOS/Source/timers.o
 .bss.ucStaticTimerQueueStorage.1
                0x200016a8       0xa0 ./Middlewares/Third_Party/FreeRTOS/Source/timers.o
 .bss.xStaticTimerQueue.0
                0x20001748       0x50 ./Middlewares/Third_Party/FreeRTOS/Source/timers.o
 .bss.ucMaxSysCallPriority
                0x20001798        0x1 ./Middlewares/Third_Party/FreeRTOS/Source/portable/GCC/ARM_CM4F/port.o
 *fill*         0x20001799        0x3 
 .bss.ulMaxPRIGROUPValue
                0x2000179c        0x4 ./Middlewares/Third_Party/FreeRTOS/Source/portable/GCC/ARM_CM4F/port.o
 .bss.ucHeap    0x200017a0     0x3c00 ./Middlewares/Third_Party/FreeRTOS/Source/portable/MemMang/heap_4.o
 .bss.xStart    0x200053a0        0x8 ./Middlewares/Third_Party/FreeRTOS/Source/portable/MemMang/heap_4.o
 .bss.pxEnd     0x200053a8        0x4 ./Middlewares/Third_Party/FreeRTOS/Source/portable/MemMang/heap_4.o
 .bss.xFreeBytesRemaining
                0x200053ac        0x4 ./Middlewares/Third_Party/FreeRTOS/Source/portable/MemMang/heap_4.o
 .bss.xMinimumEverFreeBytesRemaining
                0x200053b0        0x4 ./Middlewares/Third_Party/FreeRTOS/Source/portable/MemMang/heap_4.o
 .bss.xNumberOfSuccessfulAllocations
                0x200053b4        0x4 ./Middlewares/Third_Party/FreeRTOS/Source/portable/MemMang/heap_4.o
 .bss.xNumberOfSuccessfulFrees
                0x200053b8        0x4 ./Middlewares/Third_Party/FreeRTOS/Source/portable/MemMang/heap_4.o
 .bss.xBlockAllocatedBit
                0x200053bc        0x4 ./Middlewares/Third_Party/FreeRTOS/Source/portable/MemMang/heap_4.o
 .bss.hUsbDeviceFS
                0x200053c0      0x2dc ./USB_DEVICE/App/usb_device.o
                0x200053c0                hUsbDeviceFS
 .bss.UserRxBufferFS
                0x2000569c      0x800 ./USB_DEVICE/App/usbd_cdc_if.o
                0x2000569c                UserRxBufferFS
 .bss.UserTxBufferFS
                0x20005e9c      0x800 ./USB_DEVICE/App/usbd_cdc_if.o
                0x20005e9c                UserTxBufferFS
 .bss.USBD_StrDesc
                0x2000669c      0x200 ./USB_DEVICE/App/usbd_desc.o
                0x2000669c                USBD_StrDesc
 .bss.hpcd_USB_OTG_FS
                0x2000689c      0x4e4 ./USB_DEVICE/Target/usbd_conf.o
                0x2000689c                hpcd_USB_OTG_FS
 .bss.mem.0     0x20006d80      0x220 ./USB_DEVICE/Target/usbd_conf.o
 .bss.__sf      0x20006fa0      0x138 C:/ST/STM32CubeIDE_1.19.0/STM32CubeIDE/plugins/com.st.stm32cube.ide.mcu.externaltools.gnu-tools-for-stm32.13.3.rel1.win32_1.0.0.202411081344/tools/bin/../lib/gcc/arm-none-eabi/13.3.1/../../../../arm-none-eabi/lib/thumb/v7e-m+fp/hard\libc_nano.a(libc_a-findfp.o)
                0x20006fa0                __sf
 .bss.__lock___malloc_recursive_mutex
                0x200070d8        0x1 C:/ST/STM32CubeIDE_1.19.0/STM32CubeIDE/plugins/com.st.stm32cube.ide.mcu.externaltools.gnu-tools-for-stm32.13.3.rel1.win32_1.0.0.202411081344/tools/bin/../lib/gcc/arm-none-eabi/13.3.1/../../../../arm-none-eabi/lib/thumb/v7e-m+fp/hard\libc_nano.a(libc_a-lock.o)
                0x200070d8                __lock___malloc_recursive_mutex
 *fill*         0x200070d9        0x3 
 .bss.__malloc_free_list
                0x200070dc        0x4 C:/ST/STM32CubeIDE_1.19.0/STM32CubeIDE/plugins/com.st.stm32cube.ide.mcu.externaltools.gnu-tools-for-stm32.13.3.rel1.win32_1.0.0.202411081344/tools/bin/../lib/gcc/arm-none-eabi/13.3.1/../../../../arm-none-eabi/lib/thumb/v7e-m+fp/hard\libc_nano.a(libc_a-mallocr.o)
                0x200070dc                __malloc_free_list
 *(COMMON)
                0x200070e0                        . = ALIGN (0x4)
                0x200070e0                        _ebss = .
                0x200070e0                        __bss_end__ = _ebss

._user_heap_stack
                0x200070e0      0x600
                0x200070e0                        . = ALIGN (0x8)
                [!provide]                        PROVIDE (end = .)
                0x200070e0                        PROVIDE (_end = .)
                0x200072e0                        . = (. + _Min_Heap_Size)
 *fill*         0x200070e0      0x200 
                0x200076e0                        . = (. + _Min_Stack_Size)
 *fill*         0x200072e0      0x400 
                0x200076e0                        . = ALIGN (0x8)

/DISCARD/
 libc.a(*)
 libm.a(*)
 libgcc.a(*)

.ARM.attributes
                0x00000000       0x30
 *(.ARM.attributes)
 .ARM.attributes
                0x00000000       0x22 C:/ST/STM32CubeIDE_1.19.0/STM32CubeIDE/plugins/com.st.stm32cube.ide.mcu.externaltools.gnu-tools-for-stm32.13.3.rel1.win32_1.0.0.202411081344/tools/bin/../lib/gcc/arm-none-eabi/13.3.1/thumb/v7e-m+fp/hard/crti.o
 .ARM.attributes
                0x00000022       0x34 C:/ST/STM32CubeIDE_1.19.0/STM32CubeIDE/plugins/com.st.stm32cube.ide.mcu.externaltools.gnu-tools-for-stm32.13.3.rel1.win32_1.0.0.202411081344/tools/bin/../lib/gcc/arm-none-eabi/13.3.1/thumb/v7e-m+fp/hard/crtbegin.o
 .ARM.attributes
                0x00000056       0x34 ./Core/Src/main.o
 .ARM.attributes
                0x0000008a       0x34 ./Core/Src/motor.o
 .ARM.attributes