Archive member included to satisfy reference by file (symbol)

C:/ST/STM32CubeIDE_1.19.0/STM32CubeIDE/plugins/com.st.stm32cube.ide.mcu.externaltools.gnu-tools-for-stm32.13.3.rel1.win32_1.0.0.202411081344/tools/bin/../lib/gcc/arm-none-eabi/13.3.1/../../../../arm-none-eabi/lib/thumb/v7e-m+fp/hard\libc_nano.a(libc_a-exit.o)
                              C:/ST/STM32CubeIDE_1.19.0/STM32CubeIDE/plugins/com.st.stm32cube.ide.mcu.externaltools.gnu-tools-for-stm32.13.3.rel1.win32_1.0.0.202411081344/tools/bin/../lib/gcc/arm-none-eabi/13.3.1/../../../../arm-none-eabi/lib/thumb/v7e-m+fp/hard/crt0.o (exit)
C:/ST/STM32CubeIDE_1.19.0/STM32CubeIDE/plugins/com.st.stm32cube.ide.mcu.externaltools.gnu-tools-for-stm32.13.3.rel1.win32_1.0.0.202411081344/tools/bin/../lib/gcc/arm-none-eabi/13.3.1/../../../../arm-none-eabi/lib/thumb/v7e-m+fp/hard\libc_nano.a(libc_a-findfp.o)
                              ./Middlewares/Third_Party/FreeRTOS/Source/tasks.o (__sf)
C:/ST/STM32CubeIDE_1.19.0/STM32CubeIDE/plugins/com.st.stm32cube.ide.mcu.externaltools.gnu-tools-for-stm32.13.3.rel1.win32_1.0.0.202411081344/tools/bin/../lib/gcc/arm-none-eabi/13.3.1/../../../../arm-none-eabi/lib/thumb/v7e-m+fp/hard\libc_nano.a(libc_a-fwalk.o)
                              C:/ST/STM32CubeIDE_1.19.0/STM32CubeIDE/plugins/com.st.stm32cube.ide.mcu.externaltools.gnu-tools-for-stm32.13.3.rel1.win32_1.0.0.202411081344/tools/bin/../lib/gcc/arm-none-eabi/13.3.1/../../../../arm-none-eabi/lib/thumb/v7e-m+fp/hard\libc_nano.a(libc_a-findfp.o) (_fwalk_sglue)
C:/ST/STM32CubeIDE_1.19.0/STM32CubeIDE/plugins/com.st.stm32cube.ide.mcu.externaltools.gnu-tools-for-stm32.13.3.rel1.win32_1.0.0.202411081344/tools/bin/../lib/gcc/arm-none-eabi/13.3.1/../../../../arm-none-eabi/lib/thumb/v7e-m+fp/hard\libc_nano.a(libc_a-stdio.o)
                              C:/ST/STM32CubeIDE_1.19.0/STM32CubeIDE/plugins/com.st.stm32cube.ide.mcu.externaltools.gnu-tools-for-stm32.13.3.rel1.win32_1.0.0.202411081344/tools/bin/../lib/gcc/arm-none-eabi/13.3.1/../../../../arm-none-eabi/lib/thumb/v7e-m+fp/hard\libc_nano.a(libc_a-findfp.o) (__sread)
C:/ST/STM32CubeIDE_1.19.0/STM32CubeIDE/plugins/com.st.stm32cube.ide.mcu.externaltools.gnu-tools-for-stm32.13.3.rel1.win32_1.0.0.202411081344/tools/bin/../lib/gcc/arm-none-eabi/13.3.1/../../../../arm-none-eabi/lib/thumb/v7e-m+fp/hard\libc_nano.a(libc_a-memset.o)
                              C:/ST/STM32CubeIDE_1.19.0/STM32CubeIDE/plugins/com.st.stm32cube.ide.mcu.externaltools.gnu-tools-for-stm32.13.3.rel1.win32_1.0.0.202411081344/tools/bin/../lib/gcc/arm-none-eabi/13.3.1/../../../../arm-none-eabi/lib/thumb/v7e-m+fp/hard/crt0.o (memset)
C:/ST/STM32CubeIDE_1.19.0/STM32CubeIDE/plugins/com.st.stm32cube.ide.mcu.externaltools.gnu-tools-for-stm32.13.3.rel1.win32_1.0.0.202411081344/tools/bin/../lib/gcc/arm-none-eabi/13.3.1/../../../../arm-none-eabi/lib/thumb/v7e-m+fp/hard\libc_nano.a(libc_a-closer.o)
                              C:/ST/STM32CubeIDE_1.19.0/STM32CubeIDE/plugins/com.st.stm32cube.ide.mcu.externaltools.gnu-tools-for-stm32.13.3.rel1.win32_1.0.0.202411081344/tools/bin/../lib/gcc/arm-none-eabi/13.3.1/../../../../arm-none-eabi/lib/thumb/v7e-m+fp/hard\libc_nano.a(libc_a-stdio.o) (_close_r)
C:/ST/STM32CubeIDE_1.19.0/STM32CubeIDE/plugins/com.st.stm32cube.ide.mcu.externaltools.gnu-tools-for-stm32.13.3.rel1.win32_1.0.0.202411081344/tools/bin/../lib/gcc/arm-none-eabi/13.3.1/../../../../arm-none-eabi/lib/thumb/v7e-m+fp/hard\libc_nano.a(libc_a-reent.o)
                              ./Middlewares/Third_Party/FreeRTOS/Source/tasks.o (_reclaim_reent)
C:/ST/STM32CubeIDE_1.19.0/STM32CubeIDE/plugins/com.st.stm32cube.ide.mcu.externaltools.gnu-tools-for-stm32.13.3.rel1.win32_1.0.0.202411081344/tools/bin/../lib/gcc/arm-none-eabi/13.3.1/../../../../arm-none-eabi/lib/thumb/v7e-m+fp/hard\libc_nano.a(libc_a-impure.o)
                              ./Middlewares/Third_Party/FreeRTOS/Source/tasks.o (_impure_ptr)
C:/ST/STM32CubeIDE_1.19.0/STM32CubeIDE/plugins/com.st.stm32cube.ide.mcu.externaltools.gnu-tools-for-stm32.13.3.rel1.win32_1.0.0.202411081344/tools/bin/../lib/gcc/arm-none-eabi/13.3.1/../../../../arm-none-eabi/lib/thumb/v7e-m+fp/hard\libc_nano.a(libc_a-lseekr.o)
                              C:/ST/STM32CubeIDE_1.19.0/STM32CubeIDE/plugins/com.st.stm32cube.ide.mcu.externaltools.gnu-tools-for-stm32.13.3.rel1.win32_1.0.0.202411081344/tools/bin/../lib/gcc/arm-none-eabi/13.3.1/../../../../arm-none-eabi/lib/thumb/v7e-m+fp/hard\libc_nano.a(libc_a-stdio.o) (_lseek_r)
C:/ST/STM32CubeIDE_1.19.0/STM32CubeIDE/plugins/com.st.stm32cube.ide.mcu.externaltools.gnu-tools-for-stm32.13.3.rel1.win32_1.0.0.202411081344/tools/bin/../lib/gcc/arm-none-eabi/13.3.1/../../../../arm-none-eabi/lib/thumb/v7e-m+fp/hard\libc_nano.a(libc_a-readr.o)
[...]
Memory Configuration

Name             Origin             Length             Attributes
CCMRAM           0x10000000         0x00010000         xrw
RAM              0x20000000         0x00020000         xrw
FLASH            0x08000000         0x00080000         xr
*default*        0x00000000         0xffffffff

Linker script and memory map

LOAD C:/ST/STM32CubeIDE_1.19.0/STM32CubeIDE/plugins/com.st.stm32cube.ide.mcu.externaltools.gnu-tools-for-stm32.13.3.rel1.win32_1.0.0.202411081344/tools/bin/../lib/gcc/arm-none-eabi/13.3.1/thumb/v7e-m+fp/hard/crti.o
LOAD C:/ST/STM32CubeIDE_1.19.0/STM32CubeIDE/plugins/com.st.stm32cube.ide.mcu.externaltools.gnu-tools-for-stm32.13.3.rel1.win32_1.0.0.202411081344/tools/bin/../lib/gcc/arm-none-eabi/13.3.1/thumb/v7e-m+fp/hard/crtbegin.o
LOAD C:/ST/STM32CubeIDE_1.19.0/STM32CubeIDE/plugins/com.st.stm32cube.ide.mcu.externaltools.gnu-tools-for-stm32.13.3.rel1.win32_1.0.0.202411081344/tools/bin/../lib/gcc/arm-none-eabi/13.3.1/../../../../arm-none-eabi/lib/thumb/v7e-m+fp/hard/crt0.o
LOAD ./Core/Src/freertos.o
LOAD ./Core/Src/main.o
LOAD ./Core/Src/mpu6050.o
LOAD ./Core/Src/stm32f4xx_hal_msp.o
LOAD ./Core/Src/stm32f4xx_hal_timebase_tim.o
LOAD ./Core/Src/stm32f4xx_it.o
LOAD ./Core/Src/syscalls.o
LOAD ./Core/Src/sysmem.o
LOAD ./Core/Src/system_stm32f4xx.o
LOAD ./Core/Startup/startup_stm32f407vetx.o
LOAD ./Drivers/STM32F4xx_HAL_Driver/Src/stm32f4xx_hal.o
LOAD ./Drivers/STM32F4xx_HAL_Driver/Src/stm32f4xx_hal_adc.o
LOAD ./Drivers/STM32F4xx_HAL_Driver/Src/stm32f4xx_hal_adc_ex.o
LOAD ./Drivers/STM32F4xx_HAL_Driver/Src/stm32f4xx_hal_cortex.o
LOAD ./Drivers/STM32F4xx_HAL_Driver/Src/stm32f4xx_hal_crc.o
LOAD ./Drivers/STM32F4xx_HAL_Driver/Src/stm32f4xx_hal_dma.o
LOAD ./Drivers/STM32F4xx_HAL_Driver/Src/stm32f4xx_hal_dma_ex.o
LOAD ./Drivers/STM32F4xx_HAL_Driver/Src/stm32f4xx_hal_exti.o
LOAD ./Drivers/STM32F4xx_HAL_Driver/Src/stm32f4xx_hal_flash.o
LOAD ./Drivers/STM32F4xx_HAL_Driver/Src/stm32f4xx_hal_flash_ex.o
LOAD ./Drivers/STM32F4xx_HAL_Driver/Src/stm32f4xx_hal_flash_ramfunc.o
LOAD ./Drivers/STM32F4xx_HAL_Driver/Src/stm32f4xx_hal_gpio.o
LOAD ./Drivers/STM32F4xx_HAL_Driver/Src/stm32f4xx_hal_pcd.o
LOAD ./Drivers/STM32F4xx_HAL_Driver/Src/stm32f4xx_hal_pcd_ex.o
LOAD ./Drivers/STM32F4xx_HAL_Driver/Src/stm32f4xx_hal_pwr.o
LOAD ./Drivers/STM32F4xx_HAL_Driver/Src/stm32f4xx_hal_pwr_ex.o
LOAD ./Drivers/STM32F4xx_HAL_Driver/Src/stm32f4xx_hal_rcc.o
LOAD ./Drivers/STM32F4xx_HAL_Driver/Src/stm32f4xx_hal_rcc_ex.o
LOAD ./Drivers/STM32F4xx_HAL_Driver/Src/stm32f4xx_hal_tim.o
LOAD ./Drivers/STM32F4xx_HAL_Driver/Src/stm32f4xx_hal_tim_ex.o
LOAD ./Drivers/STM32F4xx_HAL_Driver/Src/stm32f4xx_ll_adc.o
LOAD ./Drivers/STM32F4xx_HAL_Driver/Src/stm32f4xx_ll_usb.o
LOAD ./Middlewares/ST/STM32_USB_Device_Library/Class/CDC/Src/usbd_cdc.o
LOAD ./Middlewares/ST/STM32_USB_Device_Library/Core/Src/usbd_core.o
LOAD ./Middlewares/ST/STM32_USB_Device_Library/Core/Src/usbd_ctlreq.o
LOAD ./Middlewares/ST/STM32_USB_Device_Library/Core/Src/usbd_ioreq.o
LOAD ./Middlewares/Third_Party/FreeRTOS/Source/CMSIS_RTOS_V2/cmsis_os2.o
LOAD ./Middlewares/Third_Party/FreeRTOS/Source/croutine.o
LOAD ./Middlewares/Third_Party/FreeRTOS/Source/event_groups.o
LOAD ./Middlewares/Third_Party/FreeRTOS/Source/list.o
LOAD ./Middlewares/Third_Party/FreeRTOS/Source/queue.o
LOAD ./Middlewares/Third_Party/FreeRTOS/Source/stream_buffer.o
LOAD ./Middlewares/Third_Party/FreeRTOS/Source/tasks.o
LOAD ./Middlewares/Third_Party/FreeRTOS/Source/timers.o
LOAD ./Middlewares/Third_Party/FreeRTOS/Source/portable/GCC/ARM_CM4F/port.o
LOAD ./Middlewares/Third_Party/FreeRTOS/Source/portable/MemMang/heap_4.o
LOAD ./USB_DEVICE/App/usb_device.o
LOAD ./USB_DEVICE/App/usbd_cdc_if.o
LOAD ./USB_DEVICE/App/usbd_desc.o
LOAD ./USB_DEVICE/Target/usbd_conf.o
START GROUP
LOAD C:/ST/STM32CubeIDE_1.19.0/STM32CubeIDE/plugins/com.st.stm32cube.ide.mcu.externaltools.gnu-tools-for-stm32.13.3.rel1.win32_1.0.0.202411081344/tools/bin/../lib/gcc/arm-none-eabi/13.3.1/../../../../arm-none-eabi/lib/thumb/v7e-m+fp/hard\libc_nano.a
LOAD C:/ST/STM32CubeIDE_1.19.0/STM32CubeIDE/plugins/com.st.stm32cube.ide.mcu.externaltools.gnu-tools-for-stm32.13.3.rel1.win32_1.0.0.202411081344/tools/bin/../lib/gcc/arm-none-eabi/13.3.1/../../../../arm-none-eabi/lib/thumb/v7e-m+fp/hard\libm.a
END GROUP
START GROUP
LOAD C:/ST/STM32CubeIDE_1.19.0/STM32CubeIDE/plugins/com.st.stm32cube.ide.mcu.externaltools.gnu-tools-for-stm32.13.3.rel1.win32_1.0.0.202411081344/tools/bin/../lib/gcc/arm-none-eabi/13.3.1/thumb/v7e-m+fp/hard\libgcc.a
LOAD C:/ST/STM32CubeIDE_1.19.0/STM32CubeIDE/plugins/com.st.stm32cube.ide.mcu.externaltools.gnu-tools-for-stm32.13.3.rel1.win32_1.0.0.202411081344/tools/bin/../lib/gcc/arm-none-eabi/13.3.1/../../../../arm-none-eabi/lib/thumb/v7e-m+fp/hard\libc_nano.a
END GROUP
START GROUP
LOAD C:/ST/STM32CubeIDE_1.19.0/STM32CubeIDE/plugins/com.st.stm32cube.ide.mcu.externaltools.gnu-tools-for-stm32.13.3.rel1.win32_1.0.0.202411081344/tools/bin/../lib/gcc/arm-none-eabi/13.3.1/thumb/v7e-m+fp/hard\libgcc.a
LOAD C:/ST/STM32CubeIDE_1.19.0/STM32CubeIDE/plugins/com.st.stm32cube.ide.mcu.externaltools.gnu-tools-for-stm32.13.3.rel1.win32_1.0.0.202411081344/tools/bin/../lib/gcc/arm-none-eabi/13.3.1/../../../../arm-none-eabi/lib/thumb/v7e-m+fp/hard\libc_nano.a
LOAD C:/ST/STM32CubeIDE_1.19.0/STM32CubeIDE/plugins/com.st.stm32cube.ide.mcu.externaltools.gnu-tools-for-stm32.13.3.rel1.win32_1.0.0.202411081344/tools/bin/../lib/gcc/arm-none-eabi/13.3.1/../../../../arm-none-eabi/lib/thumb/v7e-m+fp/hard\libnosys.a
END GROUP
START GROUP
LOAD C:/ST/STM32CubeIDE_1.19.0/STM32CubeIDE/plugins/com.st.stm32cube.ide.mcu.externaltools.gnu-tools-for-stm32.13.3.rel1.win32_1.0.0.202411081344/tools/bin/../lib/gcc/arm-none-eabi/13.3.1/thumb/v7e-m+fp/hard\libgcc.a
LOAD C:/ST/STM32CubeIDE_1.19.0/STM32CubeIDE/plugins/com.st.stm32cube.ide.mcu.externaltools.gnu-tools-for-stm32.13.3.rel1.win32_1.0.0.202411081344/tools/bin/../lib/gcc/arm-none-eabi/13.3.1/../../../../arm-none-eabi/lib/thumb/v7e-m+fp/hard\libc_nano.a
LOAD C:/ST/STM32CubeIDE_1.19.0/STM32CubeIDE/plugins/com.st.stm32cube.ide.mcu.externaltools.gnu-tools-for-stm32.13.3.rel1.win32_1.0.0.202411081344/tools/bin/../lib/gcc/arm-none-eabi/13.3.1/../../../../arm-none-eabi/lib/thumb/v7e-m+fp/hard\libnosys.a
END GROUP
LOAD C:/ST/STM32CubeIDE_1.19.0/STM32CubeIDE/plugins/com.st.stm32cube.ide.mcu.externaltools.gnu-tools-for-stm32.13.3.rel1.win32_1.0.0.202411081344/tools/bin/../lib/gcc/arm-none-eabi/13.3.1/thumb/v7e-m+fp/hard/crtend.o
LOAD C:/ST/STM32CubeIDE_1.19.0/STM32CubeIDE/plugins/com.st.stm32cube.ide.mcu.externaltools.gnu-tools-for-stm32.13.3.rel1.win32_1.0.0.202411081344/tools/bin/../lib/gcc/arm-none-eabi/13.3.1/thumb/v7e-m+fp/hard/crtn.o
                0x20020000                        _estack = (ORIGIN (RAM) + LENGTH (RAM))
                0x00000200                        _Min_Heap_Size = 0x200
                0x00000400                        _Min_Stack_Size = 0x400

.isr_vector     0x08000000      0x188
                0x08000000                        . = ALIGN (0x4)
 *(.isr_vector)
 .isr_vector    0x08000000      0x188 ./Core/Startup/startup_stm32f407vetx.o
                0x08000000                g_pfnVectors
                0x08000188                        . = ALIGN (0x4)

.text           0x08000190     0xc258
                0x08000190                        . = ALIGN (0x4)
 *(.text)
 .text          0x08000190       0x40 C:/ST/STM32CubeIDE_1.19.0/STM32CubeIDE/plugins/com.st.stm32cube.ide.mcu.externaltools.gnu-tools-for-stm32.13.3.rel1.win32_1.0.0.202411081344/tools/bin/../lib/gcc/arm-none-eabi/13.3.1/thumb/v7e-m+fp/hard/crtbegin.o
 .text          0x080001d0       0x30 C:/ST/STM32CubeIDE_1.19.0/STM32CubeIDE/plugins/com.st.stm32cube.ide.mcu.externaltools.gnu-tools-for-stm32.13.3.rel1.win32_1.0.0.202411081344/tools/bin/../lib/gcc/arm-none-eabi/13.3.1/thumb/v7e-m+fp/hard\libgcc.a(_aeabi_uldivmod.o)
                0x080001d0                __aeabi_uldivmod
 .text          0x08000200      0x2f8 C:/ST/STM32CubeIDE_1.19.0/STM32CubeIDE/plugins/com.st.stm32cube.ide.mcu.externaltools.gnu-tools-for-stm32.13.3.rel1.win32_1.0.0.202411081344/tools/bin/../lib/gcc/arm-none-eabi/13.3.1/thumb/v7e-m+fp/hard\libgcc.a(_udivmoddi4.o)
                0x08000200                __udivmoddi4
 .text          0x080004f8        0x4 C:/ST/STM32CubeIDE_1.19.0/STM32CubeIDE/plugins/com.st.stm32cube.ide.mcu.externaltools.gnu-tools-for-stm32.13.3.rel1.win32_1.0.0.202411081344/tools/bin/../lib/gcc/arm-none-eabi/13.3.1/thumb/v7e-m+fp/hard\libgcc.a(_dvmd_tls.o)
                0x080004f8                __aeabi_idiv0
                0x080004f8                __aeabi_ldiv0
 *(.text*)
 .text.main     0x080004fc       0xa4 ./Core/Src/main.o
                0x080004fc                main
 .text.SystemClock_Config
                0x080005a0       0xd0 ./Core/Src/main.o
                0x080005a0                SystemClock_Config
 .text.MX_ADC1_Init
                0x08000670       0xd4 ./Core/Src/main.o
 .text.MX_CRC_Init
                0x08000744       0x28 ./Core/Src/main.o
 .text.MX_TIM1_Init
                0x0800076c      0x150 ./Core/Src/main.o
 .text.MX_TIM2_Init
                0x080008bc       0xa8 ./Core/Src/main.o
 .text.MX_TIM3_Init
                0x08000964       0xa8 ./Core/Src/main.o
 .text.MX_TIM4_Init
                0x08000a0c       0xa8 ./Core/Src/main.o
 .text.MX_TIM7_Init
                0x08000ab4       0x6c ./Core/Src/main.o
 .text.MX_DMA_Init
                0x08000b20       0x40 ./Core/Src/main.o
 .text.MX_GPIO_Init
                0x08000b60       0xf4 ./Core/Src/main.o
 .text.main_task
                0x08000c54      0x120 ./Core/Src/main.o
                0x08000c54                main_task
 .text.pwm_task
                0x08000d74       0x10 ./Core/Src/main.o
                0x08000d74                pwm_task
 .text.usb_task
                0x08000d84       0x10 ./Core/Src/main.o
                0x08000d84                usb_task
 .text.HAL_TIM_PeriodElapsedCallback
                0x08000d94       0x24 ./Core/Src/main.o
                0x08000d94                HAL_TIM_PeriodElapsedCallback
 .text.Error_Handler
                0x08000db8        0xc ./Core/Src/main.o
                0x08000db8                Error_Handler
 .text.HAL_MspInit
                0x08000dc4       0x58 ./Core/Src/stm32f4xx_hal_msp.o
                0x08000dc4                HAL_MspInit
 .text.HAL_ADC_MspInit
                0x08000e1c       0xec ./Core/Src/stm32f4xx_hal_msp.o
                0x08000e1c                HAL_ADC_MspInit
 .text.HAL_CRC_MspInit
                0x08000f08       0x44 ./Core/Src/stm32f4xx_hal_msp.o
                0x08000f08                HAL_CRC_MspInit
 .text.HAL_TIM_PWM_MspInit
                0x08000f4c       0x44 ./Core/Src/stm32f4xx_hal_msp.o
                0x08000f4c                HAL_TIM_PWM_MspInit
 .text.HAL_TIM_Encoder_MspInit
                0x08000f90      0x1a4 ./Core/Src/stm32f4xx_hal_msp.o
                0x08000f90                HAL_TIM_Encoder_MspInit
 .text.HAL_TIM_Base_MspInit
                0x08001134       0x44 ./Core/Src/stm32f4xx_hal_msp.o
                0x08001134                HAL_TIM_Base_MspInit
 .text.HAL_TIM_MspPostInit
                0x08001178       0x74 ./Core/Src/stm32f4xx_hal_msp.o
                0x08001178                HAL_TIM_MspPostInit
 .text.HAL_InitTick
                0x080011ec       0xf8 ./Core/Src/stm32f4xx_hal_timebase_tim.o
                0x080011ec                HAL_InitTick
 .text.NMI_Handler
                0x080012e4        0x8 ./Core/Src/stm32f4xx_it.o
                0x080012e4                NMI_Handler
 .text.HardFault_Handler
                0x080012ec        0x8 ./Core/Src/stm32f4xx_it.o
                0x080012ec                HardFault_Handler
 .text.MemManage_Handler
                0x080012f4        0x8 ./Core/Src/stm32f4xx_it.o
                0x080012f4                MemManage_Handler
 .text.BusFault_Handler
                0x080012fc        0x8 ./Core/Src/stm32f4xx_it.o
                0x080012fc                BusFault_Handler
 .text.UsageFault_Handler
                0x08001304        0x8 ./Core/Src/stm32f4xx_it.o
                0x08001304                UsageFault_Handler
 .text.DebugMon_Handler
                0x0800130c        0xe ./Core/Src/stm32f4xx_it.o
                0x0800130c                DebugMon_Handler
 *fill*         0x0800131a        0x2 
 .text.TIM6_DAC_IRQHandler
                0x0800131c       0x14 ./Core/Src/stm32f4xx_it.o
                0x0800131c                TIM6_DAC_IRQHandler
 .text.DMA2_Stream0_IRQHandler
                0x08001330       0x14 ./Core/Src/stm32f4xx_it.o
                0x08001330                DMA2_Stream0_IRQHandler
 .text.OTG_FS_IRQHandler
                0x08001344       0x14 ./Core/Src/stm32f4xx_it.o
                0x08001344                OTG_FS_IRQHandler
 .text.SystemInit
                0x08001358       0x24 ./Core/Src/system_stm32f4xx.o
                0x08001358                SystemInit
 .text.Reset_Handler
                0x0800137c       0x50 ./Core/Startup/startup_stm32f407vetx.o
                0x0800137c                Reset_Handler
 .text.Default_Handler
                0x080013cc        0x2 ./Core/Startup/startup_stm32f407vetx.o
                0x080013cc                RTC_Alarm_IRQHandler
                0x080013cc                HASH_RNG_IRQHandler
                0x080013cc                EXTI2_IRQHandler
                0x080013cc                TIM8_CC_IRQHandler
                0x080013cc                TIM1_CC_IRQHandler
                0x080013cc                DMA2_Stream5_IRQHandler
                0x080013cc                DMA1_Stream5_IRQHandler
                0x080013cc                PVD_IRQHandler
                0x080013cc                SDIO_IRQHandler
                0x080013cc                TAMP_STAMP_IRQHandler
                0x080013cc                CAN2_RX1_IRQHandler
                0x080013cc                EXTI3_IRQHandler
                0x080013cc                TIM8_TRG_COM_TIM14_IRQHandler
                0x080013cc                TIM1_UP_TIM10_IRQHandler
                0x080013cc                TIM8_UP_TIM13_IRQHandler
                0x080013cc                I2C3_ER_IRQHandler
                0x080013cc                EXTI0_IRQHandler
                0x080013cc                I2C2_EV_IRQHandler
                0x080013cc                DMA1_Stream2_IRQHandler
                0x080013cc                CAN1_RX0_IRQHandler
                0x080013cc                FPU_IRQHandler
                0x080013cc                OTG_HS_WKUP_IRQHandler
                0x080013cc                CAN2_SCE_IRQHandler
                0x080013cc                DMA2_Stream2_IRQHandler
                0x080013cc                SPI1_IRQHandler
                0x080013cc                TIM1_BRK_TIM9_IRQHandler
                0x080013cc                DCMI_IRQHandler
                0x080013cc                CAN2_RX0_IRQHandler
                0x080013cc                DMA2_Stream3_IRQHandler
                0x080013cc                USART6_IRQHandler
                0x080013cc                USART3_IRQHandler
                0x080013cc                CAN1_RX1_IRQHandler
                0x080013cc                UART5_IRQHandler
                0x080013cc                TIM4_IRQHandler
                0x080013cc                I2C1_EV_IRQHandler
                0x080013cc                DMA1_Stream6_IRQHandler
                0x080013cc                DMA1_Stream1_IRQHandler
                0x080013cc                UART4_IRQHandler
                0x080013cc                TIM3_IRQHandler
                0x080013cc                RCC_IRQHandler
                0x080013cc                TIM8_BRK_TIM12_IRQHandler
                0x080013cc                Default_Handler
                0x080013cc                EXTI15_10_IRQHandler
                0x080013cc                ADC_IRQHandler
                0x080013cc                DMA1_Stream7_IRQHandler
                0x080013cc                TIM7_IRQHandler
                0x080013cc                CAN2_TX_IRQHandler
                0x080013cc                TIM5_IRQHandler
                0x080013cc                DMA2_Stream7_IRQHandler
                0x080013cc                I2C3_EV_IRQHandler
                0x080013cc                EXTI9_5_IRQHandler
                0x080013cc                RTC_WKUP_IRQHandler
                0x080013cc                ETH_WKUP_IRQHandler
                0x080013cc                SPI2_IRQHandler
                0x080013cc                OTG_HS_EP1_IN_IRQHandler
                0x080013cc                DMA1_Stream0_IRQHandler
                0x080013cc                CAN1_TX_IRQHandler
                0x080013cc                EXTI4_IRQHandler
                0x080013cc                FSMC_IRQHandler
                0x080013cc                ETH_IRQHandler
                0x080013cc                OTG_HS_EP1_OUT_IRQHandler
                0x080013cc                WWDG_IRQHandler
                0x080013cc                TIM2_IRQHandler
                0x080013cc                OTG_FS_WKUP_IRQHandler
                0x080013cc                TIM1_TRG_COM_TIM11_IRQHandler
                0x080013cc                OTG_HS_IRQHandler
                0x080013cc                EXTI1_IRQHandler
                0x080013cc                USART2_IRQHandler
                0x080013cc                I2C2_ER_IRQHandler
                0x080013cc                DMA2_Stream1_IRQHandler
                0x080013cc                CAN1_SCE_IRQHandler
                0x080013cc                FLASH_IRQHandler
                0x080013cc                DMA2_Stream4_IRQHandler
                0x080013cc                USART1_IRQHandler
                0x080013cc                SPI3_IRQHandler
                0x080013cc                DMA1_Stream4_IRQHandler
                0x080013cc                I2C1_ER_IRQHandler
                0x080013cc                DMA2_Stream6_IRQHandler
                0x080013cc                DMA1_Stream3_IRQHandler
 *fill*         0x080013ce        0x2 
 .text.HAL_Init
                0x080013d0       0x44 ./Drivers/STM32F4xx_HAL_Driver/Src/stm32f4xx_hal.o
                0x080013d0                HAL_Init
 .text.HAL_IncTick
                0x08001414       0x28 ./Drivers/STM32F4xx_HAL_Driver/Src/stm32f4xx_hal.o
                0x08001414                HAL_IncTick
 .text.HAL_GetTick
                0x0800143c       0x18 ./Drivers/STM32F4xx_HAL_Driver/Src/stm32f4xx_hal.o
                0x0800143c                HAL_GetTick
 .text.HAL_Delay
                0x08001454       0x48 ./Drivers/STM32F4xx_HAL_Driver/Src/stm32f4xx_hal.o
                0x08001454                HAL_Delay
 .text.HAL_ADC_Init
                0x0800149c       0x86 ./Drivers/STM32F4xx_HAL_Driver/Src/stm32f4xx_hal_adc.o
                0x0800149c                HAL_ADC_Init
 *fill*         0x08001522        0x2 
 .text.HAL_ADC_ConfigChannel
                0x08001524      0x244 ./Drivers/STM32F4xx_HAL_Driver/Src/stm32f4xx_hal_adc.o
                0x08001524                HAL_ADC_ConfigChannel
 .text.ADC_Init
                0x08001768      0x1f8 ./Drivers/STM32F4xx_HAL_Driver/Src/stm32f4xx_hal_adc.o
 .text.__NVIC_SetPriorityGrouping
                0x08001960       0x48 ./Drivers/STM32F4xx_HAL_Driver/Src/stm32f4xx_hal_cortex.o
 .text.__NVIC_GetPriorityGrouping
                0x080019a8       0x1c ./Drivers/STM32F4xx_HAL_Driver/Src/stm32f4xx_hal_cortex.o
 .text.__NVIC_EnableIRQ
                0x080019c4       0x3c ./Drivers/STM32F4xx_HAL_Driver/Src/stm32f4xx_hal_cortex.o
 .text.__NVIC_SetPriority
                0x08001a00       0x54 ./Drivers/STM32F4xx_HAL_Driver/Src/stm32f4xx_hal_cortex.o
 .text.NVIC_EncodePriority
                0x08001a54       0x66 ./Drivers/STM32F4xx_HAL_Driver/Src/stm32f4xx_hal_cortex.o
 .text.HAL_NVIC_SetPriorityGrouping
                0x08001aba       0x16 ./Drivers/STM32F4xx_HAL_Driver/Src/stm32f4xx_hal_cortex.o
                0x08001aba                HAL_NVIC_SetPriorityGrouping
 .text.HAL_NVIC_SetPriority
                0x08001ad0       0x38 ./Drivers/STM32F4xx_HAL_Driver/Src/stm32f4xx_hal_cortex.o
                0x08001ad0                HAL_NVIC_SetPriority
 .text.HAL_NVIC_EnableIRQ
                0x08001b08       0x1c ./Drivers/STM32F4xx_HAL_Driver/Src/stm32f4xx_hal_cortex.o
                0x08001b08                HAL_NVIC_EnableIRQ
 .text.HAL_CRC_Init
                0x08001b24       0x38 ./Drivers/STM32F4xx_HAL_Driver/Src/stm32f4xx_hal_crc.o
                0x08001b24                HAL_CRC_Init
 .text.HAL_DMA_Init
                0x08001b5c      0x15c ./Drivers/STM32F4xx_HAL_Driver/Src/stm32f4xx_hal_dma.o
                0x08001b5c                HAL_DMA_Init
 .text.HAL_DMA_IRQHandler
                0x08001cb8      0x314 ./Drivers/STM32F4xx_HAL_Driver/Src/stm32f4xx_hal_dma.o
                0x08001cb8                HAL_DMA_IRQHandler
 .text.DMA_CalcBaseAndBitshift
                0x08001fcc       0x6c ./Drivers/STM32F4xx_HAL_Driver/Src/stm32f4xx_hal_dma.o
 .text.DMA_CheckFifoParam
                0x08002038       0xf8 ./Drivers/STM32F4xx_HAL_Driver/Src/stm32f4xx_hal_dma.o
 .text.HAL_GPIO_Init
                0x08002130      0x338 ./Drivers/STM32F4xx_HAL_Driver/Src/stm32f4xx_hal_gpio.o
                0x08002130                HAL_GPIO_Init
 .text.HAL_GPIO_WritePin
                0x08002468       0x32 ./Drivers/STM32F4xx_HAL_Driver/Src/stm32f4xx_hal_gpio.o
                0x08002468                HAL_GPIO_WritePin
 .text.HAL_PCD_Init
                0x0800249a      0x21e ./Drivers/STM32F4xx_HAL_Driver/Src/stm32f4xx_hal_pcd.o
                0x0800249a                HAL_PCD_Init
 .text.HAL_PCD_Start
                0x080026b8       0x6a ./Drivers/STM32F4xx_HAL_Driver/Src/stm32f4xx_hal_pcd.o
                0x080026b8                HAL_PCD_Start
 .text.HAL_PCD_IRQHandler
                0x08002722      0x942 ./Drivers/STM32F4xx_HAL_Driver/Src/stm32f4xx_hal_pcd.o
                0x08002722                HAL_PCD_IRQHandler
 .text.HAL_PCD_SetAddress
                0x08003064       0x48 ./Drivers/STM32F4xx_HAL_Driver/Src/stm32f4xx_hal_pcd.o
                0x08003064                HAL_PCD_SetAddress
 .text.HAL_PCD_EP_Open
                0x080030ac       0xd4 ./Drivers/STM32F4xx_HAL_Driver/Src/stm32f4xx_hal_pcd.o
                0x080030ac                HAL_PCD_EP_Open
 .text.HAL_PCD_EP_Close
                0x08003180       0x94 ./Drivers/STM32F4xx_HAL_Driver/Src/stm32f4xx_hal_pcd.o
                0x08003180                HAL_PCD_EP_Close
 .text.HAL_PCD_EP_Receive
                0x08003214       0x76 ./Drivers/STM32F4xx_HAL_Driver/Src/stm32f4xx_hal_pcd.o
                0x08003214                HAL_PCD_EP_Receive
 .text.HAL_PCD_EP_GetRxCount
                0x0800328a       0x30 ./Drivers/STM32F4xx_HAL_Driver/Src/stm32f4xx_hal_pcd.o
                0x0800328a                HAL_PCD_EP_GetRxCount
 .text.HAL_PCD_EP_Transmit
                0x080032ba       0x74 ./Drivers/STM32F4xx_HAL_Driver/Src/stm32f4xx_hal_pcd.o
                0x080032ba                HAL_PCD_EP_Transmit
 .text.HAL_PCD_EP_SetStall
                0x0800332e       0xc6 ./Drivers/STM32F4xx_HAL_Driver/Src/stm32f4xx_hal_pcd.o
                0x0800332e                HAL_PCD_EP_SetStall
 .text.HAL_PCD_EP_ClrStall
                0x080033f4       0xac ./Drivers/STM32F4xx_HAL_Driver/Src/stm32f4xx_hal_pcd.o
                0x080033f4                HAL_PCD_EP_ClrStall
 .text.HAL_PCD_EP_Abort
                0x080034a0       0x62 ./Drivers/STM32F4xx_HAL_Driver/Src/stm32f4xx_hal_pcd.o
                0x080034a0                HAL_PCD_EP_Abort
 .text.PCD_WriteEmptyTxFifo
                0x08003502      0x118 ./Drivers/STM32F4xx_HAL_Driver/Src/stm32f4xx_hal_pcd.o
 *fill*         0x0800361a        0x2 
 .text.PCD_EP_OutXfrComplete_int
                0x0800361c      0x1d0 ./Drivers/STM32F4xx_HAL_Driver/Src/stm32f4xx_hal_pcd.o
 .text.PCD_EP_OutSetupPacket_int
                0x080037ec       0x8c ./Drivers/STM32F4xx_HAL_Driver/Src/stm32f4xx_hal_pcd.o
 .text.HAL_PCDEx_SetTxFiFo
                0x08003878       0x8e ./Drivers/STM32F4xx_HAL_Driver/Src/stm32f4xx_hal_pcd_ex.o
                0x08003878                HAL_PCDEx_SetTxFiFo
 .text.HAL_PCDEx_SetRxFiFo
                0x08003906       0x22 ./Drivers/STM32F4xx_HAL_Driver/Src/stm32f4xx_hal_pcd_ex.o
                0x08003906                HAL_PCDEx_SetRxFiFo
 .text.HAL_PCDEx_LPM_Callback
                0x08003928       0x18 ./Drivers/STM32F4xx_HAL_Driver/Src/stm32f4xx_hal_pcd_ex.o
                0x08003928                HAL_PCDEx_LPM_Callback
 .text.HAL_RCC_OscConfig
                0x08003940      0x4f0 ./Drivers/STM32F4xx_HAL_Driver/Src/stm32f4xx_hal_rcc.o
                0x08003940                HAL_RCC_OscConfig
 .text.HAL_RCC_ClockConfig
                0x08003e30      0x1cc ./Drivers/STM32F4xx_HAL_Driver/Src/stm32f4xx_hal_rcc.o
                0x08003e30                HAL_RCC_ClockConfig
 .text.HAL_RCC_GetSysClockFreq
                0x08003ffc      0x20c ./Drivers/STM32F4xx_HAL_Driver/Src/stm32f4xx_hal_rcc.o
                0x08003ffc                HAL_RCC_GetSysClockFreq
 .text.HAL_RCC_GetHCLKFreq
                0x08004208       0x18 ./Drivers/STM32F4xx_HAL_Driver/Src/stm32f4xx_hal_rcc.o
                0x08004208                HAL_RCC_GetHCLKFreq
 .text.HAL_RCC_GetPCLK1Freq
                0x08004220       0x28 ./Drivers/STM32F4xx_HAL_Driver/Src/stm32f4xx_hal_rcc.o
                0x08004220                HAL_RCC_GetPCLK1Freq
 .text.HAL_RCC_GetClockConfig
                0x08004248       0x64 ./Drivers/STM32F4xx_HAL_Driver/Src/stm32f4xx_hal_rcc.o
                0x08004248                HAL_RCC_GetClockConfig
 .text.HAL_TIM_Base_Init
                0x080042ac       0x9e ./Drivers/STM32F4xx_HAL_Driver/Src/stm32f4xx_hal_tim.o
                0x080042ac                HAL_TIM_Base_Init
 *fill*         0x0800434a        0x2 
 .text.HAL_TIM_Base_Start
                0x0800434c       0xd0 ./Drivers/STM32F4xx_HAL_Driver/Src/stm32f4xx_hal_tim.o
                0x0800434c                HAL_TIM_Base_Start
 .text.HAL_TIM_Base_Start_IT
                0x0800441c       0xe0 ./Drivers/STM32F4xx_HAL_Driver/Src/stm32f4xx_hal_tim.o
                0x0800441c                HAL_TIM_Base_Start_IT
 .text.HAL_TIM_PWM_Init
                0x080044fc       0x9e ./Drivers/STM32F4xx_HAL_Driver/Src/stm32f4xx_hal_tim.o
                0x080044fc                HAL_TIM_PWM_Init
 *fill*         0x0800459a        0x2 
 .text.HAL_TIM_PWM_Start
                0x0800459c      0x190 ./Drivers/STM32F4xx_HAL_Driver/Src/stm32f4xx_hal_tim.o
                0x0800459c                HAL_TIM_PWM_Start
 .text.HAL_TIM_Encoder_Init
                0x0800472c      0x14c ./Drivers/STM32F4xx_HAL_Driver/Src/stm32f4xx_hal_tim.o
                0x0800472c                HAL_TIM_Encoder_Init
 .text.HAL_TIM_Encoder_Start
                0x08004878      0x11c ./Drivers/STM32F4xx_HAL_Driver/Src/stm32f4xx_hal_tim.o
                0x08004878                HAL_TIM_Encoder_Start
 .text.HAL_TIM_IRQHandler
                0x08004994      0x1e0 ./Drivers/STM32F4xx_HAL_Driver/Src/stm32f4xx_hal_tim.o
                0x08004994                HAL_TIM_IRQHandler
 .text.HAL_TIM_PWM_ConfigChannel
                0x08004b74      0x184 ./Drivers/STM32F4xx_HAL_Driver/Src/stm32f4xx_hal_tim.o
                0x08004b74                HAL_TIM_PWM_ConfigChannel
 .text.HAL_TIM_OC_DelayElapsedCallback
                0x08004cf8       0x14 ./Drivers/STM32F4xx_HAL_Driver/Src/stm32f4xx_hal_tim.o
                0x08004cf8                HAL_TIM_OC_DelayElapsedCallback
 .text.HAL_TIM_IC_CaptureCallback
                0x08004d0c       0x14 ./Drivers/STM32F4xx_HAL_Driver/Src/stm32f4xx_hal_tim.o
                0x08004d0c                HAL_TIM_IC_CaptureCallback
 .text.HAL_TIM_PWM_PulseFinishedCallback
                0x08004d20       0x14 ./Drivers/STM32F4xx_HAL_Driver/Src/stm32f4xx_hal_tim.o
                0x08004d20                HAL_TIM_PWM_PulseFinishedCallback
 .text.HAL_TIM_TriggerCallback
                0x08004d34       0x14 ./Drivers/STM32F4xx_HAL_Driver/Src/stm32f4xx_hal_tim.o
                0x08004d34                HAL_TIM_TriggerCallback
 .text.TIM_Base_SetConfig
                0x08004d48      0x14c ./Drivers/STM32F4xx_HAL_Driver/Src/stm32f4xx_hal_tim.o
                0x08004d48                TIM_Base_SetConfig
 .text.TIM_OC1_SetConfig
                0x08004e94       0xe0 ./Drivers/STM32F4xx_HAL_Driver/Src/stm32f4xx_hal_tim.o
 .text.TIM_OC2_SetConfig
                0x08004f74       0xec ./Drivers/STM32F4xx_HAL_Driver/Src/stm32f4xx_hal_tim.o
                0x08004f74                TIM_OC2_SetConfig
 .text.TIM_OC3_SetConfig
                0x08005060       0xe8 ./Drivers/STM32F4xx_HAL_Driver/Src/stm32f4xx_hal_tim.o
 .text.TIM_OC4_SetConfig
                0x08005148       0xac ./Drivers/STM32F4xx_HAL_Driver/Src/stm32f4xx_hal_tim.o
 .text.TIM_CCxChannelCmd
                0x080051f4       0x4a ./Drivers/STM32F4xx_HAL_Driver/Src/stm32f4xx_hal_tim.o
                0x080051f4                TIM_CCxChannelCmd
 *fill*         0x0800523e        0x2 
 .text.HAL_TIMEx_MasterConfigSynchronization
                0x08005240       0xf8 ./Drivers/STM32F4xx_HAL_Driver/Src/stm32f4xx_hal_tim_ex.o
                0x08005240                HAL_TIMEx_MasterConfigSynchronization
 .text.HAL_TIMEx_ConfigBreakDeadTime
                0x08005338       0xa4 ./Drivers/STM32F4xx_HAL_Driver/Src/stm32f4xx_hal_tim_ex.o
                0x08005338                HAL_TIMEx_ConfigBreakDeadTime
 .text.HAL_TIMEx_CommutCallback
                0x080053dc       0x14 ./Drivers/STM32F4xx_HAL_Driver/Src/stm32f4xx_hal_tim_ex.o
                0x080053dc                HAL_TIMEx_CommutCallback
 .text.HAL_TIMEx_BreakCallback
                0x080053f0       0x14 ./Drivers/STM32F4xx_HAL_Driver/Src/stm32f4xx_hal_tim_ex.o
                0x080053f0                HAL_TIMEx_BreakCallback
 .text.USB_CoreInit
                0x08005404       0xc8 ./Drivers/STM32F4xx_HAL_Driver/Src/stm32f4xx_ll_usb.o
                0x08005404                USB_CoreInit
 .text.USB_SetTurnaroundTime
                0x080054cc      0x144 ./Drivers/STM32F4xx_HAL_Driver/Src/stm32f4xx_ll_usb.o
                0x080054cc                USB_SetTurnaroundTime
 .text.USB_EnableGlobalInt
                0x08005610       0x22 ./Drivers/STM32F4xx_HAL_Driver/Src/stm32f4xx_ll_usb.o
                0x08005610                USB_EnableGlobalInt
 .text.USB_DisableGlobalInt
                0x08005632       0x22 ./Drivers/STM32F4xx_HAL_Driver/Src/stm32f4xx_ll_usb.o
                0x08005632                USB_DisableGlobalInt
 .text.USB_SetCurrentMode
                0x08005654       0x98 ./Drivers/STM32F4xx_HAL_Driver/Src/stm32f4xx_ll_usb.o
                0x08005654                USB_SetCurrentMode
 .text.USB_DevInit
                0x080056ec      0x2c8 ./Drivers/STM32F4xx_HAL_Driver/Src/stm32f4xx_ll_usb.o
                0x080056ec                USB_DevInit
 .text.USB_FlushTxFifo
                0x080059b4       0x64 ./Drivers/STM32F4xx_HAL_Driver/Src/stm32f4xx_ll_usb.o
                0x080059b4                USB_FlushTxFifo
 .text.USB_FlushRxFifo
                0x08005a18       0x5c ./Drivers/STM32F4xx_HAL_Driver/Src/stm32f4xx_ll_usb.o
                0x08005a18                USB_FlushRxFifo
 .text.USB_SetDevSpeed
                0x08005a74       0x32 ./Drivers/STM32F4xx_HAL_Driver/Src/stm32f4xx_ll_usb.o
                0x08005a74                USB_SetDevSpeed
 .text.USB_GetDevSpeed
                0x08005aa6       0x4a ./Drivers/STM32F4xx_HAL_Driver/Src/stm32f4xx_ll_usb.o
                0x08005aa6                USB_GetDevSpeed
 .text.USB_ActivateEndpoint
                0x08005af0      0x10e ./Drivers/STM32F4xx_HAL_Driver/Src/stm32f4xx_ll_usb.o
                0x08005af0                USB_ActivateEndpoint
 *fill*         0x08005bfe        0x2 
 .text.USB_DeactivateEndpoint
                0x08005c00      0x1b8 ./Drivers/STM32F4xx_HAL_Driver/Src/stm32f4xx_ll_usb.o
                0x08005c00                USB_DeactivateEndpoint
 .text.USB_EPStartXfer
                0x08005db8      0x53c ./Drivers/STM32F4xx_HAL_Driver/Src/stm32f4xx_ll_usb.o
                0x08005db8                USB_EPStartXfer
 .text.USB_EPStopXfer
                0x080062f4      0x154 ./Drivers/STM32F4xx_HAL_Driver/Src/stm32f4xx_ll_usb.o
                0x080062f4                USB_EPStopXfer
 .text.USB_WritePacket
                0x08006448       0x7c ./Drivers/STM32F4xx_HAL_Driver/Src/stm32f4xx_ll_usb.o
                0x08006448                USB_WritePacket
 .text.USB_ReadPacket
                0x080064c4       0xb0 ./Drivers/STM32F4xx_HAL_Driver/Src/stm32f4xx_ll_usb.o
                0x080064c4                USB_ReadPacket
 .text.USB_EPSetStall
                0x08006574       0xdc ./Drivers/STM32F4xx_HAL_Driver/Src/stm32f4xx_ll_usb.o
                0x08006574                USB_EPSetStall
 .text.USB_EPClearStall
                0x08006650       0xcc ./Drivers/STM32F4xx_HAL_Driver/Src/stm32f4xx_ll_usb.o
                0x08006650                USB_EPClearStall
 .text.USB_SetDevAddress
                0x0800671c       0x4c ./Drivers/STM32F4xx_HAL_Driver/Src/stm32f4xx_ll_usb.o
                0x0800671c                USB_SetDevAddress
 .text.USB_DevConnect
                0x08006768       0x42 ./Drivers/STM32F4xx_HAL_Driver/Src/stm32f4xx_ll_usb.o
                0x08006768                USB_DevConnect
 .text.USB_DevDisconnect
                0x080067aa       0x42 ./Drivers/STM32F4xx_HAL_Driver/Src/stm32f4xx_ll_usb.o
                0x080067aa                USB_DevDisconnect
 .text.USB_ReadInterrupts
                0x080067ec       0x26 ./Drivers/STM32F4xx_HAL_Driver/Src/stm32f4xx_ll_usb.o
                0x080067ec                USB_ReadInterrupts
 .text.USB_ReadDevAllOutEpInterrupt
                0x08006812       0x34 ./Drivers/STM32F4xx_HAL_Driver/Src/stm32f4xx_ll_usb.o
                0x08006812                USB_ReadDevAllOutEpInterrupt
 .text.USB_ReadDevAllInEpInterrupt
                0x08006846       0x34 ./Drivers/STM32F4xx_HAL_Driver/Src/stm32f4xx_ll_usb.o
                0x08006846                USB_ReadDevAllInEpInterrupt
 .text.USB_ReadDevOutEPInterrupt
                0x0800687a       0x3c ./Drivers/STM32F4xx_HAL_Driver/Src/stm32f4xx_ll_usb.o
                0x0800687a                USB_ReadDevOutEPInterrupt
 .text.USB_ReadDevInEPInterrupt
                0x080068b6       0x5c ./Drivers/STM32F4xx_HAL_Driver/Src/stm32f4xx_ll_usb.o
                0x080068b6                USB_ReadDevInEPInterrupt
 .text.USB_GetMode
                0x08006912       0x1c ./Drivers/STM32F4xx_HAL_Driver/Src/stm32f4xx_ll_usb.o
                0x08006912                USB_GetMode
 .text.USB_ActivateSetup
                0x0800692e       0x46 ./Drivers/STM32F4xx_HAL_Driver/Src/stm32f4xx_ll_usb.o
                0x0800692e                USB_ActivateSetup
 .text.USB_EP0_OutStart
                0x08006974       0xbc ./Drivers/STM32F4xx_HAL_Driver/Src/stm32f4xx_ll_usb.o
                0x08006974                USB_EP0_OutStart
 .text.USB_CoreReset
                0x08006a30       0x70 ./Drivers/STM32F4xx_HAL_Driver/Src/stm32f4xx_ll_usb.o
 .text.USBD_CDC_Init
                0x08006aa0      0x1f0 ./Middlewares/ST/STM32_USB_Device_Library/Class/CDC/Src/usbd_cdc.o
 .text.USBD_CDC_DeInit
                0x08006c90      0x104 ./Middlewares/ST/STM32_USB_Device_Library/Class/CDC/Src/usbd_cdc.o
 .text.USBD_CDC_Setup
                0x08006d94      0x1b8 ./Middlewares/ST/STM32_USB_Device_Library/Class/CDC/Src/usbd_cdc.o
 .text.USBD_CDC_DataIn
                0x08006f4c       0xfe ./Middlewares/ST/STM32_USB_Device_Library/Class/CDC/Src/usbd_cdc.o
 .text.USBD_CDC_DataOut
                0x0800704a       0x70 ./Middlewares/ST/STM32_USB_Device_Library/Class/CDC/Src/usbd_cdc.o
 .text.USBD_CDC_EP0_RxReady
                0x080070ba       0x74 ./Middlewares/ST/STM32_USB_Device_Library/Class/CDC/Src/usbd_cdc.o
 *fill*         0x0800712e        0x2 
 .text.USBD_CDC_GetFSCfgDesc
                0x08007130       0x70 ./Middlewares/ST/STM32_USB_Device_Library/Class/CDC/Src/usbd_cdc.o
 .text.USBD_CDC_GetHSCfgDesc
                0x080071a0       0x70 ./Middlewares/ST/STM32_USB_Device_Library/Class/CDC/Src/usbd_cdc.o
 .text.USBD_CDC_GetOtherSpeedCfgDesc
                0x08007210       0x70 ./Middlewares/ST/STM32_USB_Device_Library/Class/CDC/Src/usbd_cdc.o
 .text.USBD_CDC_GetDeviceQualifierDescriptor
                0x08007280       0x20 ./Middlewares/ST/STM32_USB_Device_Library/Class/CDC/Src/usbd_cdc.o
                0x08007280                USBD_CDC_GetDeviceQualifierDescriptor
 .text.USBD_CDC_RegisterInterface
                0x080072a0       0x34 ./Middlewares/ST/STM32_USB_Device_Library/Class/CDC/Src/usbd_cdc.o
                0x080072a0                USBD_CDC_RegisterInterface
 .text.USBD_CDC_SetTxBuffer
                0x080072d4       0x44 ./Middlewares/ST/STM32_USB_Device_Library/Class/CDC/Src/usbd_cdc.o
                0x080072d4                USBD_CDC_SetTxBuffer
 .text.USBD_CDC_SetRxBuffer
                0x08007318       0x3a ./Middlewares/ST/STM32_USB_Device_Library/Class/CDC/Src/usbd_cdc.o
                0x08007318                USBD_CDC_SetRxBuffer
 *fill*         0x08007352        0x2 
 .text.USBD_CDC_ReceivePacket
                0x08007354       0x6c ./Middlewares/ST/STM32_USB_Device_Library/Class/CDC/Src/usbd_cdc.o
                0x08007354                USBD_CDC_ReceivePacket
 .text.USBD_Init
                0x080073c0       0x60 ./Middlewares/ST/STM32_USB_Device_Library/Core/Src/usbd_core.o
                0x080073c0                USBD_Init
 .text.USBD_RegisterClass
                0x08007420       0x6c ./Middlewares/ST/STM32_USB_Device_Library/Core/Src/usbd_core.o
                0x08007420                USBD_RegisterClass
 .text.USBD_Start
                0x0800748c       0x18 ./Middlewares/ST/STM32_USB_Device_Library/Core/Src/usbd_core.o
                0x0800748c                USBD_Start
 .text.USBD_RunTestMode
                0x080074a4       0x16 ./Middlewares/ST/STM32_USB_Device_Library/Core/Src/usbd_core.o
                0x080074a4                USBD_RunTestMode
 .text.USBD_SetClassConfig
                0x080074ba       0x38 ./Middlewares/ST/STM32_USB_Device_Library/Core/Src/usbd_core.o
                0x080074ba                USBD_SetClassConfig
 .text.USBD_ClrClassConfig
                0x080074f2       0x34 ./Middlewares/ST/STM32_USB_Device_Library/Core/Src/usbd_core.o
                0x080074f2                USBD_ClrClassConfig
 .text.USBD_LL_SetupStage
                0x08007526       0xaa ./Middlewares/ST/STM32_USB_Device_Library/Core/Src/usbd_core.o
                0x08007526                USBD_LL_SetupStage
 .text.USBD_LL_DataOutStage
                0x080075d0      0x178 ./Middlewares/ST/STM32_USB_Device_Library/Core/Src/usbd_core.o
                0x080075d0                USBD_LL_DataOutStage
 .text.USBD_LL_DataInStage
                0x08007748      0x176 ./Middlewares/ST/STM32_USB_Device_Library/Core/Src/usbd_core.o
                0x08007748                USBD_LL_DataInStage
 .text.USBD_LL_Reset
                0x080078be       0xa6 ./Middlewares/ST/STM32_USB_Device_Library/Core/Src/usbd_core.o
                0x080078be                USBD_LL_Reset
 .text.USBD_LL_SetSpeed
                0x08007964       0x20 ./Middlewares/ST/STM32_USB_Device_Library/Core/Src/usbd_core.o
                0x08007964                USBD_LL_SetSpeed
 .text.USBD_LL_Suspend
                0x08007984       0x38 ./Middlewares/ST/STM32_USB_Device_Library/Core/Src/usbd_core.o
                0x08007984                USBD_LL_Suspend
 .text.USBD_LL_Resume
                0x080079bc       0x30 ./Middlewares/ST/STM32_USB_Device_Library/Core/Src/usbd_core.o
                0x080079bc                USBD_LL_Resume
 .text.USBD_LL_SOF
                0x080079ec       0x40 ./Middlewares/ST/STM32_USB_Device_Library/Core/Src/usbd_core.o
                0x080079ec                USBD_LL_SOF
 .text.USBD_LL_IsoINIncomplete
                0x08007a2c       0x64 ./Middlewares/ST/STM32_USB_Device_Library/Core/Src/usbd_core.o
                0x08007a2c                USBD_LL_IsoINIncomplete
 .text.USBD_LL_IsoOUTIncomplete
                0x08007a90       0x64 ./Middlewares/ST/STM32_USB_Device_Library/Core/Src/usbd_core.o
                0x08007a90                USBD_LL_IsoOUTIncomplete
 .text.USBD_LL_DevConnected
                0x08007af4       0x16 ./Middlewares/ST/STM32_USB_Device_Library/Core/Src/usbd_core.o
                0x08007af4                USBD_LL_DevConnected
 .text.USBD_LL_DevDisconnected
                0x08007b0a       0x46 ./Middlewares/ST/STM32_USB_Device_Library/Core/Src/usbd_core.o
                0x08007b0a                USBD_LL_DevDisconnected
 .text.USBD_CoreFindIF
                0x08007b50       0x1a ./Middlewares/ST/STM32_USB_Device_Library/Core/Src/usbd_core.o
                0x08007b50                USBD_CoreFindIF
 .text.USBD_CoreFindEP
                0x08007b6a       0x1a ./Middlewares/ST/STM32_USB_Device_Library/Core/Src/usbd_core.o
                0x08007b6a                USBD_CoreFindEP
 .text.USBD_GetEpDesc
                0x08007b84       0x70 ./Middlewares/ST/STM32_USB_Device_Library/Core/Src/usbd_core.o
                0x08007b84                USBD_GetEpDesc
 .text.USBD_GetNextDesc
                0x08007bf4       0x38 ./Middlewares/ST/STM32_USB_Device_Library/Core/Src/usbd_core.o
                0x08007bf4                USBD_GetNextDesc
 .text.SWAPBYTE
                0x08007c2c       0x3e ./Middlewares/ST/STM32_USB_Device_Library/Core/Src/usbd_ctlreq.o
 *fill*         0x08007c6a        0x2 
 .text.USBD_StdDevReq
                0x08007c6c       0xe4 ./Middlewares/ST/STM32_USB_Device_Library/Core/Src/usbd_ctlreq.o
                0x08007c6c                USBD_StdDevReq
 .text.USBD_StdItfReq
                0x08007d50       0xd8 ./Middlewares/ST/STM32_USB_Device_Library/Core/Src/usbd_ctlreq.o
                0x08007d50                USBD_StdItfReq
 .text.USBD_StdEPReq
                0x08007e28      0x33e ./Middlewares/ST/STM32_USB_Device_Library/Core/Src/usbd_ctlreq.o
                0x08007e28                USBD_StdEPReq
 *fill*         0x08008166        0x2 
 .text.USBD_GetDescriptor
                0x08008168      0x2d4 ./Middlewares/ST/STM32_USB_Device_Library/Core/Src/usbd_ctlreq.o
 .text.USBD_SetAddress
                0x0800843c       0x88 ./Middlewares/ST/STM32_USB_Device_Library/Core/Src/usbd_ctlreq.o
 .text.USBD_SetConfig
                0x080084c4      0x154 ./Middlewares/ST/STM32_USB_Device_Library/Core/Src/usbd_ctlreq.o
 .text.USBD_GetConfig
                0x08008618       0x6c ./Middlewares/ST/STM32_USB_Device_Library/Core/Src/usbd_ctlreq.o
 .text.USBD_GetStatus
                0x08008684       0x68 ./Middlewares/ST/STM32_USB_Device_Library/Core/Src/usbd_ctlreq.o
 .text.USBD_SetFeature
                0x080086ec       0x52 ./Middlewares/ST/STM32_USB_Device_Library/Core/Src/usbd_ctlreq.o
 .text.USBD_ClrFeature
                0x0800873e       0x44 ./Middlewares/ST/STM32_USB_Device_Library/Core/Src/usbd_ctlreq.o
 .text.USBD_ParseSetupRequest
                0x08008782       0x74 ./Middlewares/ST/STM32_USB_Device_Library/Core/Src/usbd_ctlreq.o
                0x08008782                USBD_ParseSetupRequest
 .text.USBD_CtlError
                0x080087f6       0x22 ./Middlewares/ST/STM32_USB_Device_Library/Core/Src/usbd_ctlreq.o
                0x080087f6                USBD_CtlError
 .text.USBD_GetString
                0x08008818       0xa4 ./Middlewares/ST/STM32_USB_Device_Library/Core/Src/usbd_ctlreq.o
                0x08008818                USBD_GetString
 .text.USBD_GetLen
                0x080088bc       0x34 ./Middlewares/ST/STM32_USB_Device_Library/Core/Src/usbd_ctlreq.o
 .text.USBD_CtlSendData
                0x080088f0       0x3c ./Middlewares/ST/STM32_USB_Device_Library/Core/Src/usbd_ioreq.o
                0x080088f0                USBD_CtlSendData
 .text.USBD_CtlContinueSendData
                0x0800892c       0x22 ./Middlewares/ST/STM32_USB_Device_Library/Core/Src/usbd_ioreq.o
                0x0800892c                USBD_CtlContinueSendData
 .text.USBD_CtlPrepareRx
                0x0800894e       0x42 ./Middlewares/ST/STM32_USB_Device_Library/Core/Src/usbd_ioreq.o
                0x0800894e                USBD_CtlPrepareRx
 .text.USBD_CtlContinueRx
                0x08008990       0x22 ./Middlewares/ST/STM32_USB_Device_Library/Core/Src/usbd_ioreq.o
                0x08008990                USBD_CtlContinueRx
 .text.USBD_CtlSendStatus
                0x080089b2       0x26 ./Middlewares/ST/STM32_USB_Device_Library/Core/Src/usbd_ioreq.o
                0x080089b2                USBD_CtlSendStatus
 .text.USBD_CtlReceiveStatus
                0x080089d8       0x26 ./Middlewares/ST/STM32_USB_Device_Library/Core/Src/usbd_ioreq.o
                0x080089d8                USBD_CtlReceiveStatus
 *fill*         0x080089fe        0x2 
 .text.__NVIC_SetPriority
                0x08008a00       0x54 ./Middlewares/Third_Party/FreeRTOS/Source/CMSIS_RTOS_V2/cmsis_os2.o
 .text.SysTick_Handler
                0x08008a54       0x20 ./Middlewares/Third_Party/FreeRTOS/Source/CMSIS_RTOS_V2/cmsis_os2.o
                0x08008a54                SysTick_Handler
 .text.SVC_Setup
                0x08008a74       0x12 ./Middlewares/Third_Party/FreeRTOS/Source/CMSIS_RTOS_V2/cmsis_os2.o
 *fill*         0x08008a86        0x2 
 .text.osKernelInitialize
                0x08008a88       0x48 ./Middlewares/Third_Party/FreeRTOS/Source/CMSIS_RTOS_V2/cmsis_os2.o
                0x08008a88                osKernelInitialize
 .text.osKernelStart
                0x08008ad0       0x4c ./Middlewares/Third_Party/FreeRTOS/Source/CMSIS_RTOS_V2/cmsis_os2.o
                0x08008ad0                osKernelStart
 .text.osThreadNew
                0x08008b1c      0x124 ./Middlewares/Third_Party/FreeRTOS/Source/CMSIS_RTOS_V2/cmsis_os2.o
                0x08008b1c                osThreadNew
 .text.osDelay  0x08008c40       0x36 ./Middlewares/Third_Party/FreeRTOS/Source/CMSIS_RTOS_V2/cmsis_os2.o
                0x08008c40                osDelay
 .text.osMutexNew
                0x08008c76      0x10c ./Middlewares/Third_Party/FreeRTOS/Source/CMSIS_RTOS_V2/cmsis_os2.o
                0x08008c76                osMutexNew
 *fill*         0x08008d82        0x2 
 .text.vApplicationGetIdleTaskMemory
                0x08008d84       0x34 ./Middlewares/Third_Party/FreeRTOS/Source/CMSIS_RTOS_V2/cmsis_os2.o
                0x08008d84                vApplicationGetIdleTaskMemory
 .text.vApplicationGetTimerTaskMemory
                0x08008db8       0x34 ./Middlewares/Third_Party/FreeRTOS/Source/CMSIS_RTOS_V2/cmsis_os2.o
                0x08008db8                vApplicationGetTimerTaskMemory
 .text.vListInitialise
                0x08008dec       0x40 ./Middlewares/Third_Party/FreeRTOS/Source/list.o
                0x08008dec                vListInitialise
 .text.vListInitialiseItem
                0x08008e2c       0x1a ./Middlewares/Third_Party/FreeRTOS/Source/list.o
                0x08008e2c                vListInitialiseItem
 .text.vListInsertEnd
                0x08008e46       0x48 ./Middlewares/Third_Party/FreeRTOS/Source/list.o
                0x08008e46                vListInsertEnd
 .text.vListInsert
                0x08008e8e       0x72 ./Middlewares/Third_Party/FreeRTOS/Source/list.o
                0x08008e8e                vListInsert
 .text.uxListRemove
                0x08008f00       0x54 ./Middlewares/Third_Party/FreeRTOS/Source/list.o
                0x08008f00                uxListRemove
 .text.xQueueGenericReset
                0x08008f54       0xd4 ./Middlewares/Third_Party/FreeRTOS/Source/queue.o
                0x08008f54                xQueueGenericReset
 .text.xQueueGenericCreateStatic
                0x08009028       0xfa ./Middlewares/Third_Party/FreeRTOS/Source/queue.o
                0x08009028                xQueueGenericCreateStatic
 .text.xQueueGenericCreate
                0x08009122       0x76 ./Middlewares/Third_Party/FreeRTOS/Source/queue.o
                0x08009122                xQueueGenericCreate
 .text.prvInitialiseNewQueue
                0x08009198       0x46 ./Middlewares/Third_Party/FreeRTOS/Source/queue.o
 .text.prvInitialiseMutex
                0x080091de       0x34 ./Middlewares/Third_Party/FreeRTOS/Source/queue.o
 .text.xQueueCreateMutex
                0x08009212       0x30 ./Middlewares/Third_Party/FreeRTOS/Source/queue.o
                0x08009212                xQueueCreateMutex
 .text.xQueueCreateMutexStatic
                0x08009242       0x36 ./Middlewares/Third_Party/FreeRTOS/Source/queue.o
                0x08009242                xQueueCreateMutexStatic
 .text.xQueueGenericSend
                0x08009278      0x204 ./Middlewares/Third_Party/FreeRTOS/Source/queue.o
                0x08009278                xQueueGenericSend
 .text.xQueueGenericSendFromISR
                0x0800947c      0x13c ./Middlewares/Third_Party/FreeRTOS/Source/queue.o
                0x0800947c                xQueueGenericSendFromISR
 .text.xQueueReceive
                0x080095b8      0x1c4 ./Middlewares/Third_Party/FreeRTOS/Source/queue.o
                0x080095b8                xQueueReceive
 .text.prvCopyDataToQueue
                0x0800977c       0xd4 ./Middlewares/Third_Party/FreeRTOS/Source/queue.o
 .text.prvCopyDataFromQueue
                0x08009850       0x4c ./Middlewares/Third_Party/FreeRTOS/Source/queue.o
 .text.prvUnlockQueue
                0x0800989c       0xa4 ./Middlewares/Third_Party/FreeRTOS/Source/queue.o
 .text.prvIsQueueEmpty
                0x08009940       0x2c ./Middlewares/Third_Party/FreeRTOS/Source/queue.o
 .text.prvIsQueueFull
                0x0800996c       0x30 ./Middlewares/Third_Party/FreeRTOS/Source/queue.o
 .text.vQueueAddToRegistry
                0x0800999c       0x54 ./Middlewares/Third_Party/FreeRTOS/Source/queue.o
                0x0800999c                vQueueAddToRegistry
 .text.vQueueWaitForMessageRestricted
                0x080099f0       0x68 ./Middlewares/Third_Party/FreeRTOS/Source/queue.o
                0x080099f0                vQueueWaitForMessageRestricted
 .text.xTaskCreateStatic
                0x08009a58       0xc0 ./Middlewares/Third_Party/FreeRTOS/Source/tasks.o
                0x08009a58                xTaskCreateStatic
 .text.xTaskCreate
                0x08009b18       0x8a ./Middlewares/Third_Party/FreeRTOS/Source/tasks.o
                0x08009b18                xTaskCreate
 *fill*         0x08009ba2        0x2 
 .text.prvInitialiseNewTask
                0x08009ba4      0x150 ./Middlewares/Third_Party/FreeRTOS/Source/tasks.o
 .text.prvAddNewTaskToReadyList
                0x08009cf4       0xe0 ./Middlewares/Third_Party/FreeRTOS/Source/tasks.o
 .text.vTaskDelay
                0x08009dd4       0x6c ./Middlewares/Third_Party/FreeRTOS/Source/tasks.o
                0x08009dd4                vTaskDelay
 .text.vTaskStartScheduler
                0x08009e40       0xe0 ./Middlewares/Third_Party/FreeRTOS/Source/tasks.o
                0x08009e40                vTaskStartScheduler
 .text.vTaskSuspendAll
                0x08009f20       0x1c ./Middlewares/Third_Party/FreeRTOS/Source/tasks.o
                0x08009f20                vTaskSuspendAll
 .text.xTaskResumeAll
                0x08009f3c      0x13c ./Middlewares/Third_Party/FreeRTOS/Source/tasks.o
                0x08009f3c                xTaskResumeAll
 .text.xTaskGetTickCount
                0x0800a078       0x20 ./Middlewares/Third_Party/FreeRTOS/Source/tasks.o
                0x0800a078                xTaskGetTickCount
 .text.xTaskIncrementTick
                0x0800a098      0x174 ./Middlewares/Third_Party/FreeRTOS/Source/tasks.o
                0x0800a098                xTaskIncrementTick
 .text.vTaskSwitchContext
                0x0800a20c       0xcc ./Middlewares/Third_Party/FreeRTOS/Source/tasks.o
                0x0800a20c                vTaskSwitchContext
 .text.vTaskPlaceOnEventList
                0x0800a2d8       0x4c ./Middlewares/Third_Party/FreeRTOS/Source/tasks.o
                0x0800a2d8                vTaskPlaceOnEventList
 .text.vTaskPlaceOnEventListRestricted
                0x0800a324       0x58 ./Middlewares/Third_Party/FreeRTOS/Source/tasks.o
                0x0800a324                vTaskPlaceOnEventListRestricted
 .text.xTaskRemoveFromEventList
                0x0800a37c       0xc8 ./Middlewares/Third_Party/FreeRTOS/Source/tasks.o
                0x0800a37c                xTaskRemoveFromEventList
 .text.vTaskInternalSetTimeOutState
                0x0800a444       0x2c ./Middlewares/Third_Party/FreeRTOS/Source/tasks.o
                0x0800a444                vTaskInternalSetTimeOutState
 .text.xTaskCheckForTimeOut
                0x0800a470       0xc8 ./Middlewares/Third_Party/FreeRTOS/Source/tasks.o
                0x0800a470                xTaskCheckForTimeOut
 .text.vTaskMissedYield
                0x0800a538       0x18 ./Middlewares/Third_Party/FreeRTOS/Source/tasks.o
                0x0800a538                vTaskMissedYield
 .text.prvIdleTask
                0x0800a550       0x30 ./Middlewares/Third_Party/FreeRTOS/Source/tasks.o
 .text.prvInitialiseTaskLists
                0x0800a580       0x80 ./Middlewares/Third_Party/FreeRTOS/Source/tasks.o
 .text.prvCheckTasksWaitingTermination
                0x0800a600       0x5c ./Middlewares/Third_Party/FreeRTOS/Source/tasks.o
 .text.prvDeleteTCB
                0x0800a65c       0x6a ./Middlewares/Third_Party/FreeRTOS/Source/tasks.o
 *fill*         0x0800a6c6        0x2 
 .text.prvResetNextTaskUnblockTime
                0x0800a6c8       0x40 ./Middlewares/Third_Party/FreeRTOS/Source/tasks.o
 .text.xTaskGetSchedulerState
                0x0800a708       0x3c ./Middlewares/Third_Party/FreeRTOS/Source/tasks.o
                0x0800a708                xTaskGetSchedulerState
 .text.xTaskPriorityDisinherit
                0x0800a744       0xe0 ./Middlewares/Third_Party/FreeRTOS/Source/tasks.o
                0x0800a744                xTaskPriorityDisinherit
 .text.prvAddCurrentTaskToDelayedList
                0x0800a824       0xa8 ./Middlewares/Third_Party/FreeRTOS/Source/tasks.o
 .text.xTimerCreateTimerTask
                0x0800a8cc       0x94 ./Middlewares/Third_Party/FreeRTOS/Source/timers.o
                0x0800a8cc                xTimerCreateTimerTask
 .text.xTimerGenericCommand
                0x0800a960       0x9c ./Middlewares/Third_Party/FreeRTOS/Source/timers.o
                0x0800a960                xTimerGenericCommand
 .text.prvProcessExpiredTimer
                0x0800a9fc       0x9c ./Middlewares/Third_Party/FreeRTOS/Source/timers.o
 .text.prvTimerTask
                0x0800aa98       0x26 ./Middlewares/Third_Party/FreeRTOS/Source/timers.o
 *fill*         0x0800aabe        0x2 
 .text.prvProcessTimerOrBlockTask
                0x0800aac0       0x9c ./Middlewares/Third_Party/FreeRTOS/Source/timers.o
 .text.prvGetNextExpireTime
                0x0800ab5c       0x48 ./Middlewares/Third_Party/FreeRTOS/Source/timers.o
 .text.prvSampleTimeNow
                0x0800aba4       0x40 ./Middlewares/Third_Party/FreeRTOS/Source/timers.o
 .text.prvInsertTimerInActiveList
                0x0800abe4       0x84 ./Middlewares/Third_Party/FreeRTOS/Source/timers.o
 .text.prvProcessReceivedCommands
                0x0800ac68      0x1cc ./Middlewares/Third_Party/FreeRTOS/Source/timers.o
 .text.prvSwitchTimerLists
                0x0800ae34       0xcc ./Middlewares/Third_Party/FreeRTOS/Source/timers.o
 .text.prvCheckForValidListAndQueue
                0x0800af00       0x80 ./Middlewares/Third_Party/FreeRTOS/Source/timers.o
 .text.pxPortInitialiseStack
                0x0800af80       0x68 ./Middlewares/Third_Party/FreeRTOS/Source/portable/GCC/ARM_CM4F/port.o
                0x0800af80                pxPortInitialiseStack
 .text.prvTaskExitError
                0x0800afe8       0x5c ./Middlewares/Third_Party/FreeRTOS/Source/portable/GCC/ARM_CM4F/port.o
 *fill*         0x0800b044        0xc 
 .text.SVC_Handler
                0x0800b050       0x28 ./Middlewares/Third_Party/FreeRTOS/Source/portable/GCC/ARM_CM4F/port.o
                0x0800b050                SVC_Handler
 .text.prvPortStartFirstTask
                0x0800b078       0x28 ./Middlewares/Third_Party/FreeRTOS/Source/portable/GCC/ARM_CM4F/port.o
 .text.xPortStartScheduler
                0x0800b0a0      0x148 ./Middlewares/Third_Party/FreeRTOS/Source/portable/GCC/ARM_CM4F/port.o
                0x0800b0a0                xPortStartScheduler
 .text.vPortEnterCritical
                0x0800b1e8       0x64 ./Middlewares/Third_Party/FreeRTOS/Source/portable/GCC/ARM_CM4F/port.o
                0x0800b1e8                vPortEnterCritical
 .text.vPortExitCritical
                0x0800b24c       0x54 ./Middlewares/Third_Party/FreeRTOS/Source/portable/GCC/ARM_CM4F/port.o
                0x0800b24c                vPortExitCritical
 .text.PendSV_Handler
                0x0800b2a0       0x68 ./Middlewares/Third_Party/FreeRTOS/Source/portable/GCC/ARM_CM4F/port.o
                0x0800b2a0                PendSV_Handler
 .text.xPortSysTickHandler
                0x0800b308       0x44 ./Middlewares/Third_Party/FreeRTOS/Source/portable/GCC/ARM_CM4F/port.o
                0x0800b308                xPortSysTickHandler
 .text.vPortSetupTimerInterrupt
                0x0800b34c       0x48 ./Middlewares/Third_Party/FreeRTOS/Source/portable/GCC/ARM_CM4F/port.o
                0x0800b34c                vPortSetupTimerInterrupt
 .text.vPortEnableVFP
                0x0800b394       0x14 ./Middlewares/Third_Party/FreeRTOS/Source/portable/GCC/ARM_CM4F/port.o
 .text.vPortValidateInterruptPriority
                0x0800b3a8       0x84 ./Middlewares/Third_Party/FreeRTOS/Source/portable/GCC/ARM_CM4F/port.o
                0x0800b3a8                vPortValidateInterruptPriority
 .text.pvPortMalloc
                0x0800b42c      0x19c ./Middlewares/Third_Party/FreeRTOS/Source/portable/MemMang/heap_4.o
                0x0800b42c                pvPortMalloc
 .text.vPortFree
                0x0800b5c8       0xc8 ./Middlewares/Third_Party/FreeRTOS/Source/portable/MemMang/heap_4.o
                0x0800b5c8                vPortFree
 .text.prvHeapInit
                0x0800b690       0xc4 ./Middlewares/Third_Party/FreeRTOS/Source/portable/MemMang/heap_4.o
 .text.prvInsertBlockIntoFreeList
                0x0800b754       0xb4 ./Middlewares/Third_Party/FreeRTOS/Source/portable/MemMang/heap_4.o
 .text.MX_USB_DEVICE_Init
                0x0800b808       0x60 ./USB_DEVICE/App/usb_device.o
                0x0800b808                MX_USB_DEVICE_Init
 .text.CDC_Init_FS
                0x0800b868       0x28 ./USB_DEVICE/App/usbd_cdc_if.o
 .text.CDC_DeInit_FS
                0x0800b890       0x10 ./USB_DEVICE/App/usbd_cdc_if.o
 .text.CDC_Control_FS
                0x0800b8a0       0xbc ./USB_DEVICE/App/usbd_cdc_if.o
 .text.CDC_Receive_FS
                0x0800b95c       0x28 ./USB_DEVICE/App/usbd_cdc_if.o
 .text.CDC_TransmitCplt_FS
                0x0800b984       0x22 ./USB_DEVICE/App/usbd_cdc_if.o
 *fill*         0x0800b9a6        0x2 
 .text.USBD_FS_DeviceDescriptor
                0x0800b9a8       0x24 ./USB_DEVICE/App/usbd_desc.o
                0x0800b9a8                USBD_FS_DeviceDescriptor
 .text.USBD_FS_LangIDStrDescriptor
                0x0800b9cc       0x24 ./USB_DEVICE/App/usbd_desc.o
                0x0800b9cc                USBD_FS_LangIDStrDescriptor
 .text.USBD_FS_ProductStrDescriptor
                0x0800b9f0       0x3c ./USB_DEVICE/App/usbd_desc.o
                0x0800b9f0                USBD_FS_ProductStrDescriptor
 .text.USBD_FS_ManufacturerStrDescriptor
                0x0800ba2c       0x28 ./USB_DEVICE/App/usbd_desc.o
                0x0800ba2c                USBD_FS_ManufacturerStrDescriptor
 .text.USBD_FS_SerialStrDescriptor
                0x0800ba54       0x24 ./USB_DEVICE/App/usbd_desc.o
                0x0800ba54                USBD_FS_SerialStrDescriptor
 .text.USBD_FS_ConfigStrDescriptor
                0x0800ba78       0x3c ./USB_DEVICE/App/usbd_desc.o
                0x0800ba78                USBD_FS_ConfigStrDescriptor
 .text.USBD_FS_InterfaceStrDescriptor
                0x0800bab4       0x3c ./USB_DEVICE/App/usbd_desc.o
                0x0800bab4                USBD_FS_InterfaceStrDescriptor
 .text.Get_SerialNum
                0x0800baf0       0x58 ./USB_DEVICE/App/usbd_desc.o
 .text.IntToUnicode
                0x0800bb48       0x7e ./USB_DEVICE/App/usbd_desc.o
 *fill*         0x0800bbc6        0x2 
 .text.HAL_PCD_MspInit
                0x0800bbc8       0xa8 ./USB_DEVICE/Target/usbd_conf.o
                0x0800bbc8                HAL_PCD_MspInit
 .text.HAL_PCD_SetupStageCallback
                0x0800bc70       0x24 ./USB_DEVICE/Target/usbd_conf.o
                0x0800bc70                HAL_PCD_SetupStageCallback
 .text.HAL_PCD_DataOutStageCallback
                0x0800bc94       0x36 ./USB_DEVICE/Target/usbd_conf.o
                0x0800bc94                HAL_PCD_DataOutStageCallback
 .text.HAL_PCD_DataInStageCallback
                0x0800bcca       0x34 ./USB_DEVICE/Target/usbd_conf.o
                0x0800bcca                HAL_PCD_DataInStageCallback
 .text.HAL_PCD_SOFCallback
                0x0800bcfe       0x1c ./USB_DEVICE/Target/usbd_conf.o
                0x0800bcfe                HAL_PCD_SOFCallback
 .text.HAL_PCD_ResetCallback
                0x0800bd1a       0x50 ./USB_DEVICE/Target/usbd_conf.o
                0x0800bd1a                HAL_PCD_ResetCallback
 *fill*         0x0800bd6a        0x2 
 .text.HAL_PCD_SuspendCallback
                0x0800bd6c       0x4c ./USB_DEVICE/Target/usbd_conf.o
                0x0800bd6c                HAL_PCD_SuspendCallback
 .text.HAL_PCD_ResumeCallback
                0x0800bdb8       0x1c ./USB_DEVICE/Target/usbd_conf.o
                0x0800bdb8                HAL_PCD_ResumeCallback
 .text.HAL_PCD_ISOOUTIncompleteCallback
                0x0800bdd4       0x24 ./USB_DEVICE/Target/usbd_conf.o
                0x0800bdd4                HAL_PCD_ISOOUTIncompleteCallback
 .text.HAL_PCD_ISOINIncompleteCallback
                0x0800bdf8       0x24 ./USB_DEVICE/Target/usbd_conf.o
                0x0800bdf8                HAL_PCD_ISOINIncompleteCallback
 .text.HAL_PCD_ConnectCallback
                0x0800be1c       0x1c ./USB_DEVICE/Target/usbd_conf.o
                0x0800be1c                HAL_PCD_ConnectCallback
 .text.HAL_PCD_DisconnectCallback
                0x0800be38       0x1c ./USB_DEVICE/Target/usbd_conf.o
                0x0800be38                HAL_PCD_DisconnectCallback
 .text.USBD_LL_Init
                0x0800be54       0x98 ./USB_DEVICE/Target/usbd_conf.o
                0x0800be54                USBD_LL_Init
 .text.USBD_LL_Start
                0x0800beec       0x36 ./USB_DEVICE/Target/usbd_conf.o
                0x0800beec                USBD_LL_Start
 .text.USBD_LL_OpenEP
                0x0800bf22       0x4c ./USB_DEVICE/Target/usbd_conf.o
                0x0800bf22                USBD_LL_OpenEP
 .text.USBD_LL_CloseEP
                0x0800bf6e       0x3e ./USB_DEVICE/Target/usbd_conf.o
                0x0800bf6e                USBD_LL_CloseEP
 .text.USBD_LL_StallEP
                0x0800bfac       0x3e ./USB_DEVICE/Target/usbd_conf.o
                0x0800bfac                USBD_LL_StallEP
 .text.USBD_LL_ClearStallEP
                0x0800bfea       0x3e ./USB_DEVICE/Target/usbd_conf.o
                0x0800bfea                USBD_LL_ClearStallEP
 .text.USBD_LL_IsStallEP
                0x0800c028       0x58 ./USB_DEVICE/Target/usbd_conf.o
                0x0800c028                USBD_LL_IsStallEP
 .text.USBD_LL_SetUSBAddress
                0x0800c080       0x3e ./USB_DEVICE/Target/usbd_conf.o
                0x0800c080                USBD_LL_SetUSBAddress
 .text.USBD_LL_Transmit
                0x0800c0be       0x42 ./USB_DEVICE/Target/usbd_conf.o
                0x0800c0be                USBD_LL_Transmit
 .text.USBD_LL_PrepareReceive
                0x0800c100       0x42 ./USB_DEVICE/Target/usbd_conf.o
                0x0800c100                USBD_LL_PrepareReceive
 .text.USBD_LL_GetRxDataSize
                0x0800c142       0x26 ./USB_DEVICE/Target/usbd_conf.o
                0x0800c142                USBD_LL_GetRxDataSize
 .text.USBD_static_malloc
                0x0800c168       0x1c ./USB_DEVICE/Target/usbd_conf.o
                0x0800c168                USBD_static_malloc
 .text.USBD_static_free
                0x0800c184       0x14 ./USB_DEVICE/Target/usbd_conf.o
                0x0800c184                USBD_static_free
 .text.USBD_Get_USB_Status
                0x0800c198       0x58 ./USB_DEVICE/Target/usbd_conf.o
                0x0800c198                USBD_Get_USB_Status
 .text.memset   0x0800c1f0       0x10 C:/ST/STM32CubeIDE_1.19.0/STM32CubeIDE/plugins/com.st.stm32cube.ide.mcu.externaltools.gnu-tools-for-stm32.13.3.rel1.win32_1.0.0.202411081344/tools/bin/../lib/gcc/arm-none-eabi/13.3.1/../../../../arm-none-eabi/lib/thumb/v7e-m+fp/hard\libc_nano.a(libc_a-memset.o)
                0x0800c1f0                memset
 .text._reclaim_reent
                0x0800c200       0xbc C:/ST/STM32CubeIDE_1.19.0/STM32CubeIDE/plugins/com.st.stm32cube.ide.mcu.externaltools.gnu-tools-for-stm32.13.3.rel1.win32_1.0.0.202411081344/tools/bin/../lib/gcc/arm-none-eabi/13.3.1/../../../../arm-none-eabi/lib/thumb/v7e-m+fp/hard\libc_nano.a(libc_a-reent.o)
                0x0800c200                _reclaim_reent
 .text.__libc_init_array
                0x0800c2bc       0x48 C:/ST/STM32CubeIDE_1.19.0/STM32CubeIDE/plugins/com.st.stm32cube.ide.mcu.externaltools.gnu-tools-for-stm32.13.3.rel1.win32_1.0.0.202411081344/tools/bin/../lib/gcc/arm-none-eabi/13.3.1/../../../../arm-none-eabi/lib/thumb/v7e-m+fp/hard\libc_nano.a(libc_a-init.o)
                0x0800c2bc                __libc_init_array
 .text.__retarget_lock_acquire_recursive
                0x0800c304        0x2 C:/ST/STM32CubeIDE_1.19.0/STM32CubeIDE/plugins/com.st.stm32cube.ide.mcu.externaltools.gnu-tools-for-stm32.13.3.rel1.win32_1.0.0.202411081344/tools/bin/../lib/gcc/arm-none-eabi/13.3.1/../../../../arm-none-eabi/lib/thumb/v7e-m+fp/hard\libc_nano.a(libc_a-lock.o)
                0x0800c304                __retarget_lock_acquire_recursive
 .text.__retarget_lock_release_recursive
                0x0800c306        0x2 C:/ST/STM32CubeIDE_1.19.0/STM32CubeIDE/plugins/com.st.stm32cube.ide.mcu.externaltools.gnu-tools-for-stm32.13.3.rel1.win32_1.0.0.202411081344/tools/bin/../lib/gcc/arm-none-eabi/13.3.1/../../../../arm-none-eabi/lib/thumb/v7e-m+fp/hard\libc_nano.a(libc_a-lock.o)
                0x0800c306                __retarget_lock_release_recursive
 .text.memcpy   0x0800c308       0x1c C:/ST/STM32CubeIDE_1.19.0/STM32CubeIDE/plugins/com.st.stm32cube.ide.mcu.externaltools.gnu-tools-for-stm32.13.3.rel1.win32_1.0.0.202411081344/tools/bin/../lib/gcc/arm-none-eabi/13.3.1/../../../../arm-none-eabi/lib/thumb/v7e-m+fp/hard\libc_nano.a(libc_a-memcpy-stub.o)
                0x0800c308                memcpy
 .text._free_r  0x0800c324       0x94 C:/ST/STM32CubeIDE_1.19.0/STM32CubeIDE/plugins/com.st.stm32cube.ide.mcu.externaltools.gnu-tools-for-stm32.13.3.rel1.win32_1.0.0.202411081344/tools/bin/../lib/gcc/arm-none-eabi/13.3.1/../../../../arm-none-eabi/lib/thumb/v7e-m+fp/hard\libc_nano.a(libc_a-freer.o)
                0x0800c324                _free_r
 .text.__malloc_lock
                0x0800c3b8        0xc C:/ST/STM32CubeIDE_1.19.0/STM32CubeIDE/plugins/com.st.stm32cube.ide.mcu.externaltools.gnu-tools-for-stm32.13.3.rel1.win32_1.0.0.202411081344/tools/bin/../lib/gcc/arm-none-eabi/13.3.1/../../../../arm-none-eabi/lib/thumb/v7e-m+fp/hard\libc_nano.a(libc_a-mlock.o)
                0x0800c3b8                __malloc_lock
 .text.__malloc_unlock
                0x0800c3c4        0xc C:/ST/STM32CubeIDE_1.19.0/STM32CubeIDE/plugins/com.st.stm32cube.ide.mcu.externaltools.gnu-tools-for-stm32.13.3.rel1.win32_1.0.0.202411081344/tools/bin/../lib/gcc/arm-none-eabi/13.3.1/../../../../arm-none-eabi/lib/thumb/v7e-m+fp/hard\libc_nano.a(libc_a-mlock.o)
                0x0800c3c4                __malloc_unlock
 *(.glue_7)
 .glue_7        0x0800c3d0        0x0 linker stubs
 *(.glue_7t)
 .glue_7t       0x0800c3d0        0x0 linker stubs
 *(.eh_frame)
 .eh_frame      0x0800c3d0        0x0 C:/ST/STM32CubeIDE_1.19.0/STM32CubeIDE/plugins/com.st.stm32cube.ide.mcu.externaltools.gnu-tools-for-stm32.13.3.rel1.win32_1.0.0.202411081344/tools/bin/../lib/gcc/arm-none-eabi/13.3.1/thumb/v7e-m+fp/hard/crtbegin.o
 *(.init)
 .init          0x0800c3d0        0x4 C:/ST/STM32CubeIDE_1.19.0/STM32CubeIDE/plugins/com.st.stm32cube.ide.mcu.externaltools.gnu-tools-for-stm32.13.3.rel1.win32_1.0.0.202411081344/tools/bin/../lib/gcc/arm-none-eabi/13.3.1/thumb/v7e-m+fp/hard/crti.o
                0x0800c3d0                _init
 .init          0x0800c3d4        0x8 C:/ST/STM32CubeIDE_1.19.0/STM32CubeIDE/plugins/com.st.stm32cube.ide.mcu.externaltools.gnu-tools-for-stm32.13.3.rel1.win32_1.0.0.202411081344/tools/bin/../lib/gcc/arm-none-eabi/13.3.1/thumb/v7e-m+fp/hard/crtn.o
 *(.fini)
 .fini          0x0800c3dc        0x4 C:/ST/STM32CubeIDE_1.19.0/STM32CubeIDE/plugins/com.st.stm32cube.ide.mcu.externaltools.gnu-tools-for-stm32.13.3.rel1.win32_1.0.0.202411081344/tools/bin/../lib/gcc/arm-none-eabi/13.3.1/thumb/v7e-m+fp/hard/crti.o
                0x0800c3dc                _fini
 .fini          0x0800c3e0        0x8 C:/ST/STM32CubeIDE_1.19.0/STM32CubeIDE/plugins/com.st.stm32cube.ide.mcu.externaltools.gnu-tools-for-stm32.13.3.rel1.win32_1.0.0.202411081344/tools/bin/../lib/gcc/arm-none-eabi/13.3.1/thumb/v7e-m+fp/hard/crtn.o
                0x0800c3e8                        . = ALIGN (0x4)
                0x0800c3e8                        _etext = .

.vfp11_veneer   0x0800c3e8        0x0
 .vfp11_veneer  0x0800c3e8        0x0 linker stubs

.v4_bx          0x0800c3e8        0x0
 .v4_bx         0x0800c3e8        0x0 linker stubs

.iplt           0x0800c3e8        0x0
 .iplt          0x0800c3e8        0x0 C:/ST/STM32CubeIDE_1.19.0/STM32CubeIDE/plugins/com.st.stm32cube.ide.mcu.externaltools.gnu-tools-for-stm32.13.3.rel1.win32_1.0.0.202411081344/tools/bin/../lib/gcc/arm-none-eabi/13.3.1/thumb/v7e-m+fp/hard/crtbegin.o

.rodata         0x0800c3e8      0x130
                0x0800c3e8                        . = ALIGN (0x4)
 *(.rodata)
 .rodata        0x0800c3e8       0x33 ./Core/Src/main.o
 *fill*         0x0800c41b        0x1 
 .rodata        0x0800c41c        0x5 ./Middlewares/Third_Party/FreeRTOS/Source/tasks.o
 *fill*         0x0800c421        0x3 
 .rodata        0x0800c424        0xd ./Middlewares/Third_Party/FreeRTOS/Source/timers.o
 *fill*         0x0800c431        0x3 
 .rodata        0x0800c434       0x46 ./USB_DEVICE/App/usbd_desc.o
 *(.rodata*)
 *fill*         0x0800c47a        0x2 
 .rodata.main_thread_attributes
                0x0800c47c       0x24 ./Core/Src/main.o
                0x0800c47c                main_thread_attributes
 .rodata.PWM_thread_attributes
                0x0800c4a0       0x24 ./Core/Src/main.o
                0x0800c4a0                PWM_thread_attributes
 .rodata.USB_thread_attributes
                0x0800c4c4       0x24 ./Core/Src/main.o
                0x0800c4c4                USB_thread_attributes
 .rodata.setpoint_mutex_attributes
                0x0800c4e8       0x10 ./Core/Src/main.o
                0x0800c4e8                setpoint_mutex_attributes
 .rodata.AHBPrescTable
                0x0800c4f8       0x10 ./Core/Src/system_stm32f4xx.o
                0x0800c4f8                AHBPrescTable
 .rodata.APBPrescTable
                0x0800c508        0x8 ./Core/Src/system_stm32f4xx.o
                0x0800c508                APBPrescTable
 .rodata.flagBitshiftOffset.0
                0x0800c510        0x8 ./Drivers/STM32F4xx_HAL_Driver/Src/stm32f4xx_hal_dma.o
                0x0800c518                        . = ALIGN (0x4)

.ARM.extab      0x0800c518        0x0
                0x0800c518                        . = ALIGN (0x4)
 *(.ARM.extab* .gnu.linkonce.armextab.*)
                0x0800c518                        . = ALIGN (0x4)

.ARM            0x0800c518        0x8
                0x0800c518                        . = ALIGN (0x4)
                0x0800c518                        __exidx_start = .
 *(.ARM.exidx*)
 .ARM.exidx     0x0800c518        0x8 C:/ST/STM32CubeIDE_1.19.0/STM32CubeIDE/plugins/com.st.stm32cube.ide.mcu.externaltools.gnu-tools-for-stm32.13.3.rel1.win32_1.0.0.202411081344/tools/bin/../lib/gcc/arm-none-eabi/13.3.1/thumb/v7e-m+fp/hard\libgcc.a(_udivmoddi4.o)
                0x0800c520                        __exidx_end = .
                0x0800c520                        . = ALIGN (0x4)

.preinit_array  0x0800c520        0x0
                0x0800c520                        . = ALIGN (0x4)
                0x0800c520                        PROVIDE (__preinit_array_start = .)
 *(.preinit_array*)
                0x0800c520                        PROVIDE (__preinit_array_end = .)
                0x0800c520                        . = ALIGN (0x4)

.init_array     0x0800c520        0x4
                0x0800c520                        . = ALIGN (0x4)
                0x0800c520                        PROVIDE (__init_array_start = .)
 *(SORT_BY_NAME(.init_array.*))
 *(.init_array*)
 .init_array    0x0800c520        0x4 C:/ST/STM32CubeIDE_1.19.0/STM32CubeIDE/plugins/com.st.stm32cube.ide.mcu.externaltools.gnu-tools-for-stm32.13.3.rel1.win32_1.0.0.202411081344/tools/bin/../lib/gcc/arm-none-eabi/13.3.1/thumb/v7e-m+fp/hard/crtbegin.o
                0x0800c524                        PROVIDE (__init_array_end = .)
                0x0800c524                        . = ALIGN (0x4)

.fini_array     0x0800c524        0x4
                0x0800c524                        . = ALIGN (0x4)
                [!provide]                        PROVIDE (__fini_array_start = .)
 *(SORT_BY_NAME(.fini_array.*))
 *(.fini_array*)
 .fini_array    0x0800c524        0x4 C:/ST/STM32CubeIDE_1.19.0/STM32CubeIDE/plugins/com.st.stm32cube.ide.mcu.externaltools.gnu-tools-for-stm32.13.3.rel1.win32_1.0.0.202411081344/tools/bin/../lib/gcc/arm-none-eabi/13.3.1/thumb/v7e-m+fp/hard/crtbegin.o
                [!provide]                        PROVIDE (__fini_array_end = .)
                0x0800c528                        . = ALIGN (0x4)
                0x0800c528                        _sidata = LOADADDR (.data)

.rel.dyn        0x0800c528        0x0
 .rel.iplt      0x0800c528        0x0 C:/ST/STM32CubeIDE_1.19.0/STM32CubeIDE/plugins/com.st.stm32cube.ide.mcu.externaltools.gnu-tools-for-stm32.13.3.rel1.win32_1.0.0.202411081344/tools/bin/../lib/gcc/arm-none-eabi/13.3.1/thumb/v7e-m+fp/hard/crtbegin.o

.data           0x20000000      0x150 load address 0x0800c528
                0x20000000                        . = ALIGN (0x4)
                0x20000000                        _sdata = .
 *(.data)
 *(.data*)
 .data.SystemCoreClock
                0x20000000        0x4 ./Core/Src/system_stm32f4xx.o
                0x20000000                SystemCoreClock
 .data.uwTickPrio
                0x20000004        0x4 ./Drivers/STM32F4xx_HAL_Driver/Src/stm32f4xx_hal.o
                0x20000004                uwTickPrio
 .data.uwTickFreq
                0x20000008        0x1 ./Drivers/STM32F4xx_HAL_Driver/Src/stm32f4xx_hal.o
                0x20000008                uwTickFreq
 *fill*         0x20000009        0x3 
 .data.USBD_CDC_DeviceQualifierDesc
                0x2000000c        0xa ./Middlewares/ST/STM32_USB_Device_Library/Class/CDC/Src/usbd_cdc.o
 *fill*         0x20000016        0x2 
 .data.USBD_CDC
                0x20000018       0x38 ./Middlewares/ST/STM32_USB_Device_Library/Class/CDC/Src/usbd_cdc.o
                0x20000018                USBD_CDC
 .data.USBD_CDC_CfgDesc
                0x20000050       0x43 ./Middlewares/ST/STM32_USB_Device_Library/Class/CDC/Src/usbd_cdc.o
 .data.CDCInEpAdd
                0x20000093        0x1 ./Middlewares/ST/STM32_USB_Device_Library/Class/CDC/Src/usbd_cdc.o
 .data.CDCOutEpAdd
                0x20000094        0x1 ./Middlewares/ST/STM32_USB_Device_Library/Class/CDC/Src/usbd_cdc.o
 .data.CDCCmdEpAdd
                0x20000095        0x1 ./Middlewares/ST/STM32_USB_Device_Library/Class/CDC/Src/usbd_cdc.o
 *fill*         0x20000096        0x2 
 .data.uxCriticalNesting
                0x20000098        0x4 ./Middlewares/Third_Party/FreeRTOS/Source/portable/GCC/ARM_CM4F/port.o
 .data.USBD_Interface_fops_FS
                0x2000009c       0x14 ./USB_DEVICE/App/usbd_cdc_if.o
                0x2000009c                USBD_Interface_fops_FS
 .data.FS_Desc  0x200000b0       0x1c ./USB_DEVICE/App/usbd_desc.o
                0x200000b0                FS_Desc
 .data.USBD_FS_DeviceDesc
                0x200000cc       0x12 ./USB_DEVICE/App/usbd_desc.o
                0x200000cc                USBD_FS_DeviceDesc
 *fill*         0x200000de        0x2 
 .data.USBD_LangIDDesc
                0x200000e0        0x4 ./USB_DEVICE/App/usbd_desc.o
                0x200000e0                USBD_LangIDDesc
 .data.USBD_StringSerial
                0x200000e4       0x1a ./USB_DEVICE/App/usbd_desc.o
                0x200000e4                USBD_StringSerial
 *fill*         0x200000fe        0x2 
 .data._impure_ptr
                0x20000100        0x4 C:/ST/STM32CubeIDE_1.19.0/STM32CubeIDE/plugins/com.st.stm32cube.ide.mcu.externaltools.gnu-tools-for-stm32.13.3.rel1.win32_1.0.0.202411081344/tools/bin/../lib/gcc/arm-none-eabi/13.3.1/../../../../arm-none-eabi/lib/thumb/v7e-m+fp/hard\libc_nano.a(libc_a-impure.o)
                0x20000100                _impure_ptr
 .data._impure_data
                0x20000104       0x4c C:/ST/STM32CubeIDE_1.19.0/STM32CubeIDE/plugins/com.st.stm32cube.ide.mcu.externaltools.gnu-tools-for-stm32.13.3.rel1.win32_1.0.0.202411081344/tools/bin/../lib/gcc/arm-none-eabi/13.3.1/../../../../arm-none-eabi/lib/thumb/v7e-m+fp/hard\libc_nano.a(libc_a-impure.o)
                0x20000104                _impure_data
 *(.RamFunc)
 *(.RamFunc*)
                0x20000150                        . = ALIGN (0x4)
                0x20000150                        _edata = .
                0x0800c678                        _siccmram = LOADADDR (.ccmram)

.igot.plt       0x20000150        0x0 load address 0x0800c678
 .igot.plt      0x20000150        0x0 C:/ST/STM32CubeIDE_1.19.0/STM32CubeIDE/plugins/com.st.stm32cube.ide.mcu.externaltools.gnu-tools-for-stm32.13.3.rel1.win32_1.0.0.202411081344/tools/bin/../lib/gcc/arm-none-eabi/13.3.1/thumb/v7e-m+fp/hard/crtbegin.o

.ccmram         0x10000000        0x0 load address 0x0800c678
                0x10000000                        . = ALIGN (0x4)
                0x10000000                        _sccmram = .
 *(.ccmram)
 *(.ccmram*)
                0x10000000                        . = ALIGN (0x4)
                0x10000000                        _eccmram = .
                0x10000000                        . = ALIGN (0x4)

.bss            0x20000150     0x71e8
                0x20000150                        _sbss = .
                0x20000150                        __bss_start__ = _sbss
 *(.bss)
 .bss           0x20000150       0x1c C:/ST/STM32CubeIDE_1.19.0/STM32CubeIDE/plugins/com.st.stm32cube.ide.mcu.externaltools.gnu-tools-for-stm32.13.3.rel1.win32_1.0.0.202411081344/tools/bin/../lib/gcc/arm-none-eabi/13.3.1/thumb/v7e-m+fp/hard/crtbegin.o
 *(.bss*)
 .bss.hadc1     0x2000016c       0x48 ./Core/Src/main.o
                0x2000016c                hadc1
 .bss.hdma_adc1
                0x200001b4       0x60 ./Core/Src/main.o
                0x200001b4                hdma_adc1
 .bss.hcrc      0x20000214        0x8 ./Core/Src/main.o
                0x20000214                hcrc
 .bss.htim1     0x2000021c       0x48 ./Core/Src/main.o
                0x2000021c                htim1
 .bss.htim2     0x20000264       0x48 ./Core/Src/main.o
                0x20000264                htim2
 .bss.htim3     0x200002ac       0x48 ./Core/Src/main.o
                0x200002ac                htim3
 .bss.htim4     0x200002f4       0x48 ./Core/Src/main.o
                0x200002f4                htim4
 .bss.htim7     0x2000033c       0x48 ./Core/Src/main.o
                0x2000033c                htim7
 .bss.main_threadHandle
                0x20000384        0x4 ./Core/Src/main.o
                0x20000384                main_threadHandle
 .bss.mainTaskBuffer
                0x20000388      0x200 ./Core/Src/main.o
                0x20000388                mainTaskBuffer
 .bss.mainTaskControlBlock
                0x20000588       0xa8 ./Core/Src/main.o
                0x20000588                mainTaskControlBlock
 .bss.PWM_threadHandle
                0x20000630        0x4 ./Core/Src/main.o
                0x20000630                PWM_threadHandle
 .bss.PWM_threadBuffer
                0x20000634      0x200 ./Core/Src/main.o
                0x20000634                PWM_threadBuffer
 .bss.PWM_threadControlBlock
                0x20000834       0xa8 ./Core/Src/main.o
                0x20000834                PWM_threadControlBlock
 .bss.USB_threadHandle
                0x200008dc        0x4 ./Core/Src/main.o
                0x200008dc                USB_threadHandle
 .bss.UART_threadBuffer
                0x200008e0      0x200 ./Core/Src/main.o
                0x200008e0                UART_threadBuffer
 .bss.UART_threadControlBlock
                0x20000ae0       0xa8 ./Core/Src/main.o
                0x20000ae0                UART_threadControlBlock
 .bss.setpoint_mutexHandle
                0x20000b88        0x4 ./Core/Src/main.o
                0x20000b88                setpoint_mutexHandle
 .bss.setpoint_mutexControlBlock
                0x20000b8c       0x50 ./Core/Src/main.o
                0x20000b8c                setpoint_mutexControlBlock
 .bss.setpoint1
                0x20000bdc        0x4 ./Core/Src/main.o
                0x20000bdc                setpoint1
 .bss.htim6     0x20000be0       0x48 ./Core/Src/stm32f4xx_hal_timebase_tim.o
                0x20000be0                htim6
 .bss.uwTick    0x20000c28        0x4 ./Drivers/STM32F4xx_HAL_Driver/Src/stm32f4xx_hal.o
                0x20000c28                uwTick
 .bss.cfgidx.0  0x20000c2c        0x1 ./Middlewares/ST/STM32_USB_Device_Library/Core/Src/usbd_ctlreq.o
 *fill*         0x20000c2d        0x3 
 .bss.KernelState
                0x20000c30        0x4 ./Middlewares/Third_Party/FreeRTOS/Source/CMSIS_RTOS_V2/cmsis_os2.o
 .bss.Idle_TCB.3
                0x20000c34       0xa8 ./Middlewares/Third_Party/FreeRTOS/Source/CMSIS_RTOS_V2/cmsis_os2.o
 .bss.Idle_Stack.2
                0x20000cdc      0x200 ./Middlewares/Third_Party/FreeRTOS/Source/CMSIS_RTOS_V2/cmsis_os2.o
 .bss.Timer_TCB.1
                0x20000edc       0xa8 ./Middlewares/Third_Party/FreeRTOS/Source/CMSIS_RTOS_V2/cmsis_os2.o
 .bss.Timer_Stack.0
                0x20000f84      0x400 ./Middlewares/Third_Party/FreeRTOS/Source/CMSIS_RTOS_V2/cmsis_os2.o
 .bss.xQueueRegistry
                0x20001384       0x40 ./Middlewares/Third_Party/FreeRTOS/Source/queue.o
                0x20001384                xQueueRegistry
 .bss.pxCurrentTCB
                0x200013c4        0x4 ./Middlewares/Third_Party/FreeRTOS/Source/tasks.o
                0x200013c4                pxCurrentTCB
 .bss.pxReadyTasksLists
                0x200013c8      0x460 ./Middlewares/Third_Party/FreeRTOS/Source/tasks.o
 .bss.xDelayedTaskList1
                0x20001828       0x14 ./Middlewares/Third_Party/FreeRTOS/Source/tasks.o
 .bss.xDelayedTaskList2
                0x2000183c       0x14 ./Middlewares/Third_Party/FreeRTOS/Source/tasks.o
 .bss.pxDelayedTaskList
                0x20001850        0x4 ./Middlewares/Third_Party/FreeRTOS/Source/tasks.o
 .bss.pxOverflowDelayedTaskList
                0x20001854        0x4 ./Middlewares/Third_Party/FreeRTOS/Source/tasks.o
 .bss.xPendingReadyList
                0x20001858       0x14 ./Middlewares/Third_Party/FreeRTOS/Source/tasks.o
 .bss.xTasksWaitingTermination
                0x2000186c       0x14 ./Middlewares/Third_Party/FreeRTOS/Source/tasks.o
 .bss.uxDeletedTasksWaitingCleanUp
                0x20001880        0x4 ./Middlewares/Third_Party/FreeRTOS/Source/tasks.o
 .bss.xSuspendedTaskList
                0x20001884       0x14 ./Middlewares/Third_Party/FreeRTOS/Source/tasks.o
 .bss.uxCurrentNumberOfTasks
                0x20001898        0x4 ./Middlewares/Third_Party/FreeRTOS/Source/tasks.o
 .bss.xTickCount
                0x2000189c        0x4 ./Middlewares/Third_Party/FreeRTOS/Source/tasks.o
 .bss.uxTopReadyPriority
                0x200018a0        0x4 ./Middlewares/Third_Party/FreeRTOS/Source/tasks.o
 .bss.xSchedulerRunning
                0x200018a4        0x4 ./Middlewares/Third_Party/FreeRTOS/Source/tasks.o
 .bss.xPendedTicks
                0x200018a8        0x4 ./Middlewares/Third_Party/FreeRTOS/Source/tasks.o
 .bss.xYieldPending
                0x200018ac        0x4 ./Middlewares/Third_Party/FreeRTOS/Source/tasks.o
 .bss.xNumOfOverflows
                0x200018b0        0x4 ./Middlewares/Third_Party/FreeRTOS/Source/tasks.o
 .bss.uxTaskNumber
                0x200018b4        0x4 ./Middlewares/Third_Party/FreeRTOS/Source/tasks.o
 .bss.xNextTaskUnblockTime
                0x200018b8        0x4 ./Middlewares/Third_Party/FreeRTOS/Source/tasks.o
 .bss.xIdleTaskHandle
                0x200018bc        0x4 ./Middlewares/Third_Party/FreeRTOS/Source/tasks.o
 .bss.uxSchedulerSuspended
                0x200018c0        0x4 ./Middlewares/Third_Party/FreeRTOS/Source/tasks.o
 .bss.xActiveTimerList1
                0x200018c4       0x14 ./Middlewares/Third_Party/FreeRTOS/Source/timers.o
 .bss.xActiveTimerList2
                0x200018d8       0x14 ./Middlewares/Third_Party/FreeRTOS/Source/timers.o
 .bss.pxCurrentTimerList
                0x200018ec        0x4 ./Middlewares/Third_Party/FreeRTOS/Source/timers.o
 .bss.pxOverflowTimerList
                0x200018f0        0x4 ./Middlewares/Third_Party/FreeRTOS/Source/timers.o
 .bss.xTimerQueue
                0x200018f4        0x4 ./Middlewares/Third_Party/FreeRTOS/Source/timers.o
 .bss.xTimerTaskHandle
                0x200018f8        0x4 ./Middlewares/Third_Party/FreeRTOS/Source/timers.o
 .bss.xLastTime.2
                0x200018fc        0x4 ./Middlewares/Third_Party/FreeRTOS/Source/timers.o
 .bss.ucStaticTimerQueueStorage.1
                0x20001900       0xa0 ./Middlewares/Third_Party/FreeRTOS/Source/timers.o
 .bss.xStaticTimerQueue.0
                0x200019a0       0x50 ./Middlewares/Third_Party/FreeRTOS/Source/timers.o
 .bss.ucMaxSysCallPriority
                0x200019f0        0x1 ./Middlewares/Third_Party/FreeRTOS/Source/portable/GCC/ARM_CM4F/port.o
 *fill*         0x200019f1        0x3 
 .bss.ulMaxPRIGROUPValue
                0x200019f4        0x4 ./Middlewares/Third_Party/FreeRTOS/Source/portable/GCC/ARM_CM4F/port.o
 .bss.ucHeap    0x200019f8     0x3c00 ./Middlewares/Third_Party/FreeRTOS/Source/portable/MemMang/heap_4.o
 .bss.xStart    0x200055f8        0x8 ./Middlewares/Third_Party/FreeRTOS/Source/portable/MemMang/heap_4.o
 .bss.pxEnd     0x20005600        0x4 ./Middlewares/Third_Party/FreeRTOS/Source/portable/MemMang/heap_4.o
 .bss.xFreeBytesRemaining
                0x20005604        0x4 ./Middlewares/Third_Party/FreeRTOS/Source/portable/MemMang/heap_4.o
 .bss.xMinimumEverFreeBytesRemaining
                0x20005608        0x4 ./Middlewares/Third_Party/FreeRTOS/Source/portable/MemMang/heap_4.o
 .bss.xNumberOfSuccessfulAllocations
                0x2000560c        0x4 ./Middlewares/Third_Party/FreeRTOS/Source/portable/MemMang/heap_4.o
 .bss.xNumberOfSuccessfulFrees
                0x20005610        0x4 ./Middlewares/Third_Party/FreeRTOS/Source/portable/MemMang/heap_4.o
 .bss.xBlockAllocatedBit
                0x20005614        0x4 ./Middlewares/Third_Party/FreeRTOS/Source/portable/MemMang/heap_4.o
 .bss.hUsbDeviceFS
                0x20005618      0x2dc ./USB_DEVICE/App/usb_device.o
                0x20005618                hUsbDeviceFS
 .bss.UserRxBufferFS
                0x200058f4      0x800 ./USB_DEVICE/App/usbd_cdc_if.o
                0x200058f4                UserRxBufferFS
 .bss.UserTxBufferFS
                0x200060f4      0x800 ./USB_DEVICE/App/usbd_cdc_if.o
                0x200060f4                UserTxBufferFS
 .bss.USBD_StrDesc
                0x200068f4      0x200 ./USB_DEVICE/App/usbd_desc.o
                0x200068f4                USBD_StrDesc
 .bss.hpcd_USB_OTG_FS
                0x20006af4      0x4e4 ./USB_DEVICE/Target/usbd_conf.o
                0x20006af4                hpcd_USB_OTG_FS
 .bss.mem.0     0x20006fd8      0x220 ./USB_DEVICE/Target/usbd_conf.o
 .bss.__sf      0x200071f8      0x138 C:/ST/STM32CubeIDE_1.19.0/STM32CubeIDE/plugins/com.st.stm32cube.ide.mcu.externaltools.gnu-tools-for-stm32.13.3.rel1.win32_1.0.0.202411081344/tools/bin/../lib/gcc/arm-none-eabi/13.3.1/../../../../arm-none-eabi/lib/thumb/v7e-m+fp/hard\libc_nano.a(libc_a-findfp.o)
                0x200071f8                __sf
 .bss.__lock___malloc_recursive_mutex
                0x20007330        0x1 C:/ST/STM32CubeIDE_1.19.0/STM32CubeIDE/plugins/com.st.stm32cube.ide.mcu.externaltools.gnu-tools-for-stm32.13.3.rel1.win32_1.0.0.202411081344/tools/bin/../lib/gcc/arm-none-eabi/13.3.1/../../../../arm-none-eabi/lib/thumb/v7e-m+fp/hard\libc_nano.a(libc_a-lock.o)
                0x20007330                __lock___malloc_recursive_mutex
 *fill*         0x20007331        0x3 
 .bss.__malloc_free_list
                0x20007334        0x4 C:/ST/STM32CubeIDE_1.19.0/STM32CubeIDE/plugins/com.st.stm32cube.ide.mcu.externaltools.gnu-tools-for-stm32.13.3.rel1.win32_1.0.0.202411081344/tools/bin/../lib/gcc/arm-none-eabi/13.3.1/../../../../arm-none-eabi/lib/thumb/v7e-m+fp/hard\libc_nano.a(libc_a-mallocr.o)
                0x20007334                __malloc_free_list
 *(COMMON)
                0x20007338                        . = ALIGN (0x4)
                0x20007338                        _ebss = .
                0x20007338                        __bss_end__ = _ebss

._user_heap_stack
                0x20007338      0x600
                0x20007338                        . = ALIGN (0x8)
                [!provide]                        PROVIDE (end = .)
                0x20007338                        PROVIDE (_end = .)
                0x20007538                        . = (. + _Min_Heap_Size)
 *fill*         0x20007338      0x200 
                0x20007938                        . = (. + _Min_Stack_Size)
 *fill*         0x20007538      0x400 
                0x20007938                        . = ALIGN (0x8)

/DISCARD/
 libc.a(*)
 libm.a(*)
 libgcc.a(*)

.ARM.attributes
                0x00000000       0x30
 *(.ARM.attributes)
 .ARM.attributes
                0x00000000       0x22 C:/ST/STM32CubeIDE_1.19.0/STM32CubeIDE/plugins/com.st.stm32cube.ide.mcu.externaltools.gnu-tools-for-stm32.13.3.rel1.win32_1.0.0.202411081344/tools/bin/../lib/gcc/arm-none-eabi/13.3.1/thumb/v7e-m+fp/hard/crti.o
 .ARM.attributes
                0x00000022       0x34 C:/ST/STM32CubeIDE_1.19.0/STM32CubeIDE/plugins/com.st.stm32cube.ide.mcu.externaltools.gnu-tools-for-stm32.13.3.rel1.win32_1.0.0.202411081344/tools/bin/../lib/gcc/arm-none-eabi/13.3.1/thumb/v7e-m+fp/hard/crtbegin.o
 .ARM.attributes
                0x00000056       0x34 ./Core/Src/main.o
 .ARM.attributes
                0x0000008a       0x34 ./Core/Src/stm32f4xx_hal_msp.o
 .ARM.attributes
                0x000000be       0x34 ./Core/Src/stm32f4xx_hal_timebase_tim.o
 .ARM.attributes
                0x000000f2       0x34 ./Core/Src/stm32f4xx_it.o
 .ARM.attributes
                0x00000126       0x34 ./Core/Src/system_stm32f4xx.o
 .ARM.attributes
                0x0000015a       0x21 ./Core/Startup/startup_stm32f407vetx.o
 .ARM.attributes
                0x0000017b       0x34 ./Drivers/STM32F4xx_HAL_Driver/Src/stm32f4xx_hal.o
 .ARM.attributes
                0x000001af       0x34 ./Drivers/STM32F4xx_HAL_Driver/Src/stm32f4xx_hal_adc.o
 .ARM.attributes
                0x000001e3       0x34 ./Drivers/STM32F4xx_HAL_Driver/Src/stm32f4xx_hal_cortex.o
 .ARM.attributes
                0x00000217       0x34 ./Drivers/STM32F4xx_HAL_Driver/Src/stm32f4xx_hal_crc.o
 .ARM.attributes
                0x0000024b       0x34 ./Drivers/STM32F4xx_HAL_Driver/Src/stm32f4xx_hal_dma.o
 .ARM.attributes
                0x0000027f       0x34 ./Drivers/STM32F4xx_HAL_Driver/Src/stm32f4xx_hal_gpio.o
 .ARM.attributes
                0x000002b3       0x34 ./Drivers/STM32F4xx_HAL_Driver/Src/stm32f4xx_hal_pcd.o
 .ARM.attributes
                0x000002e7       0x34 ./Drivers/STM32F4xx_HAL_Driver/Src/stm32f4xx_hal_pcd_ex.o
 .ARM.attributes
                0x0000031b       0x34 ./Drivers/STM32F4xx_HAL_Driver/Src/stm32f4xx_hal_rcc.o
 .ARM.attributes
                0x0000034f       0x34 ./Drivers/STM32F4xx_HAL_Driver/Src/stm32f4xx_hal_tim.o
 .ARM.attributes
                0x00000383       0x34 ./Drivers/STM32F4xx_HAL_Driver/Src/stm32f4xx_hal_tim_ex.o
 .ARM.attributes
                0x000003b7       0x34 ./Drivers/STM32F4xx_HAL_Driver/Src/stm32f4xx_ll_usb.o
 .ARM.attributes
                0x000003eb       0x34 ./Middlewares/ST/STM32_USB_Device_Library/Class/CDC/Src/usbd_cdc.o
 .ARM.attributes
                0x0000041f       0x34 ./Middlewares/ST/STM32_USB_Device_Library/Core/Src/usbd_core.o
 .ARM.attributes
                0x00000453       0x34 ./Middlewares/ST/STM32_USB_Device_Library/Core/Src/usbd_ctlreq.o
 .ARM.attributes
                0x00000487       0x34 ./Middlewares/ST/STM32_USB_Device_Library/Core/Src/usbd_ioreq.o
 .ARM.attributes
                0x000004bb       0x34 ./Middlewares/Third_Party/FreeRTOS/Source/CMSIS_RTOS_V2/cmsis_os2.o
 .ARM.attributes
                0x000004ef       0x34 ./Middlewares/Third_Party/FreeRTOS/Source/list.o
 .ARM.attributes
                0x00000523       0x34 ./Middlewares/Third_Party/FreeRTOS/Source/queue.o
 .ARM.attributes
                0x00000557       0x34 ./Middlewares/Third_Party/FreeRTOS/Source/tasks.o
 .ARM.attributes
                0x0000058b       0x34 ./Middlewares/Third_Party/FreeRTOS/Source/timers.o
 .ARM.attributes
                0x000005bf       0x34 ./Middlewares/Third_Party/FreeRTOS/Source/portable/GCC/ARM_CM4F/port.o
 .ARM.attributes
                0x000005f3       0x34 ./Middlewares/Third_Party/FreeRTOS/Source/portable/MemMang/heap_4.o
 .ARM.attributes
                0x00000627       0x34 ./USB_DEVICE/App/usb_device.o
 .ARM.attributes