../Core/Src/main.c:136:5:main	8	static
../Core/Src/main.c:233:6:SystemClock_Config	88	static
../Core/Src/main.c:279:13:MX_ADC1_Init	24	static
../Core/Src/main.c:347:13:MX_CRC_Init	8	static
../Core/Src/main.c:373:13:MX_TIM1_Init	80	static
../Core/Src/main.c:450:13:MX_TIM2_Init	56	static
../Core/Src/main.c:499:13:MX_TIM3_Init	56	static
../Core/Src/main.c:548:13:MX_TIM4_Init	56	static
../Core/Src/main.c:597:13:MX_TIM7_Init	16	static
../Core/Src/main.c:633:13:MX_DMA_Init	16	static
../Core/Src/main.c:651:13:MX_GPIO_Init	56	static
../Core/Src/main.c:682:6:delay_us	16	static
../Core/Src/main.c:708:6:main_task	32	static
../Core/Src/main.c:789:6:pwm_task	16	static
../Core/Src/main.c:807:6:usb_task	16	static
../Core/Src/main.c:826:6:HAL_TIM_PeriodElapsedCallback	16	static
../Core/Src/main.c:844:6:Error_Handler	4	static,ignoring_inline_asm
