../Core/Src/main.c:120:5:main	8	static
../Core/Src/main.c:213:6:SystemClock_Config	88	static
../Core/Src/main.c:259:13:MX_ADC1_Init	24	static
../Core/Src/main.c:327:13:MX_TIM1_Init	80	static
../Core/Src/main.c:404:13:MX_TIM2_Init	56	static
../Core/Src/main.c:453:13:MX_TIM3_Init	56	static
../Core/Src/main.c:502:13:MX_TIM7_Init	16	static
../Core/Src/main.c:538:13:MX_DMA_Init	16	static
../Core/Src/main.c:556:13:MX_GPIO_Init	48	static
../Core/Src/main.c:586:6:delay_us	16	static
../Core/Src/main.c:600:6:main_task	160	static
../Core/Src/main.c:639:6:pwm_task	16	static
../Core/Src/main.c:659:6:HAL_TIM_PeriodElapsedCallback	16	static
../Core/Src/main.c:677:6:Error_Handler	4	static,ignoring_inline_asm
